[1.170s] Invoking command in '/home/jiil/ur_ws/build/sensor_msgs_py': AMENT_PREFIX_PATH=/home/jiil/ur_ws/install/sensor_msgs:/home/jiil/ur_ws/install/geometry_msgs:/home/jiil/ur_ws/install/std_msgs:${AMENT_PREFIX_PATH} CMAKE_PREFIX_PATH=/home/jiil/ur_ws/install/sensor_msgs:/home/jiil/ur_ws/install/geometry_msgs:/home/jiil/ur_ws/install/std_msgs:${CMAKE_PREFIX_PATH} DEBUGINFOD_URLS=https://debuginfod.ubuntu.com LD_LIBRARY_PATH=/home/jiil/ur_ws/install/sensor_msgs/lib:/home/jiil/ur_ws/install/geometry_msgs/lib:/home/jiil/ur_ws/install/std_msgs/lib:${LD_LIBRARY_PATH} PYTHONPATH=/home/jiil/ur_ws/build/sensor_msgs_py/prefix_override:/usr/lib/python3/dist-packages/colcon_core/task/python/colcon_distutils_commands:/home/jiil/ur_ws/install/sensor_msgs_py/lib/python3.12/site-packages:/home/jiil/ur_ws/install/sensor_msgs/local/lib/python3.12/dist-packages:/home/jiil/ur_ws/install/geometry_msgs/local/lib/python3.12/dist-packages:/home/jiil/ur_ws/install/std_msgs/local/lib/python3.12/dist-packages:${PYTHONPATH} /usr/bin/python3 -W ignore:setup.py install is deprecated -W ignore:easy_install command is deprecated setup.py develop --editable --build-directory /home/jiil/ur_ws/build/sensor_msgs_py/build --no-deps symlink_data
[1.598s] running develop
[1.783s] running egg_info
[1.784s] creating sensor_msgs_py.egg-info
[1.803s] writing sensor_msgs_py.egg-info/PKG-INFO
[1.803s] writing dependency_links to sensor_msgs_py.egg-info/dependency_links.txt
[1.803s] writing requirements to sensor_msgs_py.egg-info/requires.txt
[1.803s] writing top-level names to sensor_msgs_py.egg-info/top_level.txt
[1.803s] writing manifest file 'sensor_msgs_py.egg-info/SOURCES.txt'
[1.841s] reading manifest file 'sensor_msgs_py.egg-info/SOURCES.txt'
[1.841s] writing manifest file 'sensor_msgs_py.egg-info/SOURCES.txt'
[1.888s] running build_ext
[1.888s] Creating /home/jiil/ur_ws/install/sensor_msgs_py/lib/python3.12/site-packages/sensor-msgs-py.egg-link (link to .)
[1.888s] 
[1.889s] Installed /home/jiil/ur_ws/build/sensor_msgs_py
[1.889s] running symlink_data
[1.889s] creating /home/jiil/ur_ws/install/sensor_msgs_py/share/ament_index
[1.889s] creating /home/jiil/ur_ws/install/sensor_msgs_py/share/ament_index/resource_index
[1.889s] creating /home/jiil/ur_ws/install/sensor_msgs_py/share/ament_index/resource_index/packages
[1.889s] symbolically linking /home/jiil/ur_ws/build/sensor_msgs_py/resource/sensor_msgs_py -> /home/jiil/ur_ws/install/sensor_msgs_py/share/ament_index/resource_index/packages
[1.889s] symbolically linking /home/jiil/ur_ws/build/sensor_msgs_py/package.xml -> /home/jiil/ur_ws/install/sensor_msgs_py/share/sensor_msgs_py
[1.931s] Invoked command in '/home/jiil/ur_ws/build/sensor_msgs_py' returned '0': AMENT_PREFIX_PATH=/home/jiil/ur_ws/install/sensor_msgs:/home/jiil/ur_ws/install/geometry_msgs:/home/jiil/ur_ws/install/std_msgs:${AMENT_PREFIX_PATH} CMAKE_PREFIX_PATH=/home/jiil/ur_ws/install/sensor_msgs:/home/jiil/ur_ws/install/geometry_msgs:/home/jiil/ur_ws/install/std_msgs:${CMAKE_PREFIX_PATH} DEBUGINFOD_URLS=https://debuginfod.ubuntu.com LD_LIBRARY_PATH=/home/jiil/ur_ws/install/sensor_msgs/lib:/home/jiil/ur_ws/install/geometry_msgs/lib:/home/jiil/ur_ws/install/std_msgs/lib:${LD_LIBRARY_PATH} PYTHONPATH=/home/jiil/ur_ws/build/sensor_msgs_py/prefix_override:/usr/lib/python3/dist-packages/colcon_core/task/python/colcon_distutils_commands:/home/jiil/ur_ws/install/sensor_msgs_py/lib/python3.12/site-packages:/home/jiil/ur_ws/install/sensor_msgs/local/lib/python3.12/dist-packages:/home/jiil/ur_ws/install/geometry_msgs/local/lib/python3.12/dist-packages:/home/jiil/ur_ws/install/std_msgs/local/lib/python3.12/dist-packages:${PYTHONPATH} /usr/bin/python3 -W ignore:setup.py install is deprecated -W ignore:easy_install command is deprecated setup.py develop --editable --build-directory /home/jiil/ur_ws/build/sensor_msgs_py/build --no-deps symlink_data
