-- The C compiler identification is GNU 13.3.0
-- The CXX compiler identification is GNU 13.3.0
-- Detecting C compiler ABI info
-- Detecting C compiler ABI info - done
-- Check for working C compiler: /usr/bin/cc - skipped
-- Detecting C compile features
-- Detecting C compile features - done
-- Detecting CXX compiler ABI info
-- Detecting CXX compiler ABI info - done
-- Check for working CXX compiler: /usr/bin/c++ - skipped
-- Detecting CXX compile features
-- Detecting CXX compile features - done
-- Found ament_cmake: 1.3.12 (/home/jiil/ros2_humble/install/ament_cmake/share/ament_cmake/cmake)
-- Found Python3: /usr/bin/python3 (found version "3.12.3") found components: Interpreter 
-- Override CMake install command with custom implementation using symlinks instead of copying resources
-- Found rosidl_default_generators: 1.2.0 (/home/jiil/ros2_humble/install/rosidl_default_generators/share/rosidl_default_generators/cmake)
-- Using all available rosidl_typesupport_c: rosidl_typesupport_introspection_c;rosidl_typesupport_fastrtps_c
-- Found rosidl_adapter: 3.1.7 (/home/jiil/ros2_humble/install/rosidl_adapter/share/rosidl_adapter/cmake)
-- Using all available rosidl_typesupport_cpp: rosidl_typesupport_introspection_cpp;rosidl_typesupport_fastrtps_cpp
-- Found ament_cmake_cppcheck: 0.12.14 (/home/jiil/ros2_humble/install/ament_cmake_cppcheck/share/ament_cmake_cppcheck/cmake)
-- Found ament_cmake_cpplint: 0.12.14 (/home/jiil/ros2_humble/install/ament_cmake_cpplint/share/ament_cmake_cpplint/cmake)
-- Found ament_cmake_uncrustify: 0.12.14 (/home/jiil/ros2_humble/install/ament_cmake_uncrustify/share/ament_cmake_uncrustify/cmake)
-- Found ament_cmake_ros: 0.10.0 (/home/jiil/ros2_humble/install/ament_cmake_ros/share/ament_cmake_ros/cmake)
-- Using all available rosidl_typesupport_c: rosidl_typesupport_introspection_c;rosidl_typesupport_fastrtps_c
-- Using all available rosidl_typesupport_cpp: rosidl_typesupport_introspection_cpp;rosidl_typesupport_fastrtps_cpp
[33mCMake Warning (dev) at /home/jiil/ros2_humble/install/rosidl_generator_py/share/rosidl_generator_py/cmake/rosidl_generator_py_generate_interfaces.cmake:20 (find_package):
  Policy CMP0148 is not set: The FindPythonInterp and FindPythonLibs modules
  are removed.  Run "cmake --help-policy CMP0148" for policy details.  Use
  the cmake_policy command to set the policy and suppress this warning.

Call Stack (most recent call first):
  /home/jiil/ros2_humble/install/ament_cmake_core/share/ament_cmake_core/cmake/core/ament_execute_extensions.cmake:48 (include)
  /home/jiil/ros2_humble/install/rosidl_cmake/share/rosidl_cmake/cmake/rosidl_generate_interfaces.cmake:286 (ament_execute_extensions)
  CMakeLists.txt:21 (rosidl_generate_interfaces)
This warning is for project developers.  Use -Wno-dev to suppress it.
[0m
-- Found PythonInterp: /usr/bin/python3 (found suitable version "3.12.3", minimum required is "3.6") 
-- Found python_cmake_module: 0.10.0 (/home/jiil/ros2_humble/install/python_cmake_module/share/python_cmake_module/cmake)
[33mCMake Warning (dev) at /home/jiil/ros2_humble/install/python_cmake_module/share/python_cmake_module/cmake/Modules/FindPythonExtra.cmake:52 (find_package):
  Policy CMP0148 is not set: The FindPythonInterp and FindPythonLibs modules
  are removed.  Run "cmake --help-policy CMP0148" for policy details.  Use
  the cmake_policy command to set the policy and suppress this warning.

Call Stack (most recent call first):
  /home/jiil/ros2_humble/install/rosidl_generator_py/share/rosidl_generator_py/cmake/rosidl_generator_py_generate_interfaces.cmake:23 (find_package)
  /home/jiil/ros2_humble/install/ament_cmake_core/share/ament_cmake_core/cmake/core/ament_execute_extensions.cmake:48 (include)
  /home/jiil/ros2_humble/install/rosidl_cmake/share/rosidl_cmake/cmake/rosidl_generate_interfaces.cmake:286 (ament_execute_extensions)
  CMakeLists.txt:21 (rosidl_generate_interfaces)
This warning is for project developers.  Use -Wno-dev to suppress it.
[0m
[33mCMake Warning (dev) at /home/jiil/ros2_humble/install/python_cmake_module/share/python_cmake_module/cmake/Modules/FindPythonExtra.cmake:140 (find_package):
  Policy CMP0148 is not set: The FindPythonInterp and FindPythonLibs modules
  are removed.  Run "cmake --help-policy CMP0148" for policy details.  Use
  the cmake_policy command to set the policy and suppress this warning.

Call Stack (most recent call first):
  /home/jiil/ros2_humble/install/rosidl_generator_py/share/rosidl_generator_py/cmake/rosidl_generator_py_generate_interfaces.cmake:23 (find_package)
  /home/jiil/ros2_humble/install/ament_cmake_core/share/ament_cmake_core/cmake/core/ament_execute_extensions.cmake:48 (include)
  /home/jiil/ros2_humble/install/rosidl_cmake/share/rosidl_cmake/cmake/rosidl_generate_interfaces.cmake:286 (ament_execute_extensions)
  CMakeLists.txt:21 (rosidl_generate_interfaces)
This warning is for project developers.  Use -Wno-dev to suppress it.
[0m
-- Found PythonLibs: /usr/lib/x86_64-linux-gnu/libpython3.12.so (found suitable version "3.12.3", minimum required is "3.5") 
-- Using PYTHON_EXECUTABLE: /usr/bin/python3
-- Using PYTHON_INCLUDE_DIRS: /usr/include/python3.12
-- Using PYTHON_LIBRARIES: /usr/lib/x86_64-linux-gnu/libpython3.12.so
-- Found PythonExtra: .so  
-- Using numpy include directory: /usr/lib/python3/dist-packages/numpy/core/include
-- Found ament_cmake_flake8: 0.12.14 (/home/jiil/ros2_humble/install/ament_cmake_flake8/share/ament_cmake_flake8/cmake)
-- Found ament_cmake_pep257: 0.12.14 (/home/jiil/ros2_humble/install/ament_cmake_pep257/share/ament_cmake_pep257/cmake)
-- Configuring done (2.4s)
-- Generating done (0.0s)
-- Build files have been written to: /home/jiil/ur_ws/build/std_srvs
[  2%] [34m[1mGenerating C code for ROS interfaces[0m
[  4%] [34m[1mGenerating C++ code for ROS interfaces[0m
[  4%] Built target ament_cmake_python_symlink_std_srvs
running egg_info
creating std_srvs.egg-info
writing std_srvs.egg-info/PKG-INFO
writing dependency_links to std_srvs.egg-info/dependency_links.txt
writing top-level names to std_srvs.egg-info/top_level.txt
writing manifest file 'std_srvs.egg-info/SOURCES.txt'
[  6%] [32mBuilding C object CMakeFiles/std_srvs__rosidl_generator_c.dir/rosidl_generator_c/std_srvs/srv/detail/empty__functions.c.o[0m
[  8%] [32mBuilding C object CMakeFiles/std_srvs__rosidl_generator_c.dir/rosidl_generator_c/std_srvs/srv/detail/set_bool__functions.c.o[0m
reading manifest file 'std_srvs.egg-info/SOURCES.txt'
[ 10%] [32mBuilding C object CMakeFiles/std_srvs__rosidl_generator_c.dir/rosidl_generator_c/std_srvs/srv/detail/trigger__functions.c.o[0m
writing manifest file 'std_srvs.egg-info/SOURCES.txt'
[ 10%] Built target std_srvs__cpp
[ 17%] [34m[1mGenerating C++ introspection for ROS interfaces[0m
[ 17%] [34m[1mGenerating C++ type support for eProsima Fast-RTPS[0m
[ 17%] [34m[1mGenerating C++ type support dispatch for ROS interfaces[0m
[ 17%] Built target ament_cmake_python_build_std_srvs_egg
[ 19%] [32m[1mLinking C shared library libstd_srvs__rosidl_generator_c.so[0m
[ 19%] Built target std_srvs__rosidl_generator_c
[ 21%] [34m[1mGenerating C introspection for ROS interfaces[0m
[ 25%] [34m[1mGenerating C type support dispatch for ROS interfaces[0m
[ 25%] [34m[1mGenerating C type support for eProsima Fast-RTPS[0m
[ 27%] [32mBuilding CXX object CMakeFiles/std_srvs__rosidl_typesupport_cpp.dir/rosidl_typesupport_cpp/std_srvs/srv/empty__type_support.cpp.o[0m
[ 29%] [32mBuilding CXX object CMakeFiles/std_srvs__rosidl_typesupport_cpp.dir/rosidl_typesupport_cpp/std_srvs/srv/set_bool__type_support.cpp.o[0m
[ 31%] [32mBuilding CXX object CMakeFiles/std_srvs__rosidl_typesupport_cpp.dir/rosidl_typesupport_cpp/std_srvs/srv/trigger__type_support.cpp.o[0m
[ 34%] [32mBuilding CXX object CMakeFiles/std_srvs__rosidl_typesupport_introspection_cpp.dir/rosidl_typesupport_introspection_cpp/std_srvs/srv/detail/empty__type_support.cpp.o[0m
[ 36%] [32mBuilding CXX object CMakeFiles/std_srvs__rosidl_typesupport_introspection_cpp.dir/rosidl_typesupport_introspection_cpp/std_srvs/srv/detail/trigger__type_support.cpp.o[0m
[ 38%] [32mBuilding CXX object CMakeFiles/std_srvs__rosidl_typesupport_introspection_cpp.dir/rosidl_typesupport_introspection_cpp/std_srvs/srv/detail/set_bool__type_support.cpp.o[0m
[ 40%] [32mBuilding CXX object CMakeFiles/std_srvs__rosidl_typesupport_fastrtps_cpp.dir/rosidl_typesupport_fastrtps_cpp/std_srvs/srv/detail/dds_fastrtps/empty__type_support.cpp.o[0m
[ 42%] [32mBuilding CXX object CMakeFiles/std_srvs__rosidl_typesupport_fastrtps_cpp.dir/rosidl_typesupport_fastrtps_cpp/std_srvs/srv/detail/dds_fastrtps/trigger__type_support.cpp.o[0m
[ 44%] [32mBuilding CXX object CMakeFiles/std_srvs__rosidl_typesupport_fastrtps_cpp.dir/rosidl_typesupport_fastrtps_cpp/std_srvs/srv/detail/dds_fastrtps/set_bool__type_support.cpp.o[0m
[ 46%] [32m[1mLinking CXX shared library libstd_srvs__rosidl_typesupport_cpp.so[0m
[ 48%] [32mBuilding CXX object CMakeFiles/std_srvs__rosidl_typesupport_c.dir/rosidl_typesupport_c/std_srvs/srv/empty__type_support.cpp.o[0m
[ 51%] [32mBuilding CXX object CMakeFiles/std_srvs__rosidl_typesupport_c.dir/rosidl_typesupport_c/std_srvs/srv/set_bool__type_support.cpp.o[0m
[ 51%] Built target std_srvs__rosidl_typesupport_cpp
[ 53%] [32mBuilding CXX object CMakeFiles/std_srvs__rosidl_typesupport_c.dir/rosidl_typesupport_c/std_srvs/srv/trigger__type_support.cpp.o[0m
[ 57%] [32mBuilding C object CMakeFiles/std_srvs__rosidl_typesupport_introspection_c.dir/rosidl_typesupport_introspection_c/std_srvs/srv/detail/set_bool__type_support.c.o[0m
[ 57%] [32mBuilding C object CMakeFiles/std_srvs__rosidl_typesupport_introspection_c.dir/rosidl_typesupport_introspection_c/std_srvs/srv/detail/empty__type_support.c.o[0m
[ 59%] [32mBuilding C object CMakeFiles/std_srvs__rosidl_typesupport_introspection_c.dir/rosidl_typesupport_introspection_c/std_srvs/srv/detail/trigger__type_support.c.o[0m
[ 61%] [32m[1mLinking CXX shared library libstd_srvs__rosidl_typesupport_c.so[0m
[ 65%] [32mBuilding CXX object CMakeFiles/std_srvs__rosidl_typesupport_fastrtps_c.dir/rosidl_typesupport_fastrtps_c/std_srvs/srv/detail/empty__type_support_c.cpp.o[0m
[ 65%] [32mBuilding CXX object CMakeFiles/std_srvs__rosidl_typesupport_fastrtps_c.dir/rosidl_typesupport_fastrtps_c/std_srvs/srv/detail/trigger__type_support_c.cpp.o[0m
[ 68%] [32m[1mLinking CXX shared library libstd_srvs__rosidl_typesupport_introspection_cpp.so[0m
[ 70%] [32mBuilding CXX object CMakeFiles/std_srvs__rosidl_typesupport_fastrtps_c.dir/rosidl_typesupport_fastrtps_c/std_srvs/srv/detail/set_bool__type_support_c.cpp.o[0m
[ 72%] [32m[1mLinking C shared library libstd_srvs__rosidl_typesupport_introspection_c.so[0m
[ 72%] Built target std_srvs__rosidl_typesupport_c
[ 72%] Built target std_srvs__rosidl_typesupport_introspection_c
[ 72%] Built target std_srvs__rosidl_typesupport_introspection_cpp
[ 74%] [32m[1mLinking CXX shared library libstd_srvs__rosidl_typesupport_fastrtps_cpp.so[0m
[ 74%] Built target std_srvs__rosidl_typesupport_fastrtps_cpp
[ 76%] [32m[1mLinking CXX shared library libstd_srvs__rosidl_typesupport_fastrtps_c.so[0m
[ 76%] Built target std_srvs__rosidl_typesupport_fastrtps_c
[ 76%] Built target std_srvs
[ 78%] [34m[1mGenerating Python code for ROS interfaces[0m
[ 78%] Built target std_srvs__py
[ 80%] [32mBuilding C object CMakeFiles/std_srvs__rosidl_generator_py.dir/rosidl_generator_py/std_srvs/srv/_set_bool_s.c.o[0m
[ 82%] [32mBuilding C object CMakeFiles/std_srvs__rosidl_generator_py.dir/rosidl_generator_py/std_srvs/srv/_empty_s.c.o[0m
[ 85%] [32mBuilding C object CMakeFiles/std_srvs__rosidl_generator_py.dir/rosidl_generator_py/std_srvs/srv/_trigger_s.c.o[0m
[ 87%] [32m[1mLinking C shared library rosidl_generator_py/std_srvs/libstd_srvs__rosidl_generator_py.so[0m
[ 87%] Built target std_srvs__rosidl_generator_py
[ 89%] [32mBuilding C object CMakeFiles/std_srvs__rosidl_typesupport_c__pyext.dir/rosidl_generator_py/std_srvs/_std_srvs_s.ep.rosidl_typesupport_c.c.o[0m
[ 91%] [32mBuilding C object CMakeFiles/std_srvs__rosidl_typesupport_fastrtps_c__pyext.dir/rosidl_generator_py/std_srvs/_std_srvs_s.ep.rosidl_typesupport_fastrtps_c.c.o[0m
[ 93%] [32mBuilding C object CMakeFiles/std_srvs__rosidl_typesupport_introspection_c__pyext.dir/rosidl_generator_py/std_srvs/_std_srvs_s.ep.rosidl_typesupport_introspection_c.c.o[0m
[ 95%] [32m[1mLinking C shared library rosidl_generator_py/std_srvs/std_srvs_s__rosidl_typesupport_introspection_c.cpython-312-x86_64-linux-gnu.so[0m
[ 97%] [32m[1mLinking C shared library rosidl_generator_py/std_srvs/std_srvs_s__rosidl_typesupport_c.cpython-312-x86_64-linux-gnu.so[0m
[100%] [32m[1mLinking C shared library rosidl_generator_py/std_srvs/std_srvs_s__rosidl_typesupport_fastrtps_c.cpython-312-x86_64-linux-gnu.so[0m
[100%] Built target std_srvs__rosidl_typesupport_c__pyext
[100%] Built target std_srvs__rosidl_typesupport_introspection_c__pyext
[100%] Built target std_srvs__rosidl_typesupport_fastrtps_c__pyext
-- Install configuration: "Release"
-- Execute custom install script
-- Symlinking: /home/jiil/ur_ws/install/std_srvs/share/ament_index/resource_index/rosidl_interfaces/std_srvs
-- Symlinking: /home/jiil/ur_ws/install/std_srvs/include/std_srvs/std_srvs/msg/rosidl_generator_c__visibility_control.h
-- Symlinking: /home/jiil/ur_ws/install/std_srvs/include/std_srvs/std_srvs/srv/detail/empty__functions.h
-- Symlinking: /home/jiil/ur_ws/install/std_srvs/include/std_srvs/std_srvs/srv/detail/empty__struct.h
-- Symlinking: /home/jiil/ur_ws/install/std_srvs/include/std_srvs/std_srvs/srv/detail/empty__type_support.h
-- Symlinking: /home/jiil/ur_ws/install/std_srvs/include/std_srvs/std_srvs/srv/detail/set_bool__functions.h
-- Symlinking: /home/jiil/ur_ws/install/std_srvs/include/std_srvs/std_srvs/srv/detail/set_bool__struct.h
-- Symlinking: /home/jiil/ur_ws/install/std_srvs/include/std_srvs/std_srvs/srv/detail/set_bool__type_support.h
-- Symlinking: /home/jiil/ur_ws/install/std_srvs/include/std_srvs/std_srvs/srv/detail/trigger__functions.h
-- Symlinking: /home/jiil/ur_ws/install/std_srvs/include/std_srvs/std_srvs/srv/detail/trigger__struct.h
-- Symlinking: /home/jiil/ur_ws/install/std_srvs/include/std_srvs/std_srvs/srv/detail/trigger__type_support.h
-- Symlinking: /home/jiil/ur_ws/install/std_srvs/include/std_srvs/std_srvs/srv/empty.h
-- Symlinking: /home/jiil/ur_ws/install/std_srvs/include/std_srvs/std_srvs/srv/set_bool.h
-- Symlinking: /home/jiil/ur_ws/install/std_srvs/include/std_srvs/std_srvs/srv/trigger.h
-- Symlinking: /home/jiil/ur_ws/install/std_srvs/share/std_srvs/environment/library_path.sh
-- Symlinking: /home/jiil/ur_ws/install/std_srvs/share/std_srvs/environment/library_path.dsv
-- Symlinking: /home/jiil/ur_ws/install/std_srvs/include/std_srvs/std_srvs/msg/rosidl_typesupport_introspection_c__visibility_control.h
-- Symlinking: /home/jiil/ur_ws/install/std_srvs/include/std_srvs/std_srvs/srv/detail/empty__rosidl_typesupport_introspection_c.h
-- Symlinking: /home/jiil/ur_ws/install/std_srvs/include/std_srvs/std_srvs/srv/detail/set_bool__rosidl_typesupport_introspection_c.h
-- Symlinking: /home/jiil/ur_ws/install/std_srvs/include/std_srvs/std_srvs/srv/detail/trigger__rosidl_typesupport_introspection_c.h
-- Symlinking: /home/jiil/ur_ws/install/std_srvs/include/std_srvs/std_srvs/msg/rosidl_typesupport_fastrtps_c__visibility_control.h
-- Symlinking: /home/jiil/ur_ws/install/std_srvs/include/std_srvs/std_srvs/srv/detail/empty__rosidl_typesupport_fastrtps_c.h
-- Symlinking: /home/jiil/ur_ws/install/std_srvs/include/std_srvs/std_srvs/srv/detail/set_bool__rosidl_typesupport_fastrtps_c.h
-- Symlinking: /home/jiil/ur_ws/install/std_srvs/include/std_srvs/std_srvs/srv/detail/trigger__rosidl_typesupport_fastrtps_c.h
-- Symlinking: /home/jiil/ur_ws/install/std_srvs/include/std_srvs/std_srvs/msg/rosidl_generator_cpp__visibility_control.hpp
-- Symlinking: /home/jiil/ur_ws/install/std_srvs/include/std_srvs/std_srvs/srv/detail/empty__builder.hpp
-- Symlinking: /home/jiil/ur_ws/install/std_srvs/include/std_srvs/std_srvs/srv/detail/empty__struct.hpp
-- Symlinking: /home/jiil/ur_ws/install/std_srvs/include/std_srvs/std_srvs/srv/detail/empty__traits.hpp
-- Symlinking: /home/jiil/ur_ws/install/std_srvs/include/std_srvs/std_srvs/srv/detail/empty__type_support.hpp
-- Symlinking: /home/jiil/ur_ws/install/std_srvs/include/std_srvs/std_srvs/srv/detail/set_bool__builder.hpp
-- Symlinking: /home/jiil/ur_ws/install/std_srvs/include/std_srvs/std_srvs/srv/detail/set_bool__struct.hpp
-- Symlinking: /home/jiil/ur_ws/install/std_srvs/include/std_srvs/std_srvs/srv/detail/set_bool__traits.hpp
-- Symlinking: /home/jiil/ur_ws/install/std_srvs/include/std_srvs/std_srvs/srv/detail/set_bool__type_support.hpp
-- Symlinking: /home/jiil/ur_ws/install/std_srvs/include/std_srvs/std_srvs/srv/detail/trigger__builder.hpp
-- Symlinking: /home/jiil/ur_ws/install/std_srvs/include/std_srvs/std_srvs/srv/detail/trigger__struct.hpp
-- Symlinking: /home/jiil/ur_ws/install/std_srvs/include/std_srvs/std_srvs/srv/detail/trigger__traits.hpp
-- Symlinking: /home/jiil/ur_ws/install/std_srvs/include/std_srvs/std_srvs/srv/detail/trigger__type_support.hpp
-- Symlinking: /home/jiil/ur_ws/install/std_srvs/include/std_srvs/std_srvs/srv/empty.hpp
-- Symlinking: /home/jiil/ur_ws/install/std_srvs/include/std_srvs/std_srvs/srv/set_bool.hpp
-- Symlinking: /home/jiil/ur_ws/install/std_srvs/include/std_srvs/std_srvs/srv/trigger.hpp
-- Symlinking: /home/jiil/ur_ws/install/std_srvs/include/std_srvs/std_srvs/srv/detail/empty__rosidl_typesupport_introspection_cpp.hpp
-- Symlinking: /home/jiil/ur_ws/install/std_srvs/include/std_srvs/std_srvs/srv/detail/set_bool__rosidl_typesupport_introspection_cpp.hpp
-- Symlinking: /home/jiil/ur_ws/install/std_srvs/include/std_srvs/std_srvs/srv/detail/trigger__rosidl_typesupport_introspection_cpp.hpp
-- Symlinking: /home/jiil/ur_ws/install/std_srvs/include/std_srvs/std_srvs/msg/rosidl_typesupport_fastrtps_cpp__visibility_control.h
-- Symlinking: /home/jiil/ur_ws/install/std_srvs/include/std_srvs/std_srvs/srv/detail/empty__rosidl_typesupport_fastrtps_cpp.hpp
-- Symlinking: /home/jiil/ur_ws/install/std_srvs/include/std_srvs/std_srvs/srv/detail/set_bool__rosidl_typesupport_fastrtps_cpp.hpp
-- Symlinking: /home/jiil/ur_ws/install/std_srvs/include/std_srvs/std_srvs/srv/detail/trigger__rosidl_typesupport_fastrtps_cpp.hpp
-- Symlinking: /home/jiil/ur_ws/install/std_srvs/share/std_srvs/environment/pythonpath.sh
-- Symlinking: /home/jiil/ur_ws/install/std_srvs/share/std_srvs/environment/pythonpath.dsv
-- Symlinking: /home/jiil/ur_ws/install/std_srvs/local/lib/python3.12/dist-packages/std_srvs-4.9.0-py3.12.egg-info/PKG-INFO
-- Symlinking: /home/jiil/ur_ws/install/std_srvs/local/lib/python3.12/dist-packages/std_srvs-4.9.0-py3.12.egg-info/SOURCES.txt
-- Symlinking: /home/jiil/ur_ws/install/std_srvs/local/lib/python3.12/dist-packages/std_srvs-4.9.0-py3.12.egg-info/dependency_links.txt
-- Symlinking: /home/jiil/ur_ws/install/std_srvs/local/lib/python3.12/dist-packages/std_srvs-4.9.0-py3.12.egg-info/top_level.txt
-- Symlinking: /home/jiil/ur_ws/install/std_srvs/local/lib/python3.12/dist-packages/std_srvs/__init__.py
-- Symlinking: /home/jiil/ur_ws/install/std_srvs/local/lib/python3.12/dist-packages/std_srvs/_std_srvs_s.ep.rosidl_typesupport_c.c
-- Symlinking: /home/jiil/ur_ws/install/std_srvs/local/lib/python3.12/dist-packages/std_srvs/_std_srvs_s.ep.rosidl_typesupport_fastrtps_c.c
-- Symlinking: /home/jiil/ur_ws/install/std_srvs/local/lib/python3.12/dist-packages/std_srvs/_std_srvs_s.ep.rosidl_typesupport_introspection_c.c
-- Symlinking: /home/jiil/ur_ws/install/std_srvs/local/lib/python3.12/dist-packages/std_srvs/libstd_srvs__rosidl_generator_py.so
-- Symlinking: /home/jiil/ur_ws/install/std_srvs/local/lib/python3.12/dist-packages/std_srvs/srv/__init__.py
-- Symlinking: /home/jiil/ur_ws/install/std_srvs/local/lib/python3.12/dist-packages/std_srvs/srv/_empty.py
-- Symlinking: /home/jiil/ur_ws/install/std_srvs/local/lib/python3.12/dist-packages/std_srvs/srv/_empty_s.c
-- Symlinking: /home/jiil/ur_ws/install/std_srvs/local/lib/python3.12/dist-packages/std_srvs/srv/_set_bool.py
-- Symlinking: /home/jiil/ur_ws/install/std_srvs/local/lib/python3.12/dist-packages/std_srvs/srv/_set_bool_s.c
-- Symlinking: /home/jiil/ur_ws/install/std_srvs/local/lib/python3.12/dist-packages/std_srvs/srv/_trigger.py
-- Symlinking: /home/jiil/ur_ws/install/std_srvs/local/lib/python3.12/dist-packages/std_srvs/srv/_trigger_s.c
-- Symlinking: /home/jiil/ur_ws/install/std_srvs/local/lib/python3.12/dist-packages/std_srvs/std_srvs_s__rosidl_typesupport_c.cpython-312-x86_64-linux-gnu.so
-- Symlinking: /home/jiil/ur_ws/install/std_srvs/local/lib/python3.12/dist-packages/std_srvs/std_srvs_s__rosidl_typesupport_fastrtps_c.cpython-312-x86_64-linux-gnu.so
-- Symlinking: /home/jiil/ur_ws/install/std_srvs/local/lib/python3.12/dist-packages/std_srvs/std_srvs_s__rosidl_typesupport_introspection_c.cpython-312-x86_64-linux-gnu.so
-- Up-to-date symlink: /home/jiil/ur_ws/install/std_srvs/local/lib/python3.12/dist-packages/std_srvs/std_srvs_s__rosidl_typesupport_introspection_c.cpython-312-x86_64-linux-gnu.so
-- Up-to-date symlink: /home/jiil/ur_ws/install/std_srvs/local/lib/python3.12/dist-packages/std_srvs/std_srvs_s__rosidl_typesupport_fastrtps_c.cpython-312-x86_64-linux-gnu.so
-- Up-to-date symlink: /home/jiil/ur_ws/install/std_srvs/local/lib/python3.12/dist-packages/std_srvs/std_srvs_s__rosidl_typesupport_c.cpython-312-x86_64-linux-gnu.so
-- Symlinking: /home/jiil/ur_ws/install/std_srvs/share/std_srvs/srv/Empty.idl
-- Symlinking: /home/jiil/ur_ws/install/std_srvs/share/std_srvs/srv/SetBool.idl
-- Symlinking: /home/jiil/ur_ws/install/std_srvs/share/std_srvs/srv/Trigger.idl
-- Symlinking: /home/jiil/ur_ws/install/std_srvs/share/std_srvs/srv/Empty.srv
-- Symlinking: /home/jiil/ur_ws/install/std_srvs/share/std_srvs/srv/Empty_Request.msg
-- Symlinking: /home/jiil/ur_ws/install/std_srvs/share/std_srvs/srv/Empty_Response.msg
-- Symlinking: /home/jiil/ur_ws/install/std_srvs/share/std_srvs/srv/SetBool.srv
-- Symlinking: /home/jiil/ur_ws/install/std_srvs/share/std_srvs/srv/SetBool_Request.msg
-- Symlinking: /home/jiil/ur_ws/install/std_srvs/share/std_srvs/srv/SetBool_Response.msg
-- Symlinking: /home/jiil/ur_ws/install/std_srvs/share/std_srvs/srv/Trigger.srv
-- Symlinking: /home/jiil/ur_ws/install/std_srvs/share/std_srvs/srv/Trigger_Request.msg
-- Symlinking: /home/jiil/ur_ws/install/std_srvs/share/std_srvs/srv/Trigger_Response.msg
-- Symlinking: /home/jiil/ur_ws/install/std_srvs/share/ament_index/resource_index/package_run_dependencies/std_srvs
-- Symlinking: /home/jiil/ur_ws/install/std_srvs/share/ament_index/resource_index/parent_prefix_path/std_srvs
-- Symlinking: /home/jiil/ur_ws/install/std_srvs/share/std_srvs/environment/ament_prefix_path.sh
-- Symlinking: /home/jiil/ur_ws/install/std_srvs/share/std_srvs/environment/ament_prefix_path.dsv
-- Symlinking: /home/jiil/ur_ws/install/std_srvs/share/std_srvs/environment/path.sh
-- Symlinking: /home/jiil/ur_ws/install/std_srvs/share/std_srvs/environment/path.dsv
-- Symlinking: /home/jiil/ur_ws/install/std_srvs/share/std_srvs/local_setup.bash
-- Symlinking: /home/jiil/ur_ws/install/std_srvs/share/std_srvs/local_setup.sh
-- Symlinking: /home/jiil/ur_ws/install/std_srvs/share/std_srvs/local_setup.zsh
-- Symlinking: /home/jiil/ur_ws/install/std_srvs/share/std_srvs/local_setup.dsv
-- Symlinking: /home/jiil/ur_ws/install/std_srvs/share/std_srvs/package.dsv
-- Symlinking: /home/jiil/ur_ws/install/std_srvs/share/ament_index/resource_index/packages/std_srvs
-- Symlinking: /home/jiil/ur_ws/install/std_srvs/share/std_srvs/cmake/rosidl_cmake-extras.cmake
-- Symlinking: /home/jiil/ur_ws/install/std_srvs/share/std_srvs/cmake/ament_cmake_export_include_directories-extras.cmake
-- Symlinking: /home/jiil/ur_ws/install/std_srvs/share/std_srvs/cmake/ament_cmake_export_libraries-extras.cmake
-- Symlinking: /home/jiil/ur_ws/install/std_srvs/share/std_srvs/cmake/ament_cmake_export_targets-extras.cmake
-- Symlinking: /home/jiil/ur_ws/install/std_srvs/share/std_srvs/cmake/rosidl_cmake_export_typesupport_targets-extras.cmake
-- Symlinking: /home/jiil/ur_ws/install/std_srvs/share/std_srvs/cmake/ament_cmake_export_dependencies-extras.cmake
-- Symlinking: /home/jiil/ur_ws/install/std_srvs/share/std_srvs/cmake/rosidl_cmake_export_typesupport_libraries-extras.cmake
-- Symlinking: /home/jiil/ur_ws/install/std_srvs/share/std_srvs/cmake/std_srvsConfig.cmake
-- Symlinking: /home/jiil/ur_ws/install/std_srvs/share/std_srvs/cmake/std_srvsConfig-version.cmake
-- Symlinking: /home/jiil/ur_ws/install/std_srvs/share/std_srvs/package.xml
-- Installing: /home/jiil/ur_ws/install/std_srvs/lib/libstd_srvs__rosidl_generator_c.so
-- Set non-toolchain portion of runtime path of "/home/jiil/ur_ws/install/std_srvs/lib/libstd_srvs__rosidl_generator_c.so" to ""
-- Installing: /home/jiil/ur_ws/install/std_srvs/lib/libstd_srvs__rosidl_typesupport_introspection_c.so
-- Set non-toolchain portion of runtime path of "/home/jiil/ur_ws/install/std_srvs/lib/libstd_srvs__rosidl_typesupport_introspection_c.so" to ""
-- Installing: /home/jiil/ur_ws/install/std_srvs/lib/libstd_srvs__rosidl_typesupport_fastrtps_c.so
-- Set non-toolchain portion of runtime path of "/home/jiil/ur_ws/install/std_srvs/lib/libstd_srvs__rosidl_typesupport_fastrtps_c.so" to ""
-- Installing: /home/jiil/ur_ws/install/std_srvs/lib/libstd_srvs__rosidl_typesupport_c.so
-- Set non-toolchain portion of runtime path of "/home/jiil/ur_ws/install/std_srvs/lib/libstd_srvs__rosidl_typesupport_c.so" to ""
-- Installing: /home/jiil/ur_ws/install/std_srvs/lib/libstd_srvs__rosidl_typesupport_introspection_cpp.so
-- Set non-toolchain portion of runtime path of "/home/jiil/ur_ws/install/std_srvs/lib/libstd_srvs__rosidl_typesupport_introspection_cpp.so" to ""
-- Installing: /home/jiil/ur_ws/install/std_srvs/lib/libstd_srvs__rosidl_typesupport_fastrtps_cpp.so
-- Set non-toolchain portion of runtime path of "/home/jiil/ur_ws/install/std_srvs/lib/libstd_srvs__rosidl_typesupport_fastrtps_cpp.so" to ""
-- Installing: /home/jiil/ur_ws/install/std_srvs/lib/libstd_srvs__rosidl_typesupport_cpp.so
-- Set non-toolchain portion of runtime path of "/home/jiil/ur_ws/install/std_srvs/lib/libstd_srvs__rosidl_typesupport_cpp.so" to ""
Listing '/home/jiil/ur_ws/install/std_srvs/local/lib/python3.12/dist-packages/std_srvs'...
Compiling '/home/jiil/ur_ws/install/std_srvs/local/lib/python3.12/dist-packages/std_srvs/__init__.py'...
Listing '/home/jiil/ur_ws/install/std_srvs/local/lib/python3.12/dist-packages/std_srvs/srv'...
Compiling '/home/jiil/ur_ws/install/std_srvs/local/lib/python3.12/dist-packages/std_srvs/srv/__init__.py'...
Compiling '/home/jiil/ur_ws/install/std_srvs/local/lib/python3.12/dist-packages/std_srvs/srv/_empty.py'...
Compiling '/home/jiil/ur_ws/install/std_srvs/local/lib/python3.12/dist-packages/std_srvs/srv/_set_bool.py'...
Compiling '/home/jiil/ur_ws/install/std_srvs/local/lib/python3.12/dist-packages/std_srvs/srv/_trigger.py'...
-- Installing: /home/jiil/ur_ws/install/std_srvs/lib/libstd_srvs__rosidl_generator_py.so
-- Set non-toolchain portion of runtime path of "/home/jiil/ur_ws/install/std_srvs/lib/libstd_srvs__rosidl_generator_py.so" to ""
-- Installing: /home/jiil/ur_ws/install/std_srvs/share/std_srvs/cmake/export_std_srvs__rosidl_generator_cExport.cmake
-- Installing: /home/jiil/ur_ws/install/std_srvs/share/std_srvs/cmake/export_std_srvs__rosidl_generator_cExport-release.cmake
-- Installing: /home/jiil/ur_ws/install/std_srvs/share/std_srvs/cmake/std_srvs__rosidl_typesupport_introspection_cExport.cmake
-- Installing: /home/jiil/ur_ws/install/std_srvs/share/std_srvs/cmake/std_srvs__rosidl_typesupport_introspection_cExport-release.cmake
-- Installing: /home/jiil/ur_ws/install/std_srvs/share/std_srvs/cmake/export_std_srvs__rosidl_typesupport_fastrtps_cExport.cmake
-- Installing: /home/jiil/ur_ws/install/std_srvs/share/std_srvs/cmake/export_std_srvs__rosidl_typesupport_fastrtps_cExport-release.cmake
-- Installing: /home/jiil/ur_ws/install/std_srvs/share/std_srvs/cmake/std_srvs__rosidl_typesupport_cExport.cmake
-- Installing: /home/jiil/ur_ws/install/std_srvs/share/std_srvs/cmake/std_srvs__rosidl_typesupport_cExport-release.cmake
-- Installing: /home/jiil/ur_ws/install/std_srvs/share/std_srvs/cmake/export_std_srvs__rosidl_generator_cppExport.cmake
-- Installing: /home/jiil/ur_ws/install/std_srvs/share/std_srvs/cmake/std_srvs__rosidl_typesupport_introspection_cppExport.cmake
-- Installing: /home/jiil/ur_ws/install/std_srvs/share/std_srvs/cmake/std_srvs__rosidl_typesupport_introspection_cppExport-release.cmake
-- Installing: /home/jiil/ur_ws/install/std_srvs/share/std_srvs/cmake/export_std_srvs__rosidl_typesupport_fastrtps_cppExport.cmake
-- Installing: /home/jiil/ur_ws/install/std_srvs/share/std_srvs/cmake/export_std_srvs__rosidl_typesupport_fastrtps_cppExport-release.cmake
-- Installing: /home/jiil/ur_ws/install/std_srvs/share/std_srvs/cmake/std_srvs__rosidl_typesupport_cppExport.cmake
-- Installing: /home/jiil/ur_ws/install/std_srvs/share/std_srvs/cmake/std_srvs__rosidl_typesupport_cppExport-release.cmake
-- Installing: /home/jiil/ur_ws/install/std_srvs/share/std_srvs/cmake/export_std_srvs__rosidl_generator_pyExport.cmake
-- Installing: /home/jiil/ur_ws/install/std_srvs/share/std_srvs/cmake/export_std_srvs__rosidl_generator_pyExport-release.cmake
