[0.012s] Invoking command in '/home/jiil/ur_ws/build/std_srvs': CMAKE_PREFIX_PATH=${CMAKE_PREFIX_PATH}:/home/jiil/ros2_humble/install/rqt_bag_plugins:/home/jiil/ros2_humble/install/rqt_bag:/home/jiil/ros2_humble/install/launch_testing_examples:/home/jiil/ros2_humble/install/ros2bag:/home/jiil/ros2_humble/install/tracetools_test:/home/jiil/ros2_humble/install/tracetools_launch:/home/jiil/ros2_humble/install/topic_monitor:/home/jiil/ros2_humble/install/tf2_tools:/home/jiil/ros2_humble/install/examples_tf2_py:/home/jiil/ros2_humble/install/tf2_ros_py:/home/jiil/ros2_humble/install/sros2:/home/jiil/ros2_humble/install/rqt_topic:/home/jiil/ros2_humble/install/rqt_srv:/home/jiil/ros2_humble/install/rqt_shell:/home/jiil/ros2_humble/install/rqt_service_caller:/home/jiil/ros2_humble/install/rqt_reconfigure:/home/jiil/ros2_humble/install/rqt_py_console:/home/jiil/ros2_humble/install/rqt_publisher:/home/jiil/ros2_humble/install/rqt_plot:/home/jiil/ros2_humble/install/rqt_action:/home/jiil/ros2_humble/install/rqt_msg:/home/jiil/ros2_humble/install/rqt_console:/home/jiil/ros2_humble/install/rqt:/home/jiil/ros2_humble/install/rqt_graph:/home/jiil/ros2_humble/install/rqt_gui_py:/home/jiil/ros2_humble/install/rqt_gui:/home/jiil/ros2_humble/install/ros2trace:/home/jiil/ros2_humble/install/ros2topic:/home/jiil/ros2_humble/install/ros2test:/home/jiil/ros2_humble/install/ros2component:/home/jiil/ros2_humble/install/ros2param:/home/jiil/ros2_humble/install/ros2lifecycle:/home/jiil/ros2_humble/install/ros2service:/home/jiil/ros2_humble/install/ros2run:/home/jiil/ros2_humble/install/ros2plugin:/home/jiil/ros2_humble/install/ros2launch:/home/jiil/ros2_humble/install/ros2pkg:/home/jiil/ros2_humble/install/ros2node:/home/jiil/ros2_humble/install/ros2multicast:/home/jiil/ros2_humble/install/ros2interface:/home/jiil/ros2_humble/install/ros2doctor:/home/jiil/ros2_humble/install/ros2action:/home/jiil/ros2_humble/install/ros2cli:/home/jiil/ros2_humble/install/quality_of_service_demo_py:/home/jiil/ros2_humble/install/lifecycle_py:/home/jiil/ros2_humble/install/launch_testing_ros:/home/jiil/ros2_humble/install/launch_ros:/home/jiil/ros2_humble/install/examples_rclpy_pointcloud_publisher:/home/jiil/ros2_humble/install/examples_rclpy_minimal_subscriber:/home/jiil/ros2_humble/install/examples_rclpy_minimal_service:/home/jiil/ros2_humble/install/examples_rclpy_minimal_publisher:/home/jiil/ros2_humble/install/examples_rclpy_minimal_client:/home/jiil/ros2_humble/install/examples_rclpy_minimal_action_server:/home/jiil/ros2_humble/install/examples_rclpy_minimal_action_client:/home/jiil/ros2_humble/install/examples_rclpy_guard_conditions:/home/jiil/ros2_humble/install/examples_rclpy_executors:/home/jiil/ros2_humble/install/demo_nodes_py:/home/jiil/ros2_humble/install/camera_info_manager_py:/home/jiil/ros2_humble/install/action_tutorials_py:/home/jiil/ros2_humble/install/ament_uncrustify:/home/jiil/ros2_humble/install/tracetools_trace:/home/jiil/ros2_humble/install/tracetools_read:/home/jiil/ros2_humble/install/test_tracetools_launch:/home/jiil/ros2_humble/install/test_launch_ros:/home/jiil/ros2_humble/install/sensor_msgs_py:/home/jiil/ros2_humble/install/rpyutils:/home/jiil/ros2_humble/install/rosidl_runtime_py:/home/jiil/ros2_humble/install/rosidl_cli:/home/jiil/ros2_humble/install/launch_pytest:/home/jiil/ros2_humble/install/launch_testing:/home/jiil/ros2_humble/install/launch_yaml:/home/jiil/ros2_humble/install/launch_xml:/home/jiil/ros2_humble/install/launch:/home/jiil/ros2_humble/install/osrf_pycommon:/home/jiil/ros2_humble/install/domain_coordinator:/home/jiil/ros2_humble/install/ament_xmllint:/home/jiil/ros2_humble/install/ament_pyflakes:/home/jiil/ros2_humble/install/ament_pycodestyle:/home/jiil/ros2_humble/install/ament_pep257:/home/jiil/ros2_humble/install/ament_pclint:/home/jiil/ros2_humble/install/ament_package:/home/jiil/ros2_humble/install/ament_mypy:/home/jiil/ros2_humble/install/ament_lint_cmake:/home/jiil/ros2_humble/install/ament_flake8:/home/jiil/ros2_humble/install/ament_copyright:/home/jiil/ros2_humble/install/ament_lint:/home/jiil/ros2_humble/install/ament_index_python:/home/jiil/ros2_humble/install/ament_cpplint:/home/jiil/ros2_humble/install/ament_cppcheck:/home/jiil/ros2_humble/install/ament_clang_tidy:/home/jiil/ros2_humble/install/ament_clang_format DEBUGINFOD_URLS=https://debuginfod.ubuntu.com /usr/bin/cmake /home/jiil/ur_ws/src/common_interfaces/std_srvs -DCMAKE_BUILD_TYPE=Release -DAMENT_CMAKE_SYMLINK_INSTALL=1 -DCMAKE_INSTALL_PREFIX=/home/jiil/ur_ws/install/std_srvs
[0.044s] -- The C compiler identification is GNU 13.3.0
[0.070s] -- The CXX compiler identification is GNU 13.3.0
[0.078s] -- Detecting C compiler ABI info
[0.127s] -- Detecting C compiler ABI info - done
[0.131s] -- Check for working C compiler: /usr/bin/cc - skipped
[0.131s] -- Detecting C compile features
[0.131s] -- Detecting C compile features - done
[0.136s] -- Detecting CXX compiler ABI info
[0.218s] -- Detecting CXX compiler ABI info - done
[0.222s] -- Check for working CXX compiler: /usr/bin/c++ - skipped
[0.222s] -- Detecting CXX compile features
[0.222s] -- Detecting CXX compile features - done
[0.228s] -- Found ament_cmake: 1.3.12 (/home/jiil/ros2_humble/install/ament_cmake/share/ament_cmake/cmake)
[0.374s] -- Found Python3: /usr/bin/python3 (found version "3.12.3") found components: Interpreter 
[0.447s] -- Override CMake install command with custom implementation using symlinks instead of copying resources
[0.523s] -- Found rosidl_default_generators: 1.2.0 (/home/jiil/ros2_humble/install/rosidl_default_generators/share/rosidl_default_generators/cmake)
[0.570s] -- Using all available rosidl_typesupport_c: rosidl_typesupport_introspection_c;rosidl_typesupport_fastrtps_c
[0.583s] -- Found rosidl_adapter: 3.1.7 (/home/jiil/ros2_humble/install/rosidl_adapter/share/rosidl_adapter/cmake)
[0.644s] -- Using all available rosidl_typesupport_cpp: rosidl_typesupport_introspection_cpp;rosidl_typesupport_fastrtps_cpp
[1.096s] -- Found ament_cmake_cppcheck: 0.12.14 (/home/jiil/ros2_humble/install/ament_cmake_cppcheck/share/ament_cmake_cppcheck/cmake)
[1.103s] -- Found ament_cmake_cpplint: 0.12.14 (/home/jiil/ros2_humble/install/ament_cmake_cpplint/share/ament_cmake_cpplint/cmake)
[1.107s] -- Found ament_cmake_uncrustify: 0.12.14 (/home/jiil/ros2_humble/install/ament_cmake_uncrustify/share/ament_cmake_uncrustify/cmake)
[1.249s] -- Found ament_cmake_ros: 0.10.0 (/home/jiil/ros2_humble/install/ament_cmake_ros/share/ament_cmake_ros/cmake)
[1.547s] -- Using all available rosidl_typesupport_c: rosidl_typesupport_introspection_c;rosidl_typesupport_fastrtps_c
[2.100s] -- Using all available rosidl_typesupport_cpp: rosidl_typesupport_introspection_cpp;rosidl_typesupport_fastrtps_cpp
[2.101s] [33mCMake Warning (dev) at /home/jiil/ros2_humble/install/rosidl_generator_py/share/rosidl_generator_py/cmake/rosidl_generator_py_generate_interfaces.cmake:20 (find_package):
[2.102s]   Policy CMP0148 is not set: The FindPythonInterp and FindPythonLibs modules
[2.102s]   are removed.  Run "cmake --help-policy CMP0148" for policy details.  Use
[2.102s]   the cmake_policy command to set the policy and suppress this warning.
[2.102s] 
[2.102s] Call Stack (most recent call first):
[2.102s]   /home/jiil/ros2_humble/install/ament_cmake_core/share/ament_cmake_core/cmake/core/ament_execute_extensions.cmake:48 (include)
[2.102s]   /home/jiil/ros2_humble/install/rosidl_cmake/share/rosidl_cmake/cmake/rosidl_generate_interfaces.cmake:286 (ament_execute_extensions)
[2.102s]   CMakeLists.txt:21 (rosidl_generate_interfaces)
[2.102s] This warning is for project developers.  Use -Wno-dev to suppress it.
[2.102s] [0m
[2.125s] -- Found PythonInterp: /usr/bin/python3 (found suitable version "3.12.3", minimum required is "3.6") 
[2.130s] -- Found python_cmake_module: 0.10.0 (/home/jiil/ros2_humble/install/python_cmake_module/share/python_cmake_module/cmake)
[2.130s] [33mCMake Warning (dev) at /home/jiil/ros2_humble/install/python_cmake_module/share/python_cmake_module/cmake/Modules/FindPythonExtra.cmake:52 (find_package):
[2.130s]   Policy CMP0148 is not set: The FindPythonInterp and FindPythonLibs modules
[2.130s]   are removed.  Run "cmake --help-policy CMP0148" for policy details.  Use
[2.130s]   the cmake_policy command to set the policy and suppress this warning.
[2.130s] 
[2.130s] Call Stack (most recent call first):
[2.131s]   /home/jiil/ros2_humble/install/rosidl_generator_py/share/rosidl_generator_py/cmake/rosidl_generator_py_generate_interfaces.cmake:23 (find_package)
[2.131s]   /home/jiil/ros2_humble/install/ament_cmake_core/share/ament_cmake_core/cmake/core/ament_execute_extensions.cmake:48 (include)
[2.131s]   /home/jiil/ros2_humble/install/rosidl_cmake/share/rosidl_cmake/cmake/rosidl_generate_interfaces.cmake:286 (ament_execute_extensions)
[2.131s]   CMakeLists.txt:21 (rosidl_generate_interfaces)
[2.131s] This warning is for project developers.  Use -Wno-dev to suppress it.
[2.131s] [0m
[2.151s] [33mCMake Warning (dev) at /home/jiil/ros2_humble/install/python_cmake_module/share/python_cmake_module/cmake/Modules/FindPythonExtra.cmake:140 (find_package):
[2.151s]   Policy CMP0148 is not set: The FindPythonInterp and FindPythonLibs modules
[2.152s]   are removed.  Run "cmake --help-policy CMP0148" for policy details.  Use
[2.152s]   the cmake_policy command to set the policy and suppress this warning.
[2.152s] 
[2.152s] Call Stack (most recent call first):
[2.152s]   /home/jiil/ros2_humble/install/rosidl_generator_py/share/rosidl_generator_py/cmake/rosidl_generator_py_generate_interfaces.cmake:23 (find_package)
[2.152s]   /home/jiil/ros2_humble/install/ament_cmake_core/share/ament_cmake_core/cmake/core/ament_execute_extensions.cmake:48 (include)
[2.152s]   /home/jiil/ros2_humble/install/rosidl_cmake/share/rosidl_cmake/cmake/rosidl_generate_interfaces.cmake:286 (ament_execute_extensions)
[2.152s]   CMakeLists.txt:21 (rosidl_generate_interfaces)
[2.152s] This warning is for project developers.  Use -Wno-dev to suppress it.
[2.152s] [0m
[2.161s] -- Found PythonLibs: /usr/lib/x86_64-linux-gnu/libpython3.12.so (found suitable version "3.12.3", minimum required is "3.5") 
[2.161s] -- Using PYTHON_EXECUTABLE: /usr/bin/python3
[2.161s] -- Using PYTHON_INCLUDE_DIRS: /usr/include/python3.12
[2.161s] -- Using PYTHON_LIBRARIES: /usr/lib/x86_64-linux-gnu/libpython3.12.so
[2.184s] -- Found PythonExtra: .so  
[2.305s] -- Using numpy include directory: /usr/lib/python3/dist-packages/numpy/core/include
[2.423s] -- Found ament_cmake_flake8: 0.12.14 (/home/jiil/ros2_humble/install/ament_cmake_flake8/share/ament_cmake_flake8/cmake)
[2.430s] -- Found ament_cmake_pep257: 0.12.14 (/home/jiil/ros2_humble/install/ament_cmake_pep257/share/ament_cmake_pep257/cmake)
[2.436s] -- Configuring done (2.4s)
[2.448s] -- Generating done (0.0s)
[2.452s] -- Build files have been written to: /home/jiil/ur_ws/build/std_srvs
[2.456s] Invoked command in '/home/jiil/ur_ws/build/std_srvs' returned '0': CMAKE_PREFIX_PATH=${CMAKE_PREFIX_PATH}:/home/jiil/ros2_humble/install/rqt_bag_plugins:/home/jiil/ros2_humble/install/rqt_bag:/home/jiil/ros2_humble/install/launch_testing_examples:/home/jiil/ros2_humble/install/ros2bag:/home/jiil/ros2_humble/install/tracetools_test:/home/jiil/ros2_humble/install/tracetools_launch:/home/jiil/ros2_humble/install/topic_monitor:/home/jiil/ros2_humble/install/tf2_tools:/home/jiil/ros2_humble/install/examples_tf2_py:/home/jiil/ros2_humble/install/tf2_ros_py:/home/jiil/ros2_humble/install/sros2:/home/jiil/ros2_humble/install/rqt_topic:/home/jiil/ros2_humble/install/rqt_srv:/home/jiil/ros2_humble/install/rqt_shell:/home/jiil/ros2_humble/install/rqt_service_caller:/home/jiil/ros2_humble/install/rqt_reconfigure:/home/jiil/ros2_humble/install/rqt_py_console:/home/jiil/ros2_humble/install/rqt_publisher:/home/jiil/ros2_humble/install/rqt_plot:/home/jiil/ros2_humble/install/rqt_action:/home/jiil/ros2_humble/install/rqt_msg:/home/jiil/ros2_humble/install/rqt_console:/home/jiil/ros2_humble/install/rqt:/home/jiil/ros2_humble/install/rqt_graph:/home/jiil/ros2_humble/install/rqt_gui_py:/home/jiil/ros2_humble/install/rqt_gui:/home/jiil/ros2_humble/install/ros2trace:/home/jiil/ros2_humble/install/ros2topic:/home/jiil/ros2_humble/install/ros2test:/home/jiil/ros2_humble/install/ros2component:/home/jiil/ros2_humble/install/ros2param:/home/jiil/ros2_humble/install/ros2lifecycle:/home/jiil/ros2_humble/install/ros2service:/home/jiil/ros2_humble/install/ros2run:/home/jiil/ros2_humble/install/ros2plugin:/home/jiil/ros2_humble/install/ros2launch:/home/jiil/ros2_humble/install/ros2pkg:/home/jiil/ros2_humble/install/ros2node:/home/jiil/ros2_humble/install/ros2multicast:/home/jiil/ros2_humble/install/ros2interface:/home/jiil/ros2_humble/install/ros2doctor:/home/jiil/ros2_humble/install/ros2action:/home/jiil/ros2_humble/install/ros2cli:/home/jiil/ros2_humble/install/quality_of_service_demo_py:/home/jiil/ros2_humble/install/lifecycle_py:/home/jiil/ros2_humble/install/launch_testing_ros:/home/jiil/ros2_humble/install/launch_ros:/home/jiil/ros2_humble/install/examples_rclpy_pointcloud_publisher:/home/jiil/ros2_humble/install/examples_rclpy_minimal_subscriber:/home/jiil/ros2_humble/install/examples_rclpy_minimal_service:/home/jiil/ros2_humble/install/examples_rclpy_minimal_publisher:/home/jiil/ros2_humble/install/examples_rclpy_minimal_client:/home/jiil/ros2_humble/install/examples_rclpy_minimal_action_server:/home/jiil/ros2_humble/install/examples_rclpy_minimal_action_client:/home/jiil/ros2_humble/install/examples_rclpy_guard_conditions:/home/jiil/ros2_humble/install/examples_rclpy_executors:/home/jiil/ros2_humble/install/demo_nodes_py:/home/jiil/ros2_humble/install/camera_info_manager_py:/home/jiil/ros2_humble/install/action_tutorials_py:/home/jiil/ros2_humble/install/ament_uncrustify:/home/jiil/ros2_humble/install/tracetools_trace:/home/jiil/ros2_humble/install/tracetools_read:/home/jiil/ros2_humble/install/test_tracetools_launch:/home/jiil/ros2_humble/install/test_launch_ros:/home/jiil/ros2_humble/install/sensor_msgs_py:/home/jiil/ros2_humble/install/rpyutils:/home/jiil/ros2_humble/install/rosidl_runtime_py:/home/jiil/ros2_humble/install/rosidl_cli:/home/jiil/ros2_humble/install/launch_pytest:/home/jiil/ros2_humble/install/launch_testing:/home/jiil/ros2_humble/install/launch_yaml:/home/jiil/ros2_humble/install/launch_xml:/home/jiil/ros2_humble/install/launch:/home/jiil/ros2_humble/install/osrf_pycommon:/home/jiil/ros2_humble/install/domain_coordinator:/home/jiil/ros2_humble/install/ament_xmllint:/home/jiil/ros2_humble/install/ament_pyflakes:/home/jiil/ros2_humble/install/ament_pycodestyle:/home/jiil/ros2_humble/install/ament_pep257:/home/jiil/ros2_humble/install/ament_pclint:/home/jiil/ros2_humble/install/ament_package:/home/jiil/ros2_humble/install/ament_mypy:/home/jiil/ros2_humble/install/ament_lint_cmake:/home/jiil/ros2_humble/install/ament_flake8:/home/jiil/ros2_humble/install/ament_copyright:/home/jiil/ros2_humble/install/ament_lint:/home/jiil/ros2_humble/install/ament_index_python:/home/jiil/ros2_humble/install/ament_cpplint:/home/jiil/ros2_humble/install/ament_cppcheck:/home/jiil/ros2_humble/install/ament_clang_tidy:/home/jiil/ros2_humble/install/ament_clang_format DEBUGINFOD_URLS=https://debuginfod.ubuntu.com /usr/bin/cmake /home/jiil/ur_ws/src/common_interfaces/std_srvs -DCMAKE_BUILD_TYPE=Release -DAMENT_CMAKE_SYMLINK_INSTALL=1 -DCMAKE_INSTALL_PREFIX=/home/jiil/ur_ws/install/std_srvs
[2.457s] Invoking command in '/home/jiil/ur_ws/build/std_srvs': CMAKE_PREFIX_PATH=${CMAKE_PREFIX_PATH}:/home/jiil/ros2_humble/install/rqt_bag_plugins:/home/jiil/ros2_humble/install/rqt_bag:/home/jiil/ros2_humble/install/launch_testing_examples:/home/jiil/ros2_humble/install/ros2bag:/home/jiil/ros2_humble/install/tracetools_test:/home/jiil/ros2_humble/install/tracetools_launch:/home/jiil/ros2_humble/install/topic_monitor:/home/jiil/ros2_humble/install/tf2_tools:/home/jiil/ros2_humble/install/examples_tf2_py:/home/jiil/ros2_humble/install/tf2_ros_py:/home/jiil/ros2_humble/install/sros2:/home/jiil/ros2_humble/install/rqt_topic:/home/jiil/ros2_humble/install/rqt_srv:/home/jiil/ros2_humble/install/rqt_shell:/home/jiil/ros2_humble/install/rqt_service_caller:/home/jiil/ros2_humble/install/rqt_reconfigure:/home/jiil/ros2_humble/install/rqt_py_console:/home/jiil/ros2_humble/install/rqt_publisher:/home/jiil/ros2_humble/install/rqt_plot:/home/jiil/ros2_humble/install/rqt_action:/home/jiil/ros2_humble/install/rqt_msg:/home/jiil/ros2_humble/install/rqt_console:/home/jiil/ros2_humble/install/rqt:/home/jiil/ros2_humble/install/rqt_graph:/home/jiil/ros2_humble/install/rqt_gui_py:/home/jiil/ros2_humble/install/rqt_gui:/home/jiil/ros2_humble/install/ros2trace:/home/jiil/ros2_humble/install/ros2topic:/home/jiil/ros2_humble/install/ros2test:/home/jiil/ros2_humble/install/ros2component:/home/jiil/ros2_humble/install/ros2param:/home/jiil/ros2_humble/install/ros2lifecycle:/home/jiil/ros2_humble/install/ros2service:/home/jiil/ros2_humble/install/ros2run:/home/jiil/ros2_humble/install/ros2plugin:/home/jiil/ros2_humble/install/ros2launch:/home/jiil/ros2_humble/install/ros2pkg:/home/jiil/ros2_humble/install/ros2node:/home/jiil/ros2_humble/install/ros2multicast:/home/jiil/ros2_humble/install/ros2interface:/home/jiil/ros2_humble/install/ros2doctor:/home/jiil/ros2_humble/install/ros2action:/home/jiil/ros2_humble/install/ros2cli:/home/jiil/ros2_humble/install/quality_of_service_demo_py:/home/jiil/ros2_humble/install/lifecycle_py:/home/jiil/ros2_humble/install/launch_testing_ros:/home/jiil/ros2_humble/install/launch_ros:/home/jiil/ros2_humble/install/examples_rclpy_pointcloud_publisher:/home/jiil/ros2_humble/install/examples_rclpy_minimal_subscriber:/home/jiil/ros2_humble/install/examples_rclpy_minimal_service:/home/jiil/ros2_humble/install/examples_rclpy_minimal_publisher:/home/jiil/ros2_humble/install/examples_rclpy_minimal_client:/home/jiil/ros2_humble/install/examples_rclpy_minimal_action_server:/home/jiil/ros2_humble/install/examples_rclpy_minimal_action_client:/home/jiil/ros2_humble/install/examples_rclpy_guard_conditions:/home/jiil/ros2_humble/install/examples_rclpy_executors:/home/jiil/ros2_humble/install/demo_nodes_py:/home/jiil/ros2_humble/install/camera_info_manager_py:/home/jiil/ros2_humble/install/action_tutorials_py:/home/jiil/ros2_humble/install/ament_uncrustify:/home/jiil/ros2_humble/install/tracetools_trace:/home/jiil/ros2_humble/install/tracetools_read:/home/jiil/ros2_humble/install/test_tracetools_launch:/home/jiil/ros2_humble/install/test_launch_ros:/home/jiil/ros2_humble/install/sensor_msgs_py:/home/jiil/ros2_humble/install/rpyutils:/home/jiil/ros2_humble/install/rosidl_runtime_py:/home/jiil/ros2_humble/install/rosidl_cli:/home/jiil/ros2_humble/install/launch_pytest:/home/jiil/ros2_humble/install/launch_testing:/home/jiil/ros2_humble/install/launch_yaml:/home/jiil/ros2_humble/install/launch_xml:/home/jiil/ros2_humble/install/launch:/home/jiil/ros2_humble/install/osrf_pycommon:/home/jiil/ros2_humble/install/domain_coordinator:/home/jiil/ros2_humble/install/ament_xmllint:/home/jiil/ros2_humble/install/ament_pyflakes:/home/jiil/ros2_humble/install/ament_pycodestyle:/home/jiil/ros2_humble/install/ament_pep257:/home/jiil/ros2_humble/install/ament_pclint:/home/jiil/ros2_humble/install/ament_package:/home/jiil/ros2_humble/install/ament_mypy:/home/jiil/ros2_humble/install/ament_lint_cmake:/home/jiil/ros2_humble/install/ament_flake8:/home/jiil/ros2_humble/install/ament_copyright:/home/jiil/ros2_humble/install/ament_lint:/home/jiil/ros2_humble/install/ament_index_python:/home/jiil/ros2_humble/install/ament_cpplint:/home/jiil/ros2_humble/install/ament_cppcheck:/home/jiil/ros2_humble/install/ament_clang_tidy:/home/jiil/ros2_humble/install/ament_clang_format DEBUGINFOD_URLS=https://debuginfod.ubuntu.com /usr/bin/cmake --build /home/jiil/ur_ws/build/std_srvs -- -j12 -l12
[2.484s] [  2%] [34m[1mGenerating C code for ROS interfaces[0m
[2.490s] [  4%] [34m[1mGenerating C++ code for ROS interfaces[0m
[2.494s] [  4%] Built target ament_cmake_python_symlink_std_srvs
[2.654s] running egg_info
[2.655s] creating std_srvs.egg-info
[2.666s] writing std_srvs.egg-info/PKG-INFO
[2.666s] writing dependency_links to std_srvs.egg-info/dependency_links.txt
[2.666s] writing top-level names to std_srvs.egg-info/top_level.txt
[2.666s] writing manifest file 'std_srvs.egg-info/SOURCES.txt'
[2.717s] [  6%] [32mBuilding C object CMakeFiles/std_srvs__rosidl_generator_c.dir/rosidl_generator_c/std_srvs/srv/detail/empty__functions.c.o[0m
[2.718s] [  8%] [32mBuilding C object CMakeFiles/std_srvs__rosidl_generator_c.dir/rosidl_generator_c/std_srvs/srv/detail/set_bool__functions.c.o[0m
[2.718s] reading manifest file 'std_srvs.egg-info/SOURCES.txt'
[2.718s] [ 10%] [32mBuilding C object CMakeFiles/std_srvs__rosidl_generator_c.dir/rosidl_generator_c/std_srvs/srv/detail/trigger__functions.c.o[0m
[2.718s] writing manifest file 'std_srvs.egg-info/SOURCES.txt'
[2.720s] [ 10%] Built target std_srvs__cpp
[2.732s] [ 17%] [34m[1mGenerating C++ introspection for ROS interfaces[0m
[2.732s] [ 17%] [34m[1mGenerating C++ type support for eProsima Fast-RTPS[0m
[2.732s] [ 17%] [34m[1mGenerating C++ type support dispatch for ROS interfaces[0m
[2.753s] [ 17%] Built target ament_cmake_python_build_std_srvs_egg
[2.810s] [ 19%] [32m[1mLinking C shared library libstd_srvs__rosidl_generator_c.so[0m
[2.835s] [ 19%] Built target std_srvs__rosidl_generator_c
[2.844s] [ 21%] [34m[1mGenerating C introspection for ROS interfaces[0m
[2.845s] [ 25%] [34m[1mGenerating C type support dispatch for ROS interfaces[0m
[2.845s] [ 25%] [34m[1mGenerating C type support for eProsima Fast-RTPS[0m
[2.957s] [ 27%] [32mBuilding CXX object CMakeFiles/std_srvs__rosidl_typesupport_cpp.dir/rosidl_typesupport_cpp/std_srvs/srv/empty__type_support.cpp.o[0m
[2.957s] [ 29%] [32mBuilding CXX object CMakeFiles/std_srvs__rosidl_typesupport_cpp.dir/rosidl_typesupport_cpp/std_srvs/srv/set_bool__type_support.cpp.o[0m
[2.958s] [ 31%] [32mBuilding CXX object CMakeFiles/std_srvs__rosidl_typesupport_cpp.dir/rosidl_typesupport_cpp/std_srvs/srv/trigger__type_support.cpp.o[0m
[2.981s] [ 34%] [32mBuilding CXX object CMakeFiles/std_srvs__rosidl_typesupport_introspection_cpp.dir/rosidl_typesupport_introspection_cpp/std_srvs/srv/detail/empty__type_support.cpp.o[0m
[2.982s] [ 36%] [32mBuilding CXX object CMakeFiles/std_srvs__rosidl_typesupport_introspection_cpp.dir/rosidl_typesupport_introspection_cpp/std_srvs/srv/detail/trigger__type_support.cpp.o[0m
[2.985s] [ 38%] [32mBuilding CXX object CMakeFiles/std_srvs__rosidl_typesupport_introspection_cpp.dir/rosidl_typesupport_introspection_cpp/std_srvs/srv/detail/set_bool__type_support.cpp.o[0m
[3.100s] [ 40%] [32mBuilding CXX object CMakeFiles/std_srvs__rosidl_typesupport_fastrtps_cpp.dir/rosidl_typesupport_fastrtps_cpp/std_srvs/srv/detail/dds_fastrtps/empty__type_support.cpp.o[0m
[3.107s] [ 42%] [32mBuilding CXX object CMakeFiles/std_srvs__rosidl_typesupport_fastrtps_cpp.dir/rosidl_typesupport_fastrtps_cpp/std_srvs/srv/detail/dds_fastrtps/trigger__type_support.cpp.o[0m
[3.111s] [ 44%] [32mBuilding CXX object CMakeFiles/std_srvs__rosidl_typesupport_fastrtps_cpp.dir/rosidl_typesupport_fastrtps_cpp/std_srvs/srv/detail/dds_fastrtps/set_bool__type_support.cpp.o[0m
[3.147s] [ 46%] [32m[1mLinking CXX shared library libstd_srvs__rosidl_typesupport_cpp.so[0m
[3.174s] [ 48%] [32mBuilding CXX object CMakeFiles/std_srvs__rosidl_typesupport_c.dir/rosidl_typesupport_c/std_srvs/srv/empty__type_support.cpp.o[0m
[3.181s] [ 51%] [32mBuilding CXX object CMakeFiles/std_srvs__rosidl_typesupport_c.dir/rosidl_typesupport_c/std_srvs/srv/set_bool__type_support.cpp.o[0m
[3.190s] [ 51%] Built target std_srvs__rosidl_typesupport_cpp
[3.191s] [ 53%] [32mBuilding CXX object CMakeFiles/std_srvs__rosidl_typesupport_c.dir/rosidl_typesupport_c/std_srvs/srv/trigger__type_support.cpp.o[0m
[3.210s] [ 57%] [32mBuilding C object CMakeFiles/std_srvs__rosidl_typesupport_introspection_c.dir/rosidl_typesupport_introspection_c/std_srvs/srv/detail/set_bool__type_support.c.o[0m
[3.210s] [ 57%] [32mBuilding C object CMakeFiles/std_srvs__rosidl_typesupport_introspection_c.dir/rosidl_typesupport_introspection_c/std_srvs/srv/detail/empty__type_support.c.o[0m
[3.210s] [ 59%] [32mBuilding C object CMakeFiles/std_srvs__rosidl_typesupport_introspection_c.dir/rosidl_typesupport_introspection_c/std_srvs/srv/detail/trigger__type_support.c.o[0m
[3.220s] [ 61%] [32m[1mLinking CXX shared library libstd_srvs__rosidl_typesupport_c.so[0m
[3.233s] [ 65%] [32mBuilding CXX object CMakeFiles/std_srvs__rosidl_typesupport_fastrtps_c.dir/rosidl_typesupport_fastrtps_c/std_srvs/srv/detail/empty__type_support_c.cpp.o[0m
[3.233s] [ 65%] [32mBuilding CXX object CMakeFiles/std_srvs__rosidl_typesupport_fastrtps_c.dir/rosidl_typesupport_fastrtps_c/std_srvs/srv/detail/trigger__type_support_c.cpp.o[0m
[3.237s] [ 68%] [32m[1mLinking CXX shared library libstd_srvs__rosidl_typesupport_introspection_cpp.so[0m
[3.237s] [ 70%] [32mBuilding CXX object CMakeFiles/std_srvs__rosidl_typesupport_fastrtps_c.dir/rosidl_typesupport_fastrtps_c/std_srvs/srv/detail/set_bool__type_support_c.cpp.o[0m
[3.247s] [ 72%] [32m[1mLinking C shared library libstd_srvs__rosidl_typesupport_introspection_c.so[0m
[3.264s] [ 72%] Built target std_srvs__rosidl_typesupport_c
[3.281s] [ 72%] Built target std_srvs__rosidl_typesupport_introspection_c
[3.289s] [ 72%] Built target std_srvs__rosidl_typesupport_introspection_cpp
[3.416s] [ 74%] [32m[1mLinking CXX shared library libstd_srvs__rosidl_typesupport_fastrtps_cpp.so[0m
[3.457s] [ 74%] Built target std_srvs__rosidl_typesupport_fastrtps_cpp
[3.458s] [ 76%] [32m[1mLinking CXX shared library libstd_srvs__rosidl_typesupport_fastrtps_c.so[0m
[3.495s] [ 76%] Built target std_srvs__rosidl_typesupport_fastrtps_c
[3.509s] [ 76%] Built target std_srvs
[3.521s] [ 78%] [34m[1mGenerating Python code for ROS interfaces[0m
[4.000s] [ 78%] Built target std_srvs__py
[4.025s] [ 80%] [32mBuilding C object CMakeFiles/std_srvs__rosidl_generator_py.dir/rosidl_generator_py/std_srvs/srv/_set_bool_s.c.o[0m
[4.026s] [ 82%] [32mBuilding C object CMakeFiles/std_srvs__rosidl_generator_py.dir/rosidl_generator_py/std_srvs/srv/_empty_s.c.o[0m
[4.032s] [ 85%] [32mBuilding C object CMakeFiles/std_srvs__rosidl_generator_py.dir/rosidl_generator_py/std_srvs/srv/_trigger_s.c.o[0m
[4.127s] [ 87%] [32m[1mLinking C shared library rosidl_generator_py/std_srvs/libstd_srvs__rosidl_generator_py.so[0m
[4.151s] [ 87%] Built target std_srvs__rosidl_generator_py
[4.168s] [ 89%] [32mBuilding C object CMakeFiles/std_srvs__rosidl_typesupport_c__pyext.dir/rosidl_generator_py/std_srvs/_std_srvs_s.ep.rosidl_typesupport_c.c.o[0m
[4.171s] [ 91%] [32mBuilding C object CMakeFiles/std_srvs__rosidl_typesupport_fastrtps_c__pyext.dir/rosidl_generator_py/std_srvs/_std_srvs_s.ep.rosidl_typesupport_fastrtps_c.c.o[0m
[4.171s] [ 93%] [32mBuilding C object CMakeFiles/std_srvs__rosidl_typesupport_introspection_c__pyext.dir/rosidl_generator_py/std_srvs/_std_srvs_s.ep.rosidl_typesupport_introspection_c.c.o[0m
[4.297s] [ 95%] [32m[1mLinking C shared library rosidl_generator_py/std_srvs/std_srvs_s__rosidl_typesupport_introspection_c.cpython-312-x86_64-linux-gnu.so[0m
[4.297s] [ 97%] [32m[1mLinking C shared library rosidl_generator_py/std_srvs/std_srvs_s__rosidl_typesupport_c.cpython-312-x86_64-linux-gnu.so[0m
[4.304s] [100%] [32m[1mLinking C shared library rosidl_generator_py/std_srvs/std_srvs_s__rosidl_typesupport_fastrtps_c.cpython-312-x86_64-linux-gnu.so[0m
[4.321s] [100%] Built target std_srvs__rosidl_typesupport_c__pyext
[4.326s] [100%] Built target std_srvs__rosidl_typesupport_introspection_c__pyext
[4.331s] [100%] Built target std_srvs__rosidl_typesupport_fastrtps_c__pyext
[4.339s] Invoked command in '/home/jiil/ur_ws/build/std_srvs' returned '0': CMAKE_PREFIX_PATH=${CMAKE_PREFIX_PATH}:/home/jiil/ros2_humble/install/rqt_bag_plugins:/home/jiil/ros2_humble/install/rqt_bag:/home/jiil/ros2_humble/install/launch_testing_examples:/home/jiil/ros2_humble/install/ros2bag:/home/jiil/ros2_humble/install/tracetools_test:/home/jiil/ros2_humble/install/tracetools_launch:/home/jiil/ros2_humble/install/topic_monitor:/home/jiil/ros2_humble/install/tf2_tools:/home/jiil/ros2_humble/install/examples_tf2_py:/home/jiil/ros2_humble/install/tf2_ros_py:/home/jiil/ros2_humble/install/sros2:/home/jiil/ros2_humble/install/rqt_topic:/home/jiil/ros2_humble/install/rqt_srv:/home/jiil/ros2_humble/install/rqt_shell:/home/jiil/ros2_humble/install/rqt_service_caller:/home/jiil/ros2_humble/install/rqt_reconfigure:/home/jiil/ros2_humble/install/rqt_py_console:/home/jiil/ros2_humble/install/rqt_publisher:/home/jiil/ros2_humble/install/rqt_plot:/home/jiil/ros2_humble/install/rqt_action:/home/jiil/ros2_humble/install/rqt_msg:/home/jiil/ros2_humble/install/rqt_console:/home/jiil/ros2_humble/install/rqt:/home/jiil/ros2_humble/install/rqt_graph:/home/jiil/ros2_humble/install/rqt_gui_py:/home/jiil/ros2_humble/install/rqt_gui:/home/jiil/ros2_humble/install/ros2trace:/home/jiil/ros2_humble/install/ros2topic:/home/jiil/ros2_humble/install/ros2test:/home/jiil/ros2_humble/install/ros2component:/home/jiil/ros2_humble/install/ros2param:/home/jiil/ros2_humble/install/ros2lifecycle:/home/jiil/ros2_humble/install/ros2service:/home/jiil/ros2_humble/install/ros2run:/home/jiil/ros2_humble/install/ros2plugin:/home/jiil/ros2_humble/install/ros2launch:/home/jiil/ros2_humble/install/ros2pkg:/home/jiil/ros2_humble/install/ros2node:/home/jiil/ros2_humble/install/ros2multicast:/home/jiil/ros2_humble/install/ros2interface:/home/jiil/ros2_humble/install/ros2doctor:/home/jiil/ros2_humble/install/ros2action:/home/jiil/ros2_humble/install/ros2cli:/home/jiil/ros2_humble/install/quality_of_service_demo_py:/home/jiil/ros2_humble/install/lifecycle_py:/home/jiil/ros2_humble/install/launch_testing_ros:/home/jiil/ros2_humble/install/launch_ros:/home/jiil/ros2_humble/install/examples_rclpy_pointcloud_publisher:/home/jiil/ros2_humble/install/examples_rclpy_minimal_subscriber:/home/jiil/ros2_humble/install/examples_rclpy_minimal_service:/home/jiil/ros2_humble/install/examples_rclpy_minimal_publisher:/home/jiil/ros2_humble/install/examples_rclpy_minimal_client:/home/jiil/ros2_humble/install/examples_rclpy_minimal_action_server:/home/jiil/ros2_humble/install/examples_rclpy_minimal_action_client:/home/jiil/ros2_humble/install/examples_rclpy_guard_conditions:/home/jiil/ros2_humble/install/examples_rclpy_executors:/home/jiil/ros2_humble/install/demo_nodes_py:/home/jiil/ros2_humble/install/camera_info_manager_py:/home/jiil/ros2_humble/install/action_tutorials_py:/home/jiil/ros2_humble/install/ament_uncrustify:/home/jiil/ros2_humble/install/tracetools_trace:/home/jiil/ros2_humble/install/tracetools_read:/home/jiil/ros2_humble/install/test_tracetools_launch:/home/jiil/ros2_humble/install/test_launch_ros:/home/jiil/ros2_humble/install/sensor_msgs_py:/home/jiil/ros2_humble/install/rpyutils:/home/jiil/ros2_humble/install/rosidl_runtime_py:/home/jiil/ros2_humble/install/rosidl_cli:/home/jiil/ros2_humble/install/launch_pytest:/home/jiil/ros2_humble/install/launch_testing:/home/jiil/ros2_humble/install/launch_yaml:/home/jiil/ros2_humble/install/launch_xml:/home/jiil/ros2_humble/install/launch:/home/jiil/ros2_humble/install/osrf_pycommon:/home/jiil/ros2_humble/install/domain_coordinator:/home/jiil/ros2_humble/install/ament_xmllint:/home/jiil/ros2_humble/install/ament_pyflakes:/home/jiil/ros2_humble/install/ament_pycodestyle:/home/jiil/ros2_humble/install/ament_pep257:/home/jiil/ros2_humble/install/ament_pclint:/home/jiil/ros2_humble/install/ament_package:/home/jiil/ros2_humble/install/ament_mypy:/home/jiil/ros2_humble/install/ament_lint_cmake:/home/jiil/ros2_humble/install/ament_flake8:/home/jiil/ros2_humble/install/ament_copyright:/home/jiil/ros2_humble/install/ament_lint:/home/jiil/ros2_humble/install/ament_index_python:/home/jiil/ros2_humble/install/ament_cpplint:/home/jiil/ros2_humble/install/ament_cppcheck:/home/jiil/ros2_humble/install/ament_clang_tidy:/home/jiil/ros2_humble/install/ament_clang_format DEBUGINFOD_URLS=https://debuginfod.ubuntu.com /usr/bin/cmake --build /home/jiil/ur_ws/build/std_srvs -- -j12 -l12
[4.345s] Invoking command in '/home/jiil/ur_ws/build/std_srvs': CMAKE_PREFIX_PATH=${CMAKE_PREFIX_PATH}:/home/jiil/ros2_humble/install/rqt_bag_plugins:/home/jiil/ros2_humble/install/rqt_bag:/home/jiil/ros2_humble/install/launch_testing_examples:/home/jiil/ros2_humble/install/ros2bag:/home/jiil/ros2_humble/install/tracetools_test:/home/jiil/ros2_humble/install/tracetools_launch:/home/jiil/ros2_humble/install/topic_monitor:/home/jiil/ros2_humble/install/tf2_tools:/home/jiil/ros2_humble/install/examples_tf2_py:/home/jiil/ros2_humble/install/tf2_ros_py:/home/jiil/ros2_humble/install/sros2:/home/jiil/ros2_humble/install/rqt_topic:/home/jiil/ros2_humble/install/rqt_srv:/home/jiil/ros2_humble/install/rqt_shell:/home/jiil/ros2_humble/install/rqt_service_caller:/home/jiil/ros2_humble/install/rqt_reconfigure:/home/jiil/ros2_humble/install/rqt_py_console:/home/jiil/ros2_humble/install/rqt_publisher:/home/jiil/ros2_humble/install/rqt_plot:/home/jiil/ros2_humble/install/rqt_action:/home/jiil/ros2_humble/install/rqt_msg:/home/jiil/ros2_humble/install/rqt_console:/home/jiil/ros2_humble/install/rqt:/home/jiil/ros2_humble/install/rqt_graph:/home/jiil/ros2_humble/install/rqt_gui_py:/home/jiil/ros2_humble/install/rqt_gui:/home/jiil/ros2_humble/install/ros2trace:/home/jiil/ros2_humble/install/ros2topic:/home/jiil/ros2_humble/install/ros2test:/home/jiil/ros2_humble/install/ros2component:/home/jiil/ros2_humble/install/ros2param:/home/jiil/ros2_humble/install/ros2lifecycle:/home/jiil/ros2_humble/install/ros2service:/home/jiil/ros2_humble/install/ros2run:/home/jiil/ros2_humble/install/ros2plugin:/home/jiil/ros2_humble/install/ros2launch:/home/jiil/ros2_humble/install/ros2pkg:/home/jiil/ros2_humble/install/ros2node:/home/jiil/ros2_humble/install/ros2multicast:/home/jiil/ros2_humble/install/ros2interface:/home/jiil/ros2_humble/install/ros2doctor:/home/jiil/ros2_humble/install/ros2action:/home/jiil/ros2_humble/install/ros2cli:/home/jiil/ros2_humble/install/quality_of_service_demo_py:/home/jiil/ros2_humble/install/lifecycle_py:/home/jiil/ros2_humble/install/launch_testing_ros:/home/jiil/ros2_humble/install/launch_ros:/home/jiil/ros2_humble/install/examples_rclpy_pointcloud_publisher:/home/jiil/ros2_humble/install/examples_rclpy_minimal_subscriber:/home/jiil/ros2_humble/install/examples_rclpy_minimal_service:/home/jiil/ros2_humble/install/examples_rclpy_minimal_publisher:/home/jiil/ros2_humble/install/examples_rclpy_minimal_client:/home/jiil/ros2_humble/install/examples_rclpy_minimal_action_server:/home/jiil/ros2_humble/install/examples_rclpy_minimal_action_client:/home/jiil/ros2_humble/install/examples_rclpy_guard_conditions:/home/jiil/ros2_humble/install/examples_rclpy_executors:/home/jiil/ros2_humble/install/demo_nodes_py:/home/jiil/ros2_humble/install/camera_info_manager_py:/home/jiil/ros2_humble/install/action_tutorials_py:/home/jiil/ros2_humble/install/ament_uncrustify:/home/jiil/ros2_humble/install/tracetools_trace:/home/jiil/ros2_humble/install/tracetools_read:/home/jiil/ros2_humble/install/test_tracetools_launch:/home/jiil/ros2_humble/install/test_launch_ros:/home/jiil/ros2_humble/install/sensor_msgs_py:/home/jiil/ros2_humble/install/rpyutils:/home/jiil/ros2_humble/install/rosidl_runtime_py:/home/jiil/ros2_humble/install/rosidl_cli:/home/jiil/ros2_humble/install/launch_pytest:/home/jiil/ros2_humble/install/launch_testing:/home/jiil/ros2_humble/install/launch_yaml:/home/jiil/ros2_humble/install/launch_xml:/home/jiil/ros2_humble/install/launch:/home/jiil/ros2_humble/install/osrf_pycommon:/home/jiil/ros2_humble/install/domain_coordinator:/home/jiil/ros2_humble/install/ament_xmllint:/home/jiil/ros2_humble/install/ament_pyflakes:/home/jiil/ros2_humble/install/ament_pycodestyle:/home/jiil/ros2_humble/install/ament_pep257:/home/jiil/ros2_humble/install/ament_pclint:/home/jiil/ros2_humble/install/ament_package:/home/jiil/ros2_humble/install/ament_mypy:/home/jiil/ros2_humble/install/ament_lint_cmake:/home/jiil/ros2_humble/install/ament_flake8:/home/jiil/ros2_humble/install/ament_copyright:/home/jiil/ros2_humble/install/ament_lint:/home/jiil/ros2_humble/install/ament_index_python:/home/jiil/ros2_humble/install/ament_cpplint:/home/jiil/ros2_humble/install/ament_cppcheck:/home/jiil/ros2_humble/install/ament_clang_tidy:/home/jiil/ros2_humble/install/ament_clang_format DEBUGINFOD_URLS=https://debuginfod.ubuntu.com /usr/bin/cmake --install /home/jiil/ur_ws/build/std_srvs
[4.351s] -- Install configuration: "Release"
[4.351s] -- Execute custom install script
[4.351s] -- Symlinking: /home/jiil/ur_ws/install/std_srvs/share/ament_index/resource_index/rosidl_interfaces/std_srvs
[4.357s] -- Symlinking: /home/jiil/ur_ws/install/std_srvs/include/std_srvs/std_srvs/msg/rosidl_generator_c__visibility_control.h
[4.363s] -- Symlinking: /home/jiil/ur_ws/install/std_srvs/include/std_srvs/std_srvs/srv/detail/empty__functions.h
[4.369s] -- Symlinking: /home/jiil/ur_ws/install/std_srvs/include/std_srvs/std_srvs/srv/detail/empty__struct.h
[4.374s] -- Symlinking: /home/jiil/ur_ws/install/std_srvs/include/std_srvs/std_srvs/srv/detail/empty__type_support.h
[4.380s] -- Symlinking: /home/jiil/ur_ws/install/std_srvs/include/std_srvs/std_srvs/srv/detail/set_bool__functions.h
[4.385s] -- Symlinking: /home/jiil/ur_ws/install/std_srvs/include/std_srvs/std_srvs/srv/detail/set_bool__struct.h
[4.391s] -- Symlinking: /home/jiil/ur_ws/install/std_srvs/include/std_srvs/std_srvs/srv/detail/set_bool__type_support.h
[4.396s] -- Symlinking: /home/jiil/ur_ws/install/std_srvs/include/std_srvs/std_srvs/srv/detail/trigger__functions.h
[4.403s] -- Symlinking: /home/jiil/ur_ws/install/std_srvs/include/std_srvs/std_srvs/srv/detail/trigger__struct.h
[4.408s] -- Symlinking: /home/jiil/ur_ws/install/std_srvs/include/std_srvs/std_srvs/srv/detail/trigger__type_support.h
[4.414s] -- Symlinking: /home/jiil/ur_ws/install/std_srvs/include/std_srvs/std_srvs/srv/empty.h
[4.420s] -- Symlinking: /home/jiil/ur_ws/install/std_srvs/include/std_srvs/std_srvs/srv/set_bool.h
[4.429s] -- Symlinking: /home/jiil/ur_ws/install/std_srvs/include/std_srvs/std_srvs/srv/trigger.h
[4.439s] -- Symlinking: /home/jiil/ur_ws/install/std_srvs/share/std_srvs/environment/library_path.sh
[4.447s] -- Symlinking: /home/jiil/ur_ws/install/std_srvs/share/std_srvs/environment/library_path.dsv
[4.456s] -- Symlinking: /home/jiil/ur_ws/install/std_srvs/include/std_srvs/std_srvs/msg/rosidl_typesupport_introspection_c__visibility_control.h
[4.464s] -- Symlinking: /home/jiil/ur_ws/install/std_srvs/include/std_srvs/std_srvs/srv/detail/empty__rosidl_typesupport_introspection_c.h
[4.471s] -- Symlinking: /home/jiil/ur_ws/install/std_srvs/include/std_srvs/std_srvs/srv/detail/set_bool__rosidl_typesupport_introspection_c.h
[4.477s] -- Symlinking: /home/jiil/ur_ws/install/std_srvs/include/std_srvs/std_srvs/srv/detail/trigger__rosidl_typesupport_introspection_c.h
[4.486s] -- Symlinking: /home/jiil/ur_ws/install/std_srvs/include/std_srvs/std_srvs/msg/rosidl_typesupport_fastrtps_c__visibility_control.h
[4.501s] -- Symlinking: /home/jiil/ur_ws/install/std_srvs/include/std_srvs/std_srvs/srv/detail/empty__rosidl_typesupport_fastrtps_c.h
[4.519s] -- Symlinking: /home/jiil/ur_ws/install/std_srvs/include/std_srvs/std_srvs/srv/detail/set_bool__rosidl_typesupport_fastrtps_c.h
[4.541s] -- Symlinking: /home/jiil/ur_ws/install/std_srvs/include/std_srvs/std_srvs/srv/detail/trigger__rosidl_typesupport_fastrtps_c.h
[4.562s] -- Symlinking: /home/jiil/ur_ws/install/std_srvs/include/std_srvs/std_srvs/msg/rosidl_generator_cpp__visibility_control.hpp
[4.585s] -- Symlinking: /home/jiil/ur_ws/install/std_srvs/include/std_srvs/std_srvs/srv/detail/empty__builder.hpp
[4.612s] -- Symlinking: /home/jiil/ur_ws/install/std_srvs/include/std_srvs/std_srvs/srv/detail/empty__struct.hpp
[4.633s] -- Symlinking: /home/jiil/ur_ws/install/std_srvs/include/std_srvs/std_srvs/srv/detail/empty__traits.hpp
[4.656s] -- Symlinking: /home/jiil/ur_ws/install/std_srvs/include/std_srvs/std_srvs/srv/detail/empty__type_support.hpp
[4.670s] -- Symlinking: /home/jiil/ur_ws/install/std_srvs/include/std_srvs/std_srvs/srv/detail/set_bool__builder.hpp
[4.678s] -- Symlinking: /home/jiil/ur_ws/install/std_srvs/include/std_srvs/std_srvs/srv/detail/set_bool__struct.hpp
[4.686s] -- Symlinking: /home/jiil/ur_ws/install/std_srvs/include/std_srvs/std_srvs/srv/detail/set_bool__traits.hpp
[4.695s] -- Symlinking: /home/jiil/ur_ws/install/std_srvs/include/std_srvs/std_srvs/srv/detail/set_bool__type_support.hpp
[4.703s] -- Symlinking: /home/jiil/ur_ws/install/std_srvs/include/std_srvs/std_srvs/srv/detail/trigger__builder.hpp
[4.713s] -- Symlinking: /home/jiil/ur_ws/install/std_srvs/include/std_srvs/std_srvs/srv/detail/trigger__struct.hpp
[4.724s] -- Symlinking: /home/jiil/ur_ws/install/std_srvs/include/std_srvs/std_srvs/srv/detail/trigger__traits.hpp
[4.731s] -- Symlinking: /home/jiil/ur_ws/install/std_srvs/include/std_srvs/std_srvs/srv/detail/trigger__type_support.hpp
[4.741s] -- Symlinking: /home/jiil/ur_ws/install/std_srvs/include/std_srvs/std_srvs/srv/empty.hpp
[4.750s] -- Symlinking: /home/jiil/ur_ws/install/std_srvs/include/std_srvs/std_srvs/srv/set_bool.hpp
[4.759s] -- Symlinking: /home/jiil/ur_ws/install/std_srvs/include/std_srvs/std_srvs/srv/trigger.hpp
[4.769s] -- Symlinking: /home/jiil/ur_ws/install/std_srvs/include/std_srvs/std_srvs/srv/detail/empty__rosidl_typesupport_introspection_cpp.hpp
[4.780s] -- Symlinking: /home/jiil/ur_ws/install/std_srvs/include/std_srvs/std_srvs/srv/detail/set_bool__rosidl_typesupport_introspection_cpp.hpp
[4.789s] -- Symlinking: /home/jiil/ur_ws/install/std_srvs/include/std_srvs/std_srvs/srv/detail/trigger__rosidl_typesupport_introspection_cpp.hpp
[4.800s] -- Symlinking: /home/jiil/ur_ws/install/std_srvs/include/std_srvs/std_srvs/msg/rosidl_typesupport_fastrtps_cpp__visibility_control.h
[4.822s] -- Symlinking: /home/jiil/ur_ws/install/std_srvs/include/std_srvs/std_srvs/srv/detail/empty__rosidl_typesupport_fastrtps_cpp.hpp
[4.830s] -- Symlinking: /home/jiil/ur_ws/install/std_srvs/include/std_srvs/std_srvs/srv/detail/set_bool__rosidl_typesupport_fastrtps_cpp.hpp
[4.840s] -- Symlinking: /home/jiil/ur_ws/install/std_srvs/include/std_srvs/std_srvs/srv/detail/trigger__rosidl_typesupport_fastrtps_cpp.hpp
[4.852s] -- Symlinking: /home/jiil/ur_ws/install/std_srvs/share/std_srvs/environment/pythonpath.sh
[4.866s] -- Symlinking: /home/jiil/ur_ws/install/std_srvs/share/std_srvs/environment/pythonpath.dsv
[4.875s] -- Symlinking: /home/jiil/ur_ws/install/std_srvs/local/lib/python3.12/dist-packages/std_srvs-4.9.0-py3.12.egg-info/PKG-INFO
[4.884s] -- Symlinking: /home/jiil/ur_ws/install/std_srvs/local/lib/python3.12/dist-packages/std_srvs-4.9.0-py3.12.egg-info/SOURCES.txt
[4.894s] -- Symlinking: /home/jiil/ur_ws/install/std_srvs/local/lib/python3.12/dist-packages/std_srvs-4.9.0-py3.12.egg-info/dependency_links.txt
[4.905s] -- Symlinking: /home/jiil/ur_ws/install/std_srvs/local/lib/python3.12/dist-packages/std_srvs-4.9.0-py3.12.egg-info/top_level.txt
[4.914s] -- Symlinking: /home/jiil/ur_ws/install/std_srvs/local/lib/python3.12/dist-packages/std_srvs/__init__.py
[4.923s] -- Symlinking: /home/jiil/ur_ws/install/std_srvs/local/lib/python3.12/dist-packages/std_srvs/_std_srvs_s.ep.rosidl_typesupport_c.c
[4.933s] -- Symlinking: /home/jiil/ur_ws/install/std_srvs/local/lib/python3.12/dist-packages/std_srvs/_std_srvs_s.ep.rosidl_typesupport_fastrtps_c.c
[4.943s] -- Symlinking: /home/jiil/ur_ws/install/std_srvs/local/lib/python3.12/dist-packages/std_srvs/_std_srvs_s.ep.rosidl_typesupport_introspection_c.c
[4.955s] -- Symlinking: /home/jiil/ur_ws/install/std_srvs/local/lib/python3.12/dist-packages/std_srvs/libstd_srvs__rosidl_generator_py.so
[4.962s] -- Symlinking: /home/jiil/ur_ws/install/std_srvs/local/lib/python3.12/dist-packages/std_srvs/srv/__init__.py
[4.972s] -- Symlinking: /home/jiil/ur_ws/install/std_srvs/local/lib/python3.12/dist-packages/std_srvs/srv/_empty.py
[4.982s] -- Symlinking: /home/jiil/ur_ws/install/std_srvs/local/lib/python3.12/dist-packages/std_srvs/srv/_empty_s.c
[4.992s] -- Symlinking: /home/jiil/ur_ws/install/std_srvs/local/lib/python3.12/dist-packages/std_srvs/srv/_set_bool.py
[5.002s] -- Symlinking: /home/jiil/ur_ws/install/std_srvs/local/lib/python3.12/dist-packages/std_srvs/srv/_set_bool_s.c
[5.012s] -- Symlinking: /home/jiil/ur_ws/install/std_srvs/local/lib/python3.12/dist-packages/std_srvs/srv/_trigger.py
[5.025s] -- Symlinking: /home/jiil/ur_ws/install/std_srvs/local/lib/python3.12/dist-packages/std_srvs/srv/_trigger_s.c
[5.032s] -- Symlinking: /home/jiil/ur_ws/install/std_srvs/local/lib/python3.12/dist-packages/std_srvs/std_srvs_s__rosidl_typesupport_c.cpython-312-x86_64-linux-gnu.so
[5.043s] -- Symlinking: /home/jiil/ur_ws/install/std_srvs/local/lib/python3.12/dist-packages/std_srvs/std_srvs_s__rosidl_typesupport_fastrtps_c.cpython-312-x86_64-linux-gnu.so
[5.052s] -- Symlinking: /home/jiil/ur_ws/install/std_srvs/local/lib/python3.12/dist-packages/std_srvs/std_srvs_s__rosidl_typesupport_introspection_c.cpython-312-x86_64-linux-gnu.so
[5.063s] -- Up-to-date symlink: /home/jiil/ur_ws/install/std_srvs/local/lib/python3.12/dist-packages/std_srvs/std_srvs_s__rosidl_typesupport_introspection_c.cpython-312-x86_64-linux-gnu.so
[5.064s] -- Up-to-date symlink: /home/jiil/ur_ws/install/std_srvs/local/lib/python3.12/dist-packages/std_srvs/std_srvs_s__rosidl_typesupport_fastrtps_c.cpython-312-x86_64-linux-gnu.so
[5.064s] -- Up-to-date symlink: /home/jiil/ur_ws/install/std_srvs/local/lib/python3.12/dist-packages/std_srvs/std_srvs_s__rosidl_typesupport_c.cpython-312-x86_64-linux-gnu.so
[5.064s] -- Symlinking: /home/jiil/ur_ws/install/std_srvs/share/std_srvs/srv/Empty.idl
[5.073s] -- Symlinking: /home/jiil/ur_ws/install/std_srvs/share/std_srvs/srv/SetBool.idl
[5.082s] -- Symlinking: /home/jiil/ur_ws/install/std_srvs/share/std_srvs/srv/Trigger.idl
[5.091s] -- Symlinking: /home/jiil/ur_ws/install/std_srvs/share/std_srvs/srv/Empty.srv
[5.100s] -- Symlinking: /home/jiil/ur_ws/install/std_srvs/share/std_srvs/srv/Empty_Request.msg
[5.108s] -- Symlinking: /home/jiil/ur_ws/install/std_srvs/share/std_srvs/srv/Empty_Response.msg
[5.117s] -- Symlinking: /home/jiil/ur_ws/install/std_srvs/share/std_srvs/srv/SetBool.srv
[5.125s] -- Symlinking: /home/jiil/ur_ws/install/std_srvs/share/std_srvs/srv/SetBool_Request.msg
[5.134s] -- Symlinking: /home/jiil/ur_ws/install/std_srvs/share/std_srvs/srv/SetBool_Response.msg
[5.146s] -- Symlinking: /home/jiil/ur_ws/install/std_srvs/share/std_srvs/srv/Trigger.srv
[5.155s] -- Symlinking: /home/jiil/ur_ws/install/std_srvs/share/std_srvs/srv/Trigger_Request.msg
[5.163s] -- Symlinking: /home/jiil/ur_ws/install/std_srvs/share/std_srvs/srv/Trigger_Response.msg
[5.174s] -- Symlinking: /home/jiil/ur_ws/install/std_srvs/share/ament_index/resource_index/package_run_dependencies/std_srvs
[5.185s] -- Symlinking: /home/jiil/ur_ws/install/std_srvs/share/ament_index/resource_index/parent_prefix_path/std_srvs
[5.195s] -- Symlinking: /home/jiil/ur_ws/install/std_srvs/share/std_srvs/environment/ament_prefix_path.sh
[5.207s] -- Symlinking: /home/jiil/ur_ws/install/std_srvs/share/std_srvs/environment/ament_prefix_path.dsv
[5.217s] -- Symlinking: /home/jiil/ur_ws/install/std_srvs/share/std_srvs/environment/path.sh
[5.230s] -- Symlinking: /home/jiil/ur_ws/install/std_srvs/share/std_srvs/environment/path.dsv
[5.238s] -- Symlinking: /home/jiil/ur_ws/install/std_srvs/share/std_srvs/local_setup.bash
[5.249s] -- Symlinking: /home/jiil/ur_ws/install/std_srvs/share/std_srvs/local_setup.sh
[5.259s] -- Symlinking: /home/jiil/ur_ws/install/std_srvs/share/std_srvs/local_setup.zsh
[5.270s] -- Symlinking: /home/jiil/ur_ws/install/std_srvs/share/std_srvs/local_setup.dsv
[5.278s] -- Symlinking: /home/jiil/ur_ws/install/std_srvs/share/std_srvs/package.dsv
[5.287s] -- Symlinking: /home/jiil/ur_ws/install/std_srvs/share/ament_index/resource_index/packages/std_srvs
[5.297s] -- Symlinking: /home/jiil/ur_ws/install/std_srvs/share/std_srvs/cmake/rosidl_cmake-extras.cmake
[5.307s] -- Symlinking: /home/jiil/ur_ws/install/std_srvs/share/std_srvs/cmake/ament_cmake_export_include_directories-extras.cmake
[5.314s] -- Symlinking: /home/jiil/ur_ws/install/std_srvs/share/std_srvs/cmake/ament_cmake_export_libraries-extras.cmake
[5.325s] -- Symlinking: /home/jiil/ur_ws/install/std_srvs/share/std_srvs/cmake/ament_cmake_export_targets-extras.cmake
[5.334s] -- Symlinking: /home/jiil/ur_ws/install/std_srvs/share/std_srvs/cmake/rosidl_cmake_export_typesupport_targets-extras.cmake
[5.345s] -- Symlinking: /home/jiil/ur_ws/install/std_srvs/share/std_srvs/cmake/ament_cmake_export_dependencies-extras.cmake
[5.354s] -- Symlinking: /home/jiil/ur_ws/install/std_srvs/share/std_srvs/cmake/rosidl_cmake_export_typesupport_libraries-extras.cmake
[5.363s] -- Symlinking: /home/jiil/ur_ws/install/std_srvs/share/std_srvs/cmake/std_srvsConfig.cmake
[5.373s] -- Symlinking: /home/jiil/ur_ws/install/std_srvs/share/std_srvs/cmake/std_srvsConfig-version.cmake
[5.386s] -- Symlinking: /home/jiil/ur_ws/install/std_srvs/share/std_srvs/package.xml
[5.404s] -- Installing: /home/jiil/ur_ws/install/std_srvs/lib/libstd_srvs__rosidl_generator_c.so
[5.405s] -- Set non-toolchain portion of runtime path of "/home/jiil/ur_ws/install/std_srvs/lib/libstd_srvs__rosidl_generator_c.so" to ""
[5.405s] -- Installing: /home/jiil/ur_ws/install/std_srvs/lib/libstd_srvs__rosidl_typesupport_introspection_c.so
[5.405s] -- Set non-toolchain portion of runtime path of "/home/jiil/ur_ws/install/std_srvs/lib/libstd_srvs__rosidl_typesupport_introspection_c.so" to ""
[5.406s] -- Installing: /home/jiil/ur_ws/install/std_srvs/lib/libstd_srvs__rosidl_typesupport_fastrtps_c.so
[5.406s] -- Set non-toolchain portion of runtime path of "/home/jiil/ur_ws/install/std_srvs/lib/libstd_srvs__rosidl_typesupport_fastrtps_c.so" to ""
[5.406s] -- Installing: /home/jiil/ur_ws/install/std_srvs/lib/libstd_srvs__rosidl_typesupport_c.so
[5.406s] -- Set non-toolchain portion of runtime path of "/home/jiil/ur_ws/install/std_srvs/lib/libstd_srvs__rosidl_typesupport_c.so" to ""
[5.406s] -- Installing: /home/jiil/ur_ws/install/std_srvs/lib/libstd_srvs__rosidl_typesupport_introspection_cpp.so
[5.407s] -- Set non-toolchain portion of runtime path of "/home/jiil/ur_ws/install/std_srvs/lib/libstd_srvs__rosidl_typesupport_introspection_cpp.so" to ""
[5.407s] -- Installing: /home/jiil/ur_ws/install/std_srvs/lib/libstd_srvs__rosidl_typesupport_fastrtps_cpp.so
[5.407s] -- Set non-toolchain portion of runtime path of "/home/jiil/ur_ws/install/std_srvs/lib/libstd_srvs__rosidl_typesupport_fastrtps_cpp.so" to ""
[5.407s] -- Installing: /home/jiil/ur_ws/install/std_srvs/lib/libstd_srvs__rosidl_typesupport_cpp.so
[5.407s] -- Set non-toolchain portion of runtime path of "/home/jiil/ur_ws/install/std_srvs/lib/libstd_srvs__rosidl_typesupport_cpp.so" to ""
[5.501s] Listing '/home/jiil/ur_ws/install/std_srvs/local/lib/python3.12/dist-packages/std_srvs'...
[5.501s] Compiling '/home/jiil/ur_ws/install/std_srvs/local/lib/python3.12/dist-packages/std_srvs/__init__.py'...
[5.501s] Listing '/home/jiil/ur_ws/install/std_srvs/local/lib/python3.12/dist-packages/std_srvs/srv'...
[5.501s] Compiling '/home/jiil/ur_ws/install/std_srvs/local/lib/python3.12/dist-packages/std_srvs/srv/__init__.py'...
[5.501s] Compiling '/home/jiil/ur_ws/install/std_srvs/local/lib/python3.12/dist-packages/std_srvs/srv/_empty.py'...
[5.501s] Compiling '/home/jiil/ur_ws/install/std_srvs/local/lib/python3.12/dist-packages/std_srvs/srv/_set_bool.py'...
[5.501s] Compiling '/home/jiil/ur_ws/install/std_srvs/local/lib/python3.12/dist-packages/std_srvs/srv/_trigger.py'...
[5.508s] -- Installing: /home/jiil/ur_ws/install/std_srvs/lib/libstd_srvs__rosidl_generator_py.so
[5.508s] -- Set non-toolchain portion of runtime path of "/home/jiil/ur_ws/install/std_srvs/lib/libstd_srvs__rosidl_generator_py.so" to ""
[5.508s] -- Installing: /home/jiil/ur_ws/install/std_srvs/share/std_srvs/cmake/export_std_srvs__rosidl_generator_cExport.cmake
[5.508s] -- Installing: /home/jiil/ur_ws/install/std_srvs/share/std_srvs/cmake/export_std_srvs__rosidl_generator_cExport-release.cmake
[5.509s] -- Installing: /home/jiil/ur_ws/install/std_srvs/share/std_srvs/cmake/std_srvs__rosidl_typesupport_introspection_cExport.cmake
[5.509s] -- Installing: /home/jiil/ur_ws/install/std_srvs/share/std_srvs/cmake/std_srvs__rosidl_typesupport_introspection_cExport-release.cmake
[5.509s] -- Installing: /home/jiil/ur_ws/install/std_srvs/share/std_srvs/cmake/export_std_srvs__rosidl_typesupport_fastrtps_cExport.cmake
[5.509s] -- Installing: /home/jiil/ur_ws/install/std_srvs/share/std_srvs/cmake/export_std_srvs__rosidl_typesupport_fastrtps_cExport-release.cmake
[5.509s] -- Installing: /home/jiil/ur_ws/install/std_srvs/share/std_srvs/cmake/std_srvs__rosidl_typesupport_cExport.cmake
[5.509s] -- Installing: /home/jiil/ur_ws/install/std_srvs/share/std_srvs/cmake/std_srvs__rosidl_typesupport_cExport-release.cmake
[5.509s] -- Installing: /home/jiil/ur_ws/install/std_srvs/share/std_srvs/cmake/export_std_srvs__rosidl_generator_cppExport.cmake
[5.509s] -- Installing: /home/jiil/ur_ws/install/std_srvs/share/std_srvs/cmake/std_srvs__rosidl_typesupport_introspection_cppExport.cmake
[5.509s] -- Installing: /home/jiil/ur_ws/install/std_srvs/share/std_srvs/cmake/std_srvs__rosidl_typesupport_introspection_cppExport-release.cmake
[5.509s] -- Installing: /home/jiil/ur_ws/install/std_srvs/share/std_srvs/cmake/export_std_srvs__rosidl_typesupport_fastrtps_cppExport.cmake
[5.509s] -- Installing: /home/jiil/ur_ws/install/std_srvs/share/std_srvs/cmake/export_std_srvs__rosidl_typesupport_fastrtps_cppExport-release.cmake
[5.509s] -- Installing: /home/jiil/ur_ws/install/std_srvs/share/std_srvs/cmake/std_srvs__rosidl_typesupport_cppExport.cmake
[5.509s] -- Installing: /home/jiil/ur_ws/install/std_srvs/share/std_srvs/cmake/std_srvs__rosidl_typesupport_cppExport-release.cmake
[5.509s] -- Installing: /home/jiil/ur_ws/install/std_srvs/share/std_srvs/cmake/export_std_srvs__rosidl_generator_pyExport.cmake
[5.509s] -- Installing: /home/jiil/ur_ws/install/std_srvs/share/std_srvs/cmake/export_std_srvs__rosidl_generator_pyExport-release.cmake
[5.511s] Invoked command in '/home/jiil/ur_ws/build/std_srvs' returned '0': CMAKE_PREFIX_PATH=${CMAKE_PREFIX_PATH}:/home/jiil/ros2_humble/install/rqt_bag_plugins:/home/jiil/ros2_humble/install/rqt_bag:/home/jiil/ros2_humble/install/launch_testing_examples:/home/jiil/ros2_humble/install/ros2bag:/home/jiil/ros2_humble/install/tracetools_test:/home/jiil/ros2_humble/install/tracetools_launch:/home/jiil/ros2_humble/install/topic_monitor:/home/jiil/ros2_humble/install/tf2_tools:/home/jiil/ros2_humble/install/examples_tf2_py:/home/jiil/ros2_humble/install/tf2_ros_py:/home/jiil/ros2_humble/install/sros2:/home/jiil/ros2_humble/install/rqt_topic:/home/jiil/ros2_humble/install/rqt_srv:/home/jiil/ros2_humble/install/rqt_shell:/home/jiil/ros2_humble/install/rqt_service_caller:/home/jiil/ros2_humble/install/rqt_reconfigure:/home/jiil/ros2_humble/install/rqt_py_console:/home/jiil/ros2_humble/install/rqt_publisher:/home/jiil/ros2_humble/install/rqt_plot:/home/jiil/ros2_humble/install/rqt_action:/home/jiil/ros2_humble/install/rqt_msg:/home/jiil/ros2_humble/install/rqt_console:/home/jiil/ros2_humble/install/rqt:/home/jiil/ros2_humble/install/rqt_graph:/home/jiil/ros2_humble/install/rqt_gui_py:/home/jiil/ros2_humble/install/rqt_gui:/home/jiil/ros2_humble/install/ros2trace:/home/jiil/ros2_humble/install/ros2topic:/home/jiil/ros2_humble/install/ros2test:/home/jiil/ros2_humble/install/ros2component:/home/jiil/ros2_humble/install/ros2param:/home/jiil/ros2_humble/install/ros2lifecycle:/home/jiil/ros2_humble/install/ros2service:/home/jiil/ros2_humble/install/ros2run:/home/jiil/ros2_humble/install/ros2plugin:/home/jiil/ros2_humble/install/ros2launch:/home/jiil/ros2_humble/install/ros2pkg:/home/jiil/ros2_humble/install/ros2node:/home/jiil/ros2_humble/install/ros2multicast:/home/jiil/ros2_humble/install/ros2interface:/home/jiil/ros2_humble/install/ros2doctor:/home/jiil/ros2_humble/install/ros2action:/home/jiil/ros2_humble/install/ros2cli:/home/jiil/ros2_humble/install/quality_of_service_demo_py:/home/jiil/ros2_humble/install/lifecycle_py:/home/jiil/ros2_humble/install/launch_testing_ros:/home/jiil/ros2_humble/install/launch_ros:/home/jiil/ros2_humble/install/examples_rclpy_pointcloud_publisher:/home/jiil/ros2_humble/install/examples_rclpy_minimal_subscriber:/home/jiil/ros2_humble/install/examples_rclpy_minimal_service:/home/jiil/ros2_humble/install/examples_rclpy_minimal_publisher:/home/jiil/ros2_humble/install/examples_rclpy_minimal_client:/home/jiil/ros2_humble/install/examples_rclpy_minimal_action_server:/home/jiil/ros2_humble/install/examples_rclpy_minimal_action_client:/home/jiil/ros2_humble/install/examples_rclpy_guard_conditions:/home/jiil/ros2_humble/install/examples_rclpy_executors:/home/jiil/ros2_humble/install/demo_nodes_py:/home/jiil/ros2_humble/install/camera_info_manager_py:/home/jiil/ros2_humble/install/action_tutorials_py:/home/jiil/ros2_humble/install/ament_uncrustify:/home/jiil/ros2_humble/install/tracetools_trace:/home/jiil/ros2_humble/install/tracetools_read:/home/jiil/ros2_humble/install/test_tracetools_launch:/home/jiil/ros2_humble/install/test_launch_ros:/home/jiil/ros2_humble/install/sensor_msgs_py:/home/jiil/ros2_humble/install/rpyutils:/home/jiil/ros2_humble/install/rosidl_runtime_py:/home/jiil/ros2_humble/install/rosidl_cli:/home/jiil/ros2_humble/install/launch_pytest:/home/jiil/ros2_humble/install/launch_testing:/home/jiil/ros2_humble/install/launch_yaml:/home/jiil/ros2_humble/install/launch_xml:/home/jiil/ros2_humble/install/launch:/home/jiil/ros2_humble/install/osrf_pycommon:/home/jiil/ros2_humble/install/domain_coordinator:/home/jiil/ros2_humble/install/ament_xmllint:/home/jiil/ros2_humble/install/ament_pyflakes:/home/jiil/ros2_humble/install/ament_pycodestyle:/home/jiil/ros2_humble/install/ament_pep257:/home/jiil/ros2_humble/install/ament_pclint:/home/jiil/ros2_humble/install/ament_package:/home/jiil/ros2_humble/install/ament_mypy:/home/jiil/ros2_humble/install/ament_lint_cmake:/home/jiil/ros2_humble/install/ament_flake8:/home/jiil/ros2_humble/install/ament_copyright:/home/jiil/ros2_humble/install/ament_lint:/home/jiil/ros2_humble/install/ament_index_python:/home/jiil/ros2_humble/install/ament_cpplint:/home/jiil/ros2_humble/install/ament_cppcheck:/home/jiil/ros2_humble/install/ament_clang_tidy:/home/jiil/ros2_humble/install/ament_clang_format DEBUGINFOD_URLS=https://debuginfod.ubuntu.com /usr/bin/cmake --install /home/jiil/ur_ws/build/std_srvs
