-- The C compiler identification is GNU 13.3.0
-- The CXX compiler identification is GNU 13.3.0
-- Detecting C compiler ABI info
-- Detecting C compiler ABI info - done
-- Check for working C compiler: /usr/bin/cc - skipped
-- Detecting C compile features
-- Detecting C compile features - done
-- Detecting CXX compiler ABI info
-- Detecting CXX compiler ABI info - done
-- Check for working CXX compiler: /usr/bin/c++ - skipped
-- Detecting CXX compile features
-- Detecting CXX compile features - done
-- Found ament_cmake: 1.3.12 (/home/jiil/ros2_humble/install/ament_cmake/share/ament_cmake/cmake)
-- Found Python3: /usr/bin/python3 (found version "3.12.3") found components: Interpreter 
-- Override CMake install command with custom implementation using symlinks instead of copying resources
-- Found rclcpp: 16.0.15 (/home/jiil/ros2_humble/install/rclcpp/share/rclcpp/cmake)
-- Found rosidl_generator_c: 3.1.7 (/home/jiil/ros2_humble/install/rosidl_generator_c/share/rosidl_generator_c/cmake)
-- Found rosidl_adapter: 3.1.7 (/home/jiil/ros2_humble/install/rosidl_adapter/share/rosidl_adapter/cmake)
-- Found rosidl_generator_cpp: 3.1.7 (/home/jiil/ros2_humble/install/rosidl_generator_cpp/share/rosidl_generator_cpp/cmake)
-- Using all available rosidl_typesupport_c: rosidl_typesupport_introspection_c;rosidl_typesupport_fastrtps_c
-- Using all available rosidl_typesupport_cpp: rosidl_typesupport_introspection_cpp;rosidl_typesupport_fastrtps_cpp
-- Found rmw_implementation_cmake: 6.1.2 (/home/jiil/ros2_humble/install/rmw_implementation_cmake/share/rmw_implementation_cmake/cmake)
-- Found rmw_fastrtps_cpp: 6.2.9 (/home/jiil/ros2_humble/install/rmw_fastrtps_cpp/share/rmw_fastrtps_cpp/cmake)
-- Found OpenSSL: /usr/lib/x86_64-linux-gnu/libcrypto.so (found version "3.0.13")  
-- Found FastRTPS: /home/jiil/ros2_humble/install/fastrtps/include  
-- Using RMW implementation 'rmw_fastrtps_cpp' as default
-- Performing Test CMAKE_HAVE_LIBC_PTHREAD
-- Performing Test CMAKE_HAVE_LIBC_PTHREAD - Success
-- Found Threads: TRUE  
-- Found rclpy: 3.3.17 (/home/jiil/ros2_humble/install/rclpy/share/rclpy/cmake)
-- Found geometry_msgs: 4.9.0 (/home/jiil/ur_ws/install/geometry_msgs/share/geometry_msgs/cmake)
-- Found sensor_msgs: 4.9.0 (/home/jiil/ur_ws/install/sensor_msgs/share/sensor_msgs/cmake)
-- Found vision_msgs: 4.1.1 (/home/jiil/ur_ws/install/vision_msgs/share/vision_msgs/cmake)
-- Found visualization_msgs: 4.9.0 (/home/jiil/ur_ws/install/visualization_msgs/share/visualization_msgs/cmake)
-- Found cv_bridge: 3.2.1 (/home/jiil/ur_ws/install/cv_bridge/share/cv_bridge/cmake)
-- Found image_geometry: 3.2.1 (/home/jiil/ur_ws/install/image_geometry/share/image_geometry/cmake)
-- Found message_filters: 4.3.10 (/home/jiil/ros2_humble/install/message_filters/share/message_filters/cmake)
-- Found pcl_conversions: 2.4.5 (/home/jiil/ur_ws/install/pcl_conversions/share/pcl_conversions/cmake)
[33mCMake Warning (dev) at /usr/lib/x86_64-linux-gnu/cmake/pcl/Modules/FindFLANN.cmake:45 (find_package):
  Policy CMP0144 is not set: find_package uses upper-case <PACKAGENAME>_ROOT
  variables.  Run "cmake --help-policy CMP0144" for policy details.  Use the
  cmake_policy command to set the policy and suppress this warning.

  CMake variable FLANN_ROOT is set to:

    /usr

  For compatibility, find_package is ignoring the variable, but code in a
  .cmake module might still use it.
Call Stack (most recent call first):
  /usr/lib/x86_64-linux-gnu/cmake/pcl/PCLConfig.cmake:261 (find_package)
  /usr/lib/x86_64-linux-gnu/cmake/pcl/PCLConfig.cmake:306 (find_flann)
  /usr/lib/x86_64-linux-gnu/cmake/pcl/PCLConfig.cmake:570 (find_external_library)
  /home/jiil/ur_ws/install/pcl_conversions/share/pcl_conversions/cmake/ament_cmake_export_dependencies-extras.cmake:21 (find_package)
  /home/jiil/ur_ws/install/pcl_conversions/share/pcl_conversions/cmake/pcl_conversionsConfig.cmake:41 (include)
  CMakeLists.txt:20 (find_package)
This warning is for project developers.  Use -Wno-dev to suppress it.
[0m
-- Found flann version 1.9.2
-- Found OpenMP_CXX: -fopenmp (found version "4.5") 
-- Found OpenMP: TRUE (found version "4.5") found components: CXX 
-- Checking for module 'libusb-1.0'
--   Found libusb-1.0, version 1.0.27
-- Found libusb: /usr/lib/x86_64-linux-gnu/libusb-1.0.so  
-- OpenNI found (version: 1.5.4.0, include: /usr/include/ni, lib: /usr/lib/libOpenNI.so;libusb::libusb)
-- OpenNI2 found (version: 2.2.0.33, include: /usr/include/openni2, lib: /usr/lib/x86_64-linux-gnu/libOpenNI2.so;libusb::libusb)
-- Could NOT find Pcap (missing: PCAP_LIBRARIES PCAP_INCLUDE_DIRS) 
-- Found ZLIB: /usr/lib/x86_64-linux-gnu/libz.so (found version "1.3")  
-- Found PNG: /usr/lib/x86_64-linux-gnu/libpng.so (found version "1.6.43") 
-- OpenNI found (version: 1.5.4.0, include: /usr/include/ni, lib: /usr/lib/libOpenNI.so;libusb::libusb)
-- OpenNI2 found (version: 2.2.0.33, include: /usr/include/openni2, lib: /usr/lib/x86_64-linux-gnu/libOpenNI2.so;libusb::libusb)
-- Found Qhull version 8.0.2
-- OpenNI found (version: 1.5.4.0, include: /usr/include/ni, lib: /usr/lib/libOpenNI.so;libusb::libusb)
-- Found PCL_COMMON: /usr/lib/x86_64-linux-gnu/libpcl_common.so  
-- Found PCL_KDTREE: /usr/lib/x86_64-linux-gnu/libpcl_kdtree.so  
-- Found PCL_OCTREE: /usr/lib/x86_64-linux-gnu/libpcl_octree.so  
-- Found PCL_SEARCH: /usr/lib/x86_64-linux-gnu/libpcl_search.so  
-- Found PCL_SAMPLE_CONSENSUS: /usr/lib/x86_64-linux-gnu/libpcl_sample_consensus.so  
-- Found PCL_FILTERS: /usr/lib/x86_64-linux-gnu/libpcl_filters.so  
-- Found PCL_2D: /usr/include/pcl-1.14  
-- Found PCL_GEOMETRY: /usr/include/pcl-1.14  
-- Found PCL_IO: /usr/lib/x86_64-linux-gnu/libpcl_io.so  
-- Found PCL_FEATURES: /usr/lib/x86_64-linux-gnu/libpcl_features.so  
-- Found PCL_ML: /usr/lib/x86_64-linux-gnu/libpcl_ml.so  
-- Found PCL_SEGMENTATION: /usr/lib/x86_64-linux-gnu/libpcl_segmentation.so  
-- Found PCL_VISUALIZATION: /usr/lib/x86_64-linux-gnu/libpcl_visualization.so  
-- Found PCL_SURFACE: /usr/lib/x86_64-linux-gnu/libpcl_surface.so  
-- Found PCL_REGISTRATION: /usr/lib/x86_64-linux-gnu/libpcl_registration.so  
-- Found PCL_KEYPOINTS: /usr/lib/x86_64-linux-gnu/libpcl_keypoints.so  
-- Found PCL_TRACKING: /usr/lib/x86_64-linux-gnu/libpcl_tracking.so  
-- Found PCL_RECOGNITION: /usr/lib/x86_64-linux-gnu/libpcl_recognition.so  
-- Found PCL_STEREO: /usr/lib/x86_64-linux-gnu/libpcl_stereo.so  
-- Found PCL_APPS: /usr/lib/x86_64-linux-gnu/libpcl_apps.so  
-- Found PCL_IN_HAND_SCANNER: /usr/include/pcl-1.14  
-- Found PCL_MODELER: /usr/include/pcl-1.14  
-- Found PCL_POINT_CLOUD_EDITOR: /usr/include/pcl-1.14  
-- Found PCL_OUTOFCORE: /usr/lib/x86_64-linux-gnu/libpcl_outofcore.so  
-- Found PCL_PEOPLE: /usr/lib/x86_64-linux-gnu/libpcl_people.so  
-- Found tf2_eigen: 0.25.16 (/home/jiil/ros2_humble/install/tf2_eigen/share/tf2_eigen/cmake)
-- Found OpenCV: /usr (found version "4.6.0") 
[33mCMake Warning (dev) at CMakeLists.txt:24 (find_package):
  Policy CMP0074 is not set: find_package uses <PackageName>_ROOT variables.
  Run "cmake --help-policy CMP0074" for policy details.  Use the cmake_policy
  command to set the policy and suppress this warning.

  CMake variable PCL_ROOT is set to:

    /usr

  For compatibility, CMake is ignoring the variable.
This warning is for project developers.  Use -Wno-dev to suppress it.
[0m
-- Found ament_cmake_ros: 0.10.0 (/home/jiil/ros2_humble/install/ament_cmake_ros/share/ament_cmake_ros/cmake)
-- Using all available rosidl_typesupport_c: rosidl_typesupport_introspection_c;rosidl_typesupport_fastrtps_c
-- Using all available rosidl_typesupport_cpp: rosidl_typesupport_introspection_cpp;rosidl_typesupport_fastrtps_cpp
-- Configuring done (6.2s)
-- Generating done (0.0s)
-- Build files have been written to: /home/jiil/ur_ws/build/ultralytics_ros
[  4%] [34m[1mGenerating C code for ROS interfaces[0m
[  8%] [34m[1mGenerating C++ code for ROS interfaces[0m
[ 12%] Built target ultralytics_ros__cpp
[ 12%] [32mBuilding C object CMakeFiles/ultralytics_ros__rosidl_generator_c.dir/rosidl_generator_c/ultralytics_ros/msg/detail/yolo_result__functions.c.o[0m
[ 16%] [34m[1mGenerating C++ type support dispatch for ROS interfaces[0m
[ 20%] [34m[1mGenerating C++ type support for eProsima Fast-RTPS[0m
[ 25%] [34m[1mGenerating C++ introspection for ROS interfaces[0m
[ 29%] [32m[1mLinking C shared library libultralytics_ros__rosidl_generator_c.so[0m
[ 29%] Built target ultralytics_ros__rosidl_generator_c
[ 41%] [34m[1mGenerating C introspection for ROS interfaces[0m
[ 41%] [34m[1mGenerating C type support for eProsima Fast-RTPS[0m
[ 41%] [34m[1mGenerating C type support dispatch for ROS interfaces[0m
[ 45%] [32mBuilding CXX object CMakeFiles/ultralytics_ros__rosidl_typesupport_cpp.dir/rosidl_typesupport_cpp/ultralytics_ros/msg/yolo_result__type_support.cpp.o[0m
[ 50%] [32mBuilding CXX object CMakeFiles/ultralytics_ros__rosidl_typesupport_introspection_cpp.dir/rosidl_typesupport_introspection_cpp/ultralytics_ros/msg/detail/yolo_result__type_support.cpp.o[0m
[ 54%] [32mBuilding CXX object CMakeFiles/ultralytics_ros__rosidl_typesupport_fastrtps_cpp.dir/rosidl_typesupport_fastrtps_cpp/ultralytics_ros/msg/detail/dds_fastrtps/yolo_result__type_support.cpp.o[0m
[ 58%] [32m[1mLinking CXX shared library libultralytics_ros__rosidl_typesupport_cpp.so[0m
[ 62%] [32mBuilding C object CMakeFiles/ultralytics_ros__rosidl_typesupport_introspection_c.dir/rosidl_typesupport_introspection_c/ultralytics_ros/msg/detail/yolo_result__type_support.c.o[0m
[ 66%] [32mBuilding CXX object CMakeFiles/ultralytics_ros__rosidl_typesupport_c.dir/rosidl_typesupport_c/ultralytics_ros/msg/yolo_result__type_support.cpp.o[0m
[ 66%] Built target ultralytics_ros__rosidl_typesupport_cpp
[ 70%] [32m[1mLinking C shared library libultralytics_ros__rosidl_typesupport_introspection_c.so[0m
[ 75%] [32mBuilding CXX object CMakeFiles/ultralytics_ros__rosidl_typesupport_fastrtps_c.dir/rosidl_typesupport_fastrtps_c/ultralytics_ros/msg/detail/yolo_result__type_support_c.cpp.o[0m
[ 79%] [32m[1mLinking CXX shared library libultralytics_ros__rosidl_typesupport_c.so[0m
[ 83%] [32mBuilding CXX object CMakeFiles/tracker_with_cloud_node.dir/src/tracker_with_cloud_node.cpp.o[0m
[ 83%] Built target ultralytics_ros__rosidl_typesupport_introspection_c
[ 83%] Built target ultralytics_ros__rosidl_typesupport_c
[ 87%] [32m[1mLinking CXX shared library libultralytics_ros__rosidl_typesupport_introspection_cpp.so[0m
[ 87%] Built target ultralytics_ros__rosidl_typesupport_introspection_cpp
[ 91%] [32m[1mLinking CXX shared library libultralytics_ros__rosidl_typesupport_fastrtps_c.so[0m
[ 95%] [32m[1mLinking CXX shared library libultralytics_ros__rosidl_typesupport_fastrtps_cpp.so[0m
[ 95%] Built target ultralytics_ros__rosidl_typesupport_fastrtps_c
[ 95%] Built target ultralytics_ros__rosidl_typesupport_fastrtps_cpp
[ 95%] Built target ultralytics_ros
[100%] [32m[1mLinking CXX executable tracker_with_cloud_node[0m
[100%] Built target tracker_with_cloud_node
-- Install configuration: "Release"
-- Execute custom install script
-- Symlinking: /home/jiil/ur_ws/install/ultralytics_ros/share/ament_index/resource_index/rosidl_interfaces/ultralytics_ros
-- Symlinking: /home/jiil/ur_ws/install/ultralytics_ros/include/ultralytics_ros/ultralytics_ros/msg/detail/yolo_result__functions.h
-- Symlinking: /home/jiil/ur_ws/install/ultralytics_ros/include/ultralytics_ros/ultralytics_ros/msg/detail/yolo_result__struct.h
-- Symlinking: /home/jiil/ur_ws/install/ultralytics_ros/include/ultralytics_ros/ultralytics_ros/msg/detail/yolo_result__type_support.h
-- Symlinking: /home/jiil/ur_ws/install/ultralytics_ros/include/ultralytics_ros/ultralytics_ros/msg/rosidl_generator_c__visibility_control.h
-- Symlinking: /home/jiil/ur_ws/install/ultralytics_ros/include/ultralytics_ros/ultralytics_ros/msg/yolo_result.h
-- Symlinking: /home/jiil/ur_ws/install/ultralytics_ros/share/ultralytics_ros/environment/library_path.sh
-- Symlinking: /home/jiil/ur_ws/install/ultralytics_ros/share/ultralytics_ros/environment/library_path.dsv
-- Symlinking: /home/jiil/ur_ws/install/ultralytics_ros/include/ultralytics_ros/ultralytics_ros/msg/detail/yolo_result__rosidl_typesupport_fastrtps_c.h
-- Symlinking: /home/jiil/ur_ws/install/ultralytics_ros/include/ultralytics_ros/ultralytics_ros/msg/rosidl_typesupport_fastrtps_c__visibility_control.h
-- Symlinking: /home/jiil/ur_ws/install/ultralytics_ros/include/ultralytics_ros/ultralytics_ros/msg/detail/yolo_result__builder.hpp
-- Symlinking: /home/jiil/ur_ws/install/ultralytics_ros/include/ultralytics_ros/ultralytics_ros/msg/detail/yolo_result__struct.hpp
-- Symlinking: /home/jiil/ur_ws/install/ultralytics_ros/include/ultralytics_ros/ultralytics_ros/msg/detail/yolo_result__traits.hpp
-- Symlinking: /home/jiil/ur_ws/install/ultralytics_ros/include/ultralytics_ros/ultralytics_ros/msg/detail/yolo_result__type_support.hpp
-- Symlinking: /home/jiil/ur_ws/install/ultralytics_ros/include/ultralytics_ros/ultralytics_ros/msg/rosidl_generator_cpp__visibility_control.hpp
-- Symlinking: /home/jiil/ur_ws/install/ultralytics_ros/include/ultralytics_ros/ultralytics_ros/msg/yolo_result.hpp
-- Symlinking: /home/jiil/ur_ws/install/ultralytics_ros/include/ultralytics_ros/ultralytics_ros/msg/detail/yolo_result__rosidl_typesupport_fastrtps_cpp.hpp
-- Symlinking: /home/jiil/ur_ws/install/ultralytics_ros/include/ultralytics_ros/ultralytics_ros/msg/rosidl_typesupport_fastrtps_cpp__visibility_control.h
-- Symlinking: /home/jiil/ur_ws/install/ultralytics_ros/include/ultralytics_ros/ultralytics_ros/msg/detail/yolo_result__rosidl_typesupport_introspection_c.h
-- Symlinking: /home/jiil/ur_ws/install/ultralytics_ros/include/ultralytics_ros/ultralytics_ros/msg/rosidl_typesupport_introspection_c__visibility_control.h
-- Symlinking: /home/jiil/ur_ws/install/ultralytics_ros/include/ultralytics_ros/ultralytics_ros/msg/detail/yolo_result__rosidl_typesupport_introspection_cpp.hpp
-- Symlinking: /home/jiil/ur_ws/install/ultralytics_ros/share/ultralytics_ros/msg/YoloResult.idl
-- Symlinking: /home/jiil/ur_ws/install/ultralytics_ros/share/ultralytics_ros/msg/YoloResult.msg
-- Symlinking: /home/jiil/ur_ws/install/ultralytics_ros/lib/ultralytics_ros/tracker_with_cloud_node
-- Symlinking: /home/jiil/ur_ws/install/ultralytics_ros/lib/ultralytics_ros/tracker_node.py
-- Symlinking: /home/jiil/ur_ws/install/ultralytics_ros/share/ultralytics_ros/launch/kitti_tracker.launch.xml
-- Symlinking: /home/jiil/ur_ws/install/ultralytics_ros/share/ultralytics_ros/launch/kitti_tracker_with_cloud.launch.xml
-- Symlinking: /home/jiil/ur_ws/install/ultralytics_ros/share/ultralytics_ros/launch/tracker.launch.xml
-- Symlinking: /home/jiil/ur_ws/install/ultralytics_ros/share/ultralytics_ros/launch/tracker_with_cloud.launch.xml
-- Symlinking: /home/jiil/ur_ws/install/ultralytics_ros/share/ultralytics_ros/rviz2/default.rviz
-- Symlinking: /home/jiil/ur_ws/install/ultralytics_ros/share/ultralytics_ros/rviz2/kitti.rviz
-- Symlinking: /home/jiil/ur_ws/install/ultralytics_ros/share/ament_index/resource_index/package_run_dependencies/ultralytics_ros
-- Symlinking: /home/jiil/ur_ws/install/ultralytics_ros/share/ament_index/resource_index/parent_prefix_path/ultralytics_ros
-- Symlinking: /home/jiil/ur_ws/install/ultralytics_ros/share/ultralytics_ros/environment/ament_prefix_path.sh
-- Symlinking: /home/jiil/ur_ws/install/ultralytics_ros/share/ultralytics_ros/environment/ament_prefix_path.dsv
-- Symlinking: /home/jiil/ur_ws/install/ultralytics_ros/share/ultralytics_ros/environment/path.sh
-- Symlinking: /home/jiil/ur_ws/install/ultralytics_ros/share/ultralytics_ros/environment/path.dsv
-- Symlinking: /home/jiil/ur_ws/install/ultralytics_ros/share/ultralytics_ros/local_setup.bash
-- Symlinking: /home/jiil/ur_ws/install/ultralytics_ros/share/ultralytics_ros/local_setup.sh
-- Symlinking: /home/jiil/ur_ws/install/ultralytics_ros/share/ultralytics_ros/local_setup.zsh
-- Symlinking: /home/jiil/ur_ws/install/ultralytics_ros/share/ultralytics_ros/local_setup.dsv
-- Symlinking: /home/jiil/ur_ws/install/ultralytics_ros/share/ultralytics_ros/package.dsv
-- Symlinking: /home/jiil/ur_ws/install/ultralytics_ros/share/ament_index/resource_index/packages/ultralytics_ros
-- Symlinking: /home/jiil/ur_ws/install/ultralytics_ros/share/ultralytics_ros/cmake/rosidl_cmake-extras.cmake
-- Symlinking: /home/jiil/ur_ws/install/ultralytics_ros/share/ultralytics_ros/cmake/ament_cmake_export_dependencies-extras.cmake
-- Symlinking: /home/jiil/ur_ws/install/ultralytics_ros/share/ultralytics_ros/cmake/ament_cmake_export_include_directories-extras.cmake
-- Symlinking: /home/jiil/ur_ws/install/ultralytics_ros/share/ultralytics_ros/cmake/ament_cmake_export_libraries-extras.cmake
-- Symlinking: /home/jiil/ur_ws/install/ultralytics_ros/share/ultralytics_ros/cmake/ament_cmake_export_targets-extras.cmake
-- Symlinking: /home/jiil/ur_ws/install/ultralytics_ros/share/ultralytics_ros/cmake/rosidl_cmake_export_typesupport_targets-extras.cmake
-- Symlinking: /home/jiil/ur_ws/install/ultralytics_ros/share/ultralytics_ros/cmake/rosidl_cmake_export_typesupport_libraries-extras.cmake
-- Symlinking: /home/jiil/ur_ws/install/ultralytics_ros/share/ultralytics_ros/cmake/ultralytics_rosConfig.cmake
-- Symlinking: /home/jiil/ur_ws/install/ultralytics_ros/share/ultralytics_ros/cmake/ultralytics_rosConfig-version.cmake
-- Symlinking: /home/jiil/ur_ws/install/ultralytics_ros/share/ultralytics_ros/package.xml
-- Installing: /home/jiil/ur_ws/install/ultralytics_ros/lib/libultralytics_ros__rosidl_generator_c.so
-- Set non-toolchain portion of runtime path of "/home/jiil/ur_ws/install/ultralytics_ros/lib/libultralytics_ros__rosidl_generator_c.so" to ""
-- Installing: /home/jiil/ur_ws/install/ultralytics_ros/lib/libultralytics_ros__rosidl_typesupport_fastrtps_c.so
-- Set non-toolchain portion of runtime path of "/home/jiil/ur_ws/install/ultralytics_ros/lib/libultralytics_ros__rosidl_typesupport_fastrtps_c.so" to ""
-- Installing: /home/jiil/ur_ws/install/ultralytics_ros/lib/libultralytics_ros__rosidl_typesupport_fastrtps_cpp.so
-- Set non-toolchain portion of runtime path of "/home/jiil/ur_ws/install/ultralytics_ros/lib/libultralytics_ros__rosidl_typesupport_fastrtps_cpp.so" to ""
-- Installing: /home/jiil/ur_ws/install/ultralytics_ros/lib/libultralytics_ros__rosidl_typesupport_introspection_c.so
-- Set non-toolchain portion of runtime path of "/home/jiil/ur_ws/install/ultralytics_ros/lib/libultralytics_ros__rosidl_typesupport_introspection_c.so" to ""
-- Installing: /home/jiil/ur_ws/install/ultralytics_ros/lib/libultralytics_ros__rosidl_typesupport_c.so
-- Set non-toolchain portion of runtime path of "/home/jiil/ur_ws/install/ultralytics_ros/lib/libultralytics_ros__rosidl_typesupport_c.so" to ""
-- Installing: /home/jiil/ur_ws/install/ultralytics_ros/lib/libultralytics_ros__rosidl_typesupport_introspection_cpp.so
-- Set non-toolchain portion of runtime path of "/home/jiil/ur_ws/install/ultralytics_ros/lib/libultralytics_ros__rosidl_typesupport_introspection_cpp.so" to ""
-- Installing: /home/jiil/ur_ws/install/ultralytics_ros/lib/libultralytics_ros__rosidl_typesupport_cpp.so
-- Set non-toolchain portion of runtime path of "/home/jiil/ur_ws/install/ultralytics_ros/lib/libultralytics_ros__rosidl_typesupport_cpp.so" to ""
-- Installing: /home/jiil/ur_ws/install/ultralytics_ros/share/ultralytics_ros/cmake/export_ultralytics_ros__rosidl_generator_cExport.cmake
-- Installing: /home/jiil/ur_ws/install/ultralytics_ros/share/ultralytics_ros/cmake/export_ultralytics_ros__rosidl_generator_cExport-release.cmake
-- Installing: /home/jiil/ur_ws/install/ultralytics_ros/share/ultralytics_ros/cmake/export_ultralytics_ros__rosidl_typesupport_fastrtps_cExport.cmake
-- Installing: /home/jiil/ur_ws/install/ultralytics_ros/share/ultralytics_ros/cmake/export_ultralytics_ros__rosidl_typesupport_fastrtps_cExport-release.cmake
-- Installing: /home/jiil/ur_ws/install/ultralytics_ros/share/ultralytics_ros/cmake/export_ultralytics_ros__rosidl_generator_cppExport.cmake
-- Installing: /home/jiil/ur_ws/install/ultralytics_ros/share/ultralytics_ros/cmake/export_ultralytics_ros__rosidl_typesupport_fastrtps_cppExport.cmake
-- Installing: /home/jiil/ur_ws/install/ultralytics_ros/share/ultralytics_ros/cmake/export_ultralytics_ros__rosidl_typesupport_fastrtps_cppExport-release.cmake
-- Installing: /home/jiil/ur_ws/install/ultralytics_ros/share/ultralytics_ros/cmake/ultralytics_ros__rosidl_typesupport_introspection_cExport.cmake
-- Installing: /home/jiil/ur_ws/install/ultralytics_ros/share/ultralytics_ros/cmake/ultralytics_ros__rosidl_typesupport_introspection_cExport-release.cmake
-- Installing: /home/jiil/ur_ws/install/ultralytics_ros/share/ultralytics_ros/cmake/ultralytics_ros__rosidl_typesupport_cExport.cmake
-- Installing: /home/jiil/ur_ws/install/ultralytics_ros/share/ultralytics_ros/cmake/ultralytics_ros__rosidl_typesupport_cExport-release.cmake
-- Installing: /home/jiil/ur_ws/install/ultralytics_ros/share/ultralytics_ros/cmake/ultralytics_ros__rosidl_typesupport_introspection_cppExport.cmake
-- Installing: /home/jiil/ur_ws/install/ultralytics_ros/share/ultralytics_ros/cmake/ultralytics_ros__rosidl_typesupport_introspection_cppExport-release.cmake
-- Installing: /home/jiil/ur_ws/install/ultralytics_ros/share/ultralytics_ros/cmake/ultralytics_ros__rosidl_typesupport_cppExport.cmake
-- Installing: /home/jiil/ur_ws/install/ultralytics_ros/share/ultralytics_ros/cmake/ultralytics_ros__rosidl_typesupport_cppExport-release.cmake
