-- The C compiler identification is GNU 13.3.0
-- The CXX compiler identification is GNU 13.3.0
-- Detecting C compiler ABI info
-- Detecting C compiler ABI info - done
-- Check for working C compiler: /usr/bin/cc - skipped
-- Detecting C compile features
-- Detecting C compile features - done
-- Detecting CXX compiler ABI info
-- Detecting CXX compiler ABI info - done
-- Check for working CXX compiler: /usr/bin/c++ - skipped
-- Detecting CXX compile features
-- Detecting CXX compile features - done
-- Found ament_cmake: 1.3.12 (/home/jiil/ros2_humble/install/ament_cmake/share/ament_cmake/cmake)
-- Found Python3: /usr/bin/python3 (found version "3.12.3") found components: Interpreter 
-- Override CMake install command with custom implementation using symlinks instead of copying resources
-- Found Boost: /usr/lib/x86_64-linux-gnu/cmake/Boost-1.83.0/BoostConfig.cmake (found version "1.83.0")  
-- Found message_filters: 4.3.10 (/home/jiil/ros2_humble/install/message_filters/share/message_filters/cmake)
-- Found rosidl_generator_c: 3.1.7 (/home/jiil/ros2_humble/install/rosidl_generator_c/share/rosidl_generator_c/cmake)
-- Found rosidl_adapter: 3.1.7 (/home/jiil/ros2_humble/install/rosidl_adapter/share/rosidl_adapter/cmake)
-- Found rosidl_generator_cpp: 3.1.7 (/home/jiil/ros2_humble/install/rosidl_generator_cpp/share/rosidl_generator_cpp/cmake)
-- Using all available rosidl_typesupport_c: rosidl_typesupport_introspection_c;rosidl_typesupport_fastrtps_c
-- Using all available rosidl_typesupport_cpp: rosidl_typesupport_introspection_cpp;rosidl_typesupport_fastrtps_cpp
-- Found rmw_implementation_cmake: 6.1.2 (/home/jiil/ros2_humble/install/rmw_implementation_cmake/share/rmw_implementation_cmake/cmake)
-- Found rmw_fastrtps_cpp: 6.2.9 (/home/jiil/ros2_humble/install/rmw_fastrtps_cpp/share/rmw_fastrtps_cpp/cmake)
-- Found OpenSSL: /usr/lib/x86_64-linux-gnu/libcrypto.so (found version "3.0.13")  
-- Found FastRTPS: /home/jiil/ros2_humble/install/fastrtps/include  
-- Using RMW implementation 'rmw_fastrtps_cpp' as default
-- Performing Test CMAKE_HAVE_LIBC_PTHREAD
-- Performing Test CMAKE_HAVE_LIBC_PTHREAD - Success
-- Found Threads: TRUE  
-- Checking for module 'libusb-1.0'
--   Found libusb-1.0, version 1.0.27
-- Found libusb: /usr/lib/x86_64-linux-gnu/libusb-1.0.so  
-- OpenNI found (version: 1.5.4.0, include: /usr/include/ni, lib: /usr/lib/libOpenNI.so;libusb::libusb)
-- OpenNI2 found (version: 2.2.0.33, include: /usr/include/openni2, lib: /usr/lib/x86_64-linux-gnu/libOpenNI2.so;libusb::libusb)
-- Could NOT find Pcap (missing: PCAP_LIBRARIES PCAP_INCLUDE_DIRS) 
-- Found ZLIB: /usr/lib/x86_64-linux-gnu/libz.so (found version "1.3")  
-- Found PNG: /usr/lib/x86_64-linux-gnu/libpng.so (found version "1.6.43") 
-- Found OpenMP_CXX: -fopenmp (found version "4.5") 
-- Found OpenMP: TRUE (found version "4.5") found components: CXX 
-- Found PCL_COMMON: /usr/lib/x86_64-linux-gnu/libpcl_common.so  
-- Found PCL_OCTREE: /usr/lib/x86_64-linux-gnu/libpcl_octree.so  
-- Found PCL_IO: /usr/lib/x86_64-linux-gnu/libpcl_io.so  
-- Found pcl_msgs: 1.0.0 (/home/jiil/ur_ws/install/pcl_msgs/share/pcl_msgs/cmake)
-- Found ament_cmake_gtest: 1.3.12 (/home/jiil/ros2_humble/install/ament_cmake_gtest/share/ament_cmake_gtest/cmake)
-- Found gtest sources under '/home/jiil/ros2_humble/install/gtest_vendor/src/gtest_vendor': C++ tests using 'Google Test' will be built
-- Configuring done (2.8s)
-- Generating done (0.0s)
-- Build files have been written to: /home/jiil/ur_ws/build/pcl_conversions
[ 33%] [32mBuilding CXX object gtest/CMakeFiles/gtest.dir/src/gtest-all.cc.o[0m
[ 33%] [32mBuilding CXX object gtest/CMakeFiles/gtest_main.dir/src/gtest_main.cc.o[0m
[ 50%] [32m[1mLinking CXX static library libgtest_main.a[0m
[ 50%] Built target gtest_main
[ 66%] [32m[1mLinking CXX static library libgtest.a[0m
[ 66%] Built target gtest
[ 83%] [32mBuilding CXX object CMakeFiles/pcl_conversions-test.dir/test/test_pcl_conversions.cpp.o[0m
[100%] [32m[1mLinking CXX executable pcl_conversions-test[0m
[100%] Built target pcl_conversions-test
-- Install configuration: "Release"
-- Execute custom install script
-- Symlinking: /home/jiil/ur_ws/install/pcl_conversions/include/pcl_conversions/pcl_conversions/pcl_conversions.h
-- Symlinking: /home/jiil/ur_ws/install/pcl_conversions/share/ament_index/resource_index/package_run_dependencies/pcl_conversions
-- Symlinking: /home/jiil/ur_ws/install/pcl_conversions/share/ament_index/resource_index/parent_prefix_path/pcl_conversions
-- Symlinking: /home/jiil/ur_ws/install/pcl_conversions/share/pcl_conversions/environment/ament_prefix_path.sh
-- Symlinking: /home/jiil/ur_ws/install/pcl_conversions/share/pcl_conversions/environment/ament_prefix_path.dsv
-- Symlinking: /home/jiil/ur_ws/install/pcl_conversions/share/pcl_conversions/environment/path.sh
-- Symlinking: /home/jiil/ur_ws/install/pcl_conversions/share/pcl_conversions/environment/path.dsv
-- Symlinking: /home/jiil/ur_ws/install/pcl_conversions/share/pcl_conversions/local_setup.bash
-- Symlinking: /home/jiil/ur_ws/install/pcl_conversions/share/pcl_conversions/local_setup.sh
-- Symlinking: /home/jiil/ur_ws/install/pcl_conversions/share/pcl_conversions/local_setup.zsh
-- Symlinking: /home/jiil/ur_ws/install/pcl_conversions/share/pcl_conversions/local_setup.dsv
-- Symlinking: /home/jiil/ur_ws/install/pcl_conversions/share/pcl_conversions/package.dsv
-- Symlinking: /home/jiil/ur_ws/install/pcl_conversions/share/ament_index/resource_index/packages/pcl_conversions
-- Symlinking: /home/jiil/ur_ws/install/pcl_conversions/share/pcl_conversions/cmake/ament_cmake_export_include_directories-extras.cmake
-- Symlinking: /home/jiil/ur_ws/install/pcl_conversions/share/pcl_conversions/cmake/ament_cmake_export_dependencies-extras.cmake
-- Symlinking: /home/jiil/ur_ws/install/pcl_conversions/share/pcl_conversions/cmake/pcl_conversionsConfig.cmake
-- Symlinking: /home/jiil/ur_ws/install/pcl_conversions/share/pcl_conversions/cmake/pcl_conversionsConfig-version.cmake
-- Symlinking: /home/jiil/ur_ws/install/pcl_conversions/share/pcl_conversions/package.xml
