-- The C compiler identification is GNU 13.3.0
-- The CXX compiler identification is GNU 13.3.0
-- Detecting C compiler ABI info
-- Detecting C compiler ABI info - done
-- Check for working C compiler: /usr/bin/cc - skipped
-- Detecting C compile features
-- Detecting C compile features - done
-- Detecting CXX compiler ABI info
-- Detecting CXX compiler ABI info - done
-- Check for working CXX compiler: /usr/bin/c++ - skipped
-- Detecting CXX compile features
-- Detecting CXX compile features - done
-- Found ament_cmake_ros: 0.10.0 (/home/jiil/ros2_humble/install/ament_cmake_ros/share/ament_cmake_ros/cmake)
-- Found Python3: /usr/bin/python3 (found version "3.12.3") found components: Interpreter 
-- Override CMake install command with custom implementation using symlinks instead of copying resources
-- Found Python3: /usr/include/python3.12 (found version "3.12.3") found components: Development NumPy Interpreter Development.Module Development.Embed 
-- Found Boost: /usr/lib/x86_64-linux-gnu/cmake/Boost-1.83.0/BoostConfig.cmake (found version "1.83.0") found components: python312 
-- Found rcpputils: 2.4.6 (/home/jiil/ros2_humble/install/rcpputils/share/rcpputils/cmake)
-- Found sensor_msgs: 4.9.0 (/home/jiil/ur_ws/install/sensor_msgs/share/sensor_msgs/cmake)
-- Found rosidl_generator_c: 3.1.7 (/home/jiil/ros2_humble/install/rosidl_generator_c/share/rosidl_generator_c/cmake)
-- Found rosidl_adapter: 3.1.7 (/home/jiil/ros2_humble/install/rosidl_adapter/share/rosidl_adapter/cmake)
-- Found rosidl_generator_cpp: 3.1.7 (/home/jiil/ros2_humble/install/rosidl_generator_cpp/share/rosidl_generator_cpp/cmake)
-- Using all available rosidl_typesupport_c: rosidl_typesupport_introspection_c;rosidl_typesupport_fastrtps_c
-- Using all available rosidl_typesupport_cpp: rosidl_typesupport_introspection_cpp;rosidl_typesupport_fastrtps_cpp
-- Performing Test COMPILER_HAS_HIDDEN_VISIBILITY
-- Performing Test COMPILER_HAS_HIDDEN_VISIBILITY - Success
-- Performing Test COMPILER_HAS_HIDDEN_INLINE_VISIBILITY
-- Performing Test COMPILER_HAS_HIDDEN_INLINE_VISIBILITY - Success
-- Performing Test COMPILER_HAS_DEPRECATED_ATTR
-- Performing Test COMPILER_HAS_DEPRECATED_ATTR - Success
-- Found ament_lint_auto: 0.12.14 (/home/jiil/ros2_humble/install/ament_lint_auto/share/ament_lint_auto/cmake)
-- Found gtest sources under '/home/jiil/ros2_humble/install/gtest_vendor/src/gtest_vendor': C++ tests using 'Google Test' will be built
-- Performing Test CMAKE_HAVE_LIBC_PTHREAD
-- Performing Test CMAKE_HAVE_LIBC_PTHREAD - Success
-- Found Threads: TRUE  
-- Configuring done (4.0s)
-- Generating done (0.0s)
-- Build files have been written to: /home/jiil/ur_ws/build/cv_bridge
[  6%] [32mBuilding CXX object gtest/CMakeFiles/gtest_main.dir/src/gtest_main.cc.o[0m
[ 12%] [32mBuilding CXX object gtest/CMakeFiles/gtest.dir/src/gtest-all.cc.o[0m
[ 18%] [32mBuilding CXX object src/CMakeFiles/cv_bridge.dir/cv_bridge.cpp.o[0m
[ 25%] [32mBuilding CXX object src/CMakeFiles/cv_bridge.dir/rgb_colors.cpp.o[0m
[ 25%] Built target ament_cmake_python_symlink_cv_bridge
running egg_info
creating cv_bridge.egg-info
writing cv_bridge.egg-info/PKG-INFO
writing dependency_links to cv_bridge.egg-info/dependency_links.txt
writing top-level names to cv_bridge.egg-info/top_level.txt
writing manifest file 'cv_bridge.egg-info/SOURCES.txt'
[ 31%] [32m[1mLinking CXX static library libgtest_main.a[0m
reading manifest file 'cv_bridge.egg-info/SOURCES.txt'
writing manifest file 'cv_bridge.egg-info/SOURCES.txt'
[ 31%] Built target gtest_main
[ 31%] Built target ament_cmake_python_build_cv_bridge_egg
[ 37%] [32m[1mLinking CXX shared library libcv_bridge.so[0m
[ 37%] Built target cv_bridge
[ 43%] [32mBuilding CXX object src/CMakeFiles/cv_bridge_boost.dir/module_opencv3.cpp.o[0m
[ 50%] [32mBuilding CXX object src/CMakeFiles/cv_bridge_boost.dir/module.cpp.o[0m
[ 56%] [32m[1mLinking CXX static library libgtest.a[0m
[ 56%] Built target gtest
[ 62%] [32mBuilding CXX object test/CMakeFiles/cv_bridge-utest.dir/test_endian.cpp.o[0m
[ 68%] [32mBuilding CXX object test/CMakeFiles/cv_bridge-utest.dir/test_compression.cpp.o[0m
[ 75%] [32mBuilding CXX object test/CMakeFiles/cv_bridge-utest.dir/utest.cpp.o[0m
[ 81%] [32mBuilding CXX object test/CMakeFiles/cv_bridge-utest.dir/test_rgb_colors.cpp.o[0m
[ 87%] [32mBuilding CXX object test/CMakeFiles/cv_bridge-utest.dir/utest2.cpp.o[0m
[ 93%] [32m[1mLinking CXX executable cv_bridge-utest[0m
[ 93%] Built target cv_bridge-utest
[100%] [32m[1mLinking CXX shared module boost/cv_bridge_boost.so[0m
[100%] Built target cv_bridge_boost
-- Install configuration: "Release"
-- Execute custom install script
-- Symlinking: /home/jiil/ur_ws/install/cv_bridge/share/cv_bridge/environment/pythonpath.sh
-- Symlinking: /home/jiil/ur_ws/install/cv_bridge/share/cv_bridge/environment/pythonpath.dsv
-- Symlinking: /home/jiil/ur_ws/install/cv_bridge/local/lib/python3.12/dist-packages/cv_bridge-3.2.1-py3.12.egg-info/PKG-INFO
-- Symlinking: /home/jiil/ur_ws/install/cv_bridge/local/lib/python3.12/dist-packages/cv_bridge-3.2.1-py3.12.egg-info/SOURCES.txt
-- Symlinking: /home/jiil/ur_ws/install/cv_bridge/local/lib/python3.12/dist-packages/cv_bridge-3.2.1-py3.12.egg-info/dependency_links.txt
-- Symlinking: /home/jiil/ur_ws/install/cv_bridge/local/lib/python3.12/dist-packages/cv_bridge-3.2.1-py3.12.egg-info/top_level.txt
-- Symlinking: /home/jiil/ur_ws/install/cv_bridge/local/lib/python3.12/dist-packages/cv_bridge/__init__.py
-- Symlinking: /home/jiil/ur_ws/install/cv_bridge/local/lib/python3.12/dist-packages/cv_bridge/core.py
-- Symlinking: /home/jiil/ur_ws/install/cv_bridge/include/cv_bridge/cv_bridge/cv_bridge_export.h
-- Symlinking: /home/jiil/ur_ws/install/cv_bridge/local/lib/python3.12/dist-packages/cv_bridge/boost//cv_bridge_boost.so
-- Symlinking: /home/jiil/ur_ws/install/cv_bridge/include/cv_bridge/cv_bridge/cv_bridge.h
-- Symlinking: /home/jiil/ur_ws/install/cv_bridge/include/cv_bridge/cv_bridge/rgb_colors.h
-- Symlinking: /home/jiil/ur_ws/install/cv_bridge/lib/libcv_bridge.so
-- Symlinking: /home/jiil/ur_ws/install/cv_bridge/share/ament_index/resource_index/package_run_dependencies/cv_bridge
-- Symlinking: /home/jiil/ur_ws/install/cv_bridge/share/ament_index/resource_index/parent_prefix_path/cv_bridge
-- Symlinking: /home/jiil/ur_ws/install/cv_bridge/share/cv_bridge/environment/ament_prefix_path.sh
-- Symlinking: /home/jiil/ur_ws/install/cv_bridge/share/cv_bridge/environment/ament_prefix_path.dsv
-- Symlinking: /home/jiil/ur_ws/install/cv_bridge/share/cv_bridge/environment/path.sh
-- Symlinking: /home/jiil/ur_ws/install/cv_bridge/share/cv_bridge/environment/path.dsv
-- Symlinking: /home/jiil/ur_ws/install/cv_bridge/share/cv_bridge/local_setup.bash
-- Symlinking: /home/jiil/ur_ws/install/cv_bridge/share/cv_bridge/local_setup.sh
-- Symlinking: /home/jiil/ur_ws/install/cv_bridge/share/cv_bridge/local_setup.zsh
-- Symlinking: /home/jiil/ur_ws/install/cv_bridge/share/cv_bridge/local_setup.dsv
-- Symlinking: /home/jiil/ur_ws/install/cv_bridge/share/cv_bridge/package.dsv
-- Symlinking: /home/jiil/ur_ws/install/cv_bridge/share/ament_index/resource_index/packages/cv_bridge
-- Symlinking: /home/jiil/ur_ws/install/cv_bridge/share/cv_bridge/cmake/cv_bridge-extras.cmake
-- Symlinking: /home/jiil/ur_ws/install/cv_bridge/share/cv_bridge/cmake/ament_cmake_export_dependencies-extras.cmake
-- Symlinking: /home/jiil/ur_ws/install/cv_bridge/share/cv_bridge/cmake/ament_cmake_export_targets-extras.cmake
-- Symlinking: /home/jiil/ur_ws/install/cv_bridge/share/cv_bridge/cmake/cv_bridgeConfig.cmake
-- Symlinking: /home/jiil/ur_ws/install/cv_bridge/share/cv_bridge/cmake/cv_bridgeConfig-version.cmake
-- Symlinking: /home/jiil/ur_ws/install/cv_bridge/share/cv_bridge/package.xml
Listing '/home/jiil/ur_ws/install/cv_bridge/local/lib/python3.12/dist-packages/cv_bridge'...
Compiling '/home/jiil/ur_ws/install/cv_bridge/local/lib/python3.12/dist-packages/cv_bridge/__init__.py'...
Listing '/home/jiil/ur_ws/install/cv_bridge/local/lib/python3.12/dist-packages/cv_bridge/boost'...
Compiling '/home/jiil/ur_ws/install/cv_bridge/local/lib/python3.12/dist-packages/cv_bridge/core.py'...
-- Installing: /home/jiil/ur_ws/install/cv_bridge/share/cv_bridge/cmake/export_cv_bridgeExport.cmake
-- Installing: /home/jiil/ur_ws/install/cv_bridge/share/cv_bridge/cmake/export_cv_bridgeExport-release.cmake
