-- The C compiler identification is GNU 13.3.0
-- The CXX compiler identification is GNU 13.3.0
-- Detecting C compiler ABI info
-- Detecting C compiler ABI info - done
-- Check for working C compiler: /usr/bin/cc - skipped
-- Detecting C compile features
-- Detecting C compile features - done
-- Detecting CXX compiler ABI info
-- Detecting CXX compiler ABI info - done
-- Check for working CXX compiler: /usr/bin/c++ - skipped
-- Detecting CXX compile features
-- Detecting CXX compile features - done
-- Found ament_cmake: 1.3.12 (/home/jiil/ros2_humble/install/ament_cmake/share/ament_cmake/cmake)
-- Found Python3: /usr/bin/python3 (found version "3.12.3") found components: Interpreter 
-- Override CMake install command with custom implementation using symlinks instead of copying resources
-- Configuring done (0.6s)
-- Generating done (0.0s)
-- Build files have been written to: /home/jiil/ur_ws/build/perception_pcl
-- Install configuration: "Release"
-- Execute custom install script
-- Symlinking: /home/jiil/ur_ws/install/perception_pcl/share/ament_index/resource_index/package_run_dependencies/perception_pcl
-- Symlinking: /home/jiil/ur_ws/install/perception_pcl/share/ament_index/resource_index/parent_prefix_path/perception_pcl
-- Symlinking: /home/jiil/ur_ws/install/perception_pcl/share/perception_pcl/environment/ament_prefix_path.sh
-- Symlinking: /home/jiil/ur_ws/install/perception_pcl/share/perception_pcl/environment/ament_prefix_path.dsv
-- Symlinking: /home/jiil/ur_ws/install/perception_pcl/share/perception_pcl/environment/path.sh
-- Symlinking: /home/jiil/ur_ws/install/perception_pcl/share/perception_pcl/environment/path.dsv
-- Symlinking: /home/jiil/ur_ws/install/perception_pcl/share/perception_pcl/local_setup.bash
-- Symlinking: /home/jiil/ur_ws/install/perception_pcl/share/perception_pcl/local_setup.sh
-- Symlinking: /home/jiil/ur_ws/install/perception_pcl/share/perception_pcl/local_setup.zsh
-- Symlinking: /home/jiil/ur_ws/install/perception_pcl/share/perception_pcl/local_setup.dsv
-- Symlinking: /home/jiil/ur_ws/install/perception_pcl/share/perception_pcl/package.dsv
-- Symlinking: /home/jiil/ur_ws/install/perception_pcl/share/ament_index/resource_index/packages/perception_pcl
-- Symlinking: /home/jiil/ur_ws/install/perception_pcl/share/perception_pcl/cmake/perception_pclConfig.cmake
-- Symlinking: /home/jiil/ur_ws/install/perception_pcl/share/perception_pcl/cmake/perception_pclConfig-version.cmake
-- Symlinking: /home/jiil/ur_ws/install/perception_pcl/share/perception_pcl/package.xml
