-- The C compiler identification is GNU 13.3.0
-- The CXX compiler identification is GNU 13.3.0
-- Detecting C compiler ABI info
-- Detecting C compiler ABI info - done
-- Check for working C compiler: /usr/bin/cc - skipped
-- Detecting C compile features
-- Detecting C compile features - done
-- Detecting CXX compiler ABI info
-- Detecting CXX compiler ABI info - done
-- Check for working CXX compiler: /usr/bin/c++ - skipped
-- Detecting CXX compile features
-- Detecting CXX compile features - done
-- Found ament_cmake: 1.3.12 (/home/jiil/ros2_humble/install/ament_cmake/share/ament_cmake/cmake)
-- Found Python3: /usr/bin/python3 (found version "3.12.3") found components: Interpreter 
-- Override CMake install command with custom implementation using symlinks instead of copying resources
-- Found geometry_msgs: 4.9.0 (/home/jiil/ur_ws/install/geometry_msgs/share/geometry_msgs/cmake)
-- Found rosidl_generator_c: 3.1.7 (/home/jiil/ros2_humble/install/rosidl_generator_c/share/rosidl_generator_c/cmake)
-- Found rosidl_adapter: 3.1.7 (/home/jiil/ros2_humble/install/rosidl_adapter/share/rosidl_adapter/cmake)
-- Found rosidl_generator_cpp: 3.1.7 (/home/jiil/ros2_humble/install/rosidl_generator_cpp/share/rosidl_generator_cpp/cmake)
-- Using all available rosidl_typesupport_c: rosidl_typesupport_introspection_c;rosidl_typesupport_fastrtps_c
-- Using all available rosidl_typesupport_cpp: rosidl_typesupport_introspection_cpp;rosidl_typesupport_fastrtps_cpp
-- Found rosidl_default_generators: 1.2.0 (/home/jiil/ros2_humble/install/rosidl_default_generators/share/rosidl_default_generators/cmake)
-- Found ament_cmake_cppcheck: 0.12.14 (/home/jiil/ros2_humble/install/ament_cmake_cppcheck/share/ament_cmake_cppcheck/cmake)
-- Found ament_cmake_cpplint: 0.12.14 (/home/jiil/ros2_humble/install/ament_cmake_cpplint/share/ament_cmake_cpplint/cmake)
-- Found ament_cmake_uncrustify: 0.12.14 (/home/jiil/ros2_humble/install/ament_cmake_uncrustify/share/ament_cmake_uncrustify/cmake)
-- Found ament_cmake_ros: 0.10.0 (/home/jiil/ros2_humble/install/ament_cmake_ros/share/ament_cmake_ros/cmake)
-- Using all available rosidl_typesupport_c: rosidl_typesupport_introspection_c;rosidl_typesupport_fastrtps_c
-- Using all available rosidl_typesupport_cpp: rosidl_typesupport_introspection_cpp;rosidl_typesupport_fastrtps_cpp
[33mCMake Warning (dev) at /home/jiil/ros2_humble/install/rosidl_generator_py/share/rosidl_generator_py/cmake/rosidl_generator_py_generate_interfaces.cmake:20 (find_package):
  Policy CMP0148 is not set: The FindPythonInterp and FindPythonLibs modules
  are removed.  Run "cmake --help-policy CMP0148" for policy details.  Use
  the cmake_policy command to set the policy and suppress this warning.

Call Stack (most recent call first):
  /home/jiil/ros2_humble/install/ament_cmake_core/share/ament_cmake_core/cmake/core/ament_execute_extensions.cmake:48 (include)
  /home/jiil/ros2_humble/install/rosidl_cmake/share/rosidl_cmake/cmake/rosidl_generate_interfaces.cmake:286 (ament_execute_extensions)
  CMakeLists.txt:23 (rosidl_generate_interfaces)
This warning is for project developers.  Use -Wno-dev to suppress it.
[0m
-- Found PythonInterp: /usr/bin/python3 (found suitable version "3.12.3", minimum required is "3.6") 
-- Found python_cmake_module: 0.10.0 (/home/jiil/ros2_humble/install/python_cmake_module/share/python_cmake_module/cmake)
[33mCMake Warning (dev) at /home/jiil/ros2_humble/install/python_cmake_module/share/python_cmake_module/cmake/Modules/FindPythonExtra.cmake:52 (find_package):
  Policy CMP0148 is not set: The FindPythonInterp and FindPythonLibs modules
  are removed.  Run "cmake --help-policy CMP0148" for policy details.  Use
  the cmake_policy command to set the policy and suppress this warning.

Call Stack (most recent call first):
  /home/jiil/ros2_humble/install/rosidl_generator_py/share/rosidl_generator_py/cmake/rosidl_generator_py_generate_interfaces.cmake:23 (find_package)
  /home/jiil/ros2_humble/install/ament_cmake_core/share/ament_cmake_core/cmake/core/ament_execute_extensions.cmake:48 (include)
  /home/jiil/ros2_humble/install/rosidl_cmake/share/rosidl_cmake/cmake/rosidl_generate_interfaces.cmake:286 (ament_execute_extensions)
  CMakeLists.txt:23 (rosidl_generate_interfaces)
This warning is for project developers.  Use -Wno-dev to suppress it.
[0m
[33mCMake Warning (dev) at /home/jiil/ros2_humble/install/python_cmake_module/share/python_cmake_module/cmake/Modules/FindPythonExtra.cmake:140 (find_package):
  Policy CMP0148 is not set: The FindPythonInterp and FindPythonLibs modules
  are removed.  Run "cmake --help-policy CMP0148" for policy details.  Use
  the cmake_policy command to set the policy and suppress this warning.

Call Stack (most recent call first):
  /home/jiil/ros2_humble/install/rosidl_generator_py/share/rosidl_generator_py/cmake/rosidl_generator_py_generate_interfaces.cmake:23 (find_package)
  /home/jiil/ros2_humble/install/ament_cmake_core/share/ament_cmake_core/cmake/core/ament_execute_extensions.cmake:48 (include)
  /home/jiil/ros2_humble/install/rosidl_cmake/share/rosidl_cmake/cmake/rosidl_generate_interfaces.cmake:286 (ament_execute_extensions)
  CMakeLists.txt:23 (rosidl_generate_interfaces)
This warning is for project developers.  Use -Wno-dev to suppress it.
[0m
-- Found PythonLibs: /usr/lib/x86_64-linux-gnu/libpython3.12.so (found suitable version "3.12.3", minimum required is "3.5") 
-- Using PYTHON_EXECUTABLE: /usr/bin/python3
-- Using PYTHON_INCLUDE_DIRS: /usr/include/python3.12
-- Using PYTHON_LIBRARIES: /usr/lib/x86_64-linux-gnu/libpython3.12.so
-- Found PythonExtra: .so  
-- Using numpy include directory: /usr/lib/python3/dist-packages/numpy/core/include
-- Found ament_cmake_flake8: 0.12.14 (/home/jiil/ros2_humble/install/ament_cmake_flake8/share/ament_cmake_flake8/cmake)
-- Found ament_cmake_pep257: 0.12.14 (/home/jiil/ros2_humble/install/ament_cmake_pep257/share/ament_cmake_pep257/cmake)
-- Configuring done (2.9s)
-- Generating done (0.0s)
-- Build files have been written to: /home/jiil/ur_ws/build/shape_msgs
[  1%] [34m[1mGenerating C code for ROS interfaces[0m
[  3%] [34m[1mGenerating C++ code for ROS interfaces[0m
[  3%] Built target ament_cmake_python_symlink_shape_msgs
running egg_info
creating shape_msgs.egg-info
writing shape_msgs.egg-info/PKG-INFO
writing dependency_links to shape_msgs.egg-info/dependency_links.txt
writing top-level names to shape_msgs.egg-info/top_level.txt
writing manifest file 'shape_msgs.egg-info/SOURCES.txt'
reading manifest file 'shape_msgs.egg-info/SOURCES.txt'
writing manifest file 'shape_msgs.egg-info/SOURCES.txt'
[  3%] Built target ament_cmake_python_build_shape_msgs_egg
[  3%] Built target shape_msgs__cpp
[  5%] [32mBuilding C object CMakeFiles/shape_msgs__rosidl_generator_c.dir/rosidl_generator_c/shape_msgs/msg/detail/mesh__functions.c.o[0m
[  7%] [34m[1mGenerating C++ type support for eProsima Fast-RTPS[0m
[  9%] [34m[1mGenerating C++ type support dispatch for ROS interfaces[0m
[ 10%] [32mBuilding C object CMakeFiles/shape_msgs__rosidl_generator_c.dir/rosidl_generator_c/shape_msgs/msg/detail/mesh_triangle__functions.c.o[0m
[ 12%] [34m[1mGenerating C++ introspection for ROS interfaces[0m
[ 14%] [32mBuilding C object CMakeFiles/shape_msgs__rosidl_generator_c.dir/rosidl_generator_c/shape_msgs/msg/detail/plane__functions.c.o[0m
[ 16%] [32mBuilding C object CMakeFiles/shape_msgs__rosidl_generator_c.dir/rosidl_generator_c/shape_msgs/msg/detail/solid_primitive__functions.c.o[0m
[ 18%] [32m[1mLinking C shared library libshape_msgs__rosidl_generator_c.so[0m
[ 18%] Built target shape_msgs__rosidl_generator_c
[ 20%] [34m[1mGenerating C introspection for ROS interfaces[0m
[ 21%] [34m[1mGenerating C type support dispatch for ROS interfaces[0m
[ 23%] [34m[1mGenerating C type support for eProsima Fast-RTPS[0m
[ 25%] [32mBuilding CXX object CMakeFiles/shape_msgs__rosidl_typesupport_cpp.dir/rosidl_typesupport_cpp/shape_msgs/msg/mesh_triangle__type_support.cpp.o[0m
[ 27%] [32mBuilding CXX object CMakeFiles/shape_msgs__rosidl_typesupport_cpp.dir/rosidl_typesupport_cpp/shape_msgs/msg/mesh__type_support.cpp.o[0m
[ 29%] [32mBuilding CXX object CMakeFiles/shape_msgs__rosidl_typesupport_cpp.dir/rosidl_typesupport_cpp/shape_msgs/msg/plane__type_support.cpp.o[0m
[ 30%] [32mBuilding CXX object CMakeFiles/shape_msgs__rosidl_typesupport_cpp.dir/rosidl_typesupport_cpp/shape_msgs/msg/solid_primitive__type_support.cpp.o[0m
[ 32%] [32mBuilding CXX object CMakeFiles/shape_msgs__rosidl_typesupport_introspection_cpp.dir/rosidl_typesupport_introspection_cpp/shape_msgs/msg/detail/mesh__type_support.cpp.o[0m
[ 34%] [32mBuilding CXX object CMakeFiles/shape_msgs__rosidl_typesupport_introspection_cpp.dir/rosidl_typesupport_introspection_cpp/shape_msgs/msg/detail/plane__type_support.cpp.o[0m
[ 36%] [32mBuilding CXX object CMakeFiles/shape_msgs__rosidl_typesupport_introspection_cpp.dir/rosidl_typesupport_introspection_cpp/shape_msgs/msg/detail/mesh_triangle__type_support.cpp.o[0m
[ 38%] [32mBuilding CXX object CMakeFiles/shape_msgs__rosidl_typesupport_introspection_cpp.dir/rosidl_typesupport_introspection_cpp/shape_msgs/msg/detail/solid_primitive__type_support.cpp.o[0m
[ 40%] [32mBuilding CXX object CMakeFiles/shape_msgs__rosidl_typesupport_fastrtps_cpp.dir/rosidl_typesupport_fastrtps_cpp/shape_msgs/msg/detail/dds_fastrtps/mesh_triangle__type_support.cpp.o[0m
[ 45%] [32mBuilding CXX object CMakeFiles/shape_msgs__rosidl_typesupport_fastrtps_cpp.dir/rosidl_typesupport_fastrtps_cpp/shape_msgs/msg/detail/dds_fastrtps/mesh__type_support.cpp.o[0m
[ 41%] [32mBuilding CXX object CMakeFiles/shape_msgs__rosidl_typesupport_fastrtps_cpp.dir/rosidl_typesupport_fastrtps_cpp/shape_msgs/msg/detail/dds_fastrtps/plane__type_support.cpp.o[0m
[ 43%] [32mBuilding CXX object CMakeFiles/shape_msgs__rosidl_typesupport_fastrtps_cpp.dir/rosidl_typesupport_fastrtps_cpp/shape_msgs/msg/detail/dds_fastrtps/solid_primitive__type_support.cpp.o[0m
[ 47%] [32m[1mLinking CXX shared library libshape_msgs__rosidl_typesupport_cpp.so[0m
[ 47%] Built target shape_msgs__rosidl_typesupport_cpp
[ 49%] [32mBuilding CXX object CMakeFiles/shape_msgs__rosidl_typesupport_fastrtps_c.dir/rosidl_typesupport_fastrtps_c/shape_msgs/msg/detail/mesh__type_support_c.cpp.o[0m
[ 50%] [32mBuilding CXX object CMakeFiles/shape_msgs__rosidl_typesupport_fastrtps_c.dir/rosidl_typesupport_fastrtps_c/shape_msgs/msg/detail/plane__type_support_c.cpp.o[0m
[ 52%] [32mBuilding CXX object CMakeFiles/shape_msgs__rosidl_typesupport_fastrtps_c.dir/rosidl_typesupport_fastrtps_c/shape_msgs/msg/detail/mesh_triangle__type_support_c.cpp.o[0m
[ 54%] [32mBuilding CXX object CMakeFiles/shape_msgs__rosidl_typesupport_c.dir/rosidl_typesupport_c/shape_msgs/msg/mesh__type_support.cpp.o[0m
[ 56%] [32mBuilding CXX object CMakeFiles/shape_msgs__rosidl_typesupport_c.dir/rosidl_typesupport_c/shape_msgs/msg/mesh_triangle__type_support.cpp.o[0m
[ 58%] [32mBuilding CXX object CMakeFiles/shape_msgs__rosidl_typesupport_c.dir/rosidl_typesupport_c/shape_msgs/msg/plane__type_support.cpp.o[0m
[ 60%] [32mBuilding CXX object CMakeFiles/shape_msgs__rosidl_typesupport_c.dir/rosidl_typesupport_c/shape_msgs/msg/solid_primitive__type_support.cpp.o[0m
[ 61%] [32mBuilding CXX object CMakeFiles/shape_msgs__rosidl_typesupport_fastrtps_c.dir/rosidl_typesupport_fastrtps_c/shape_msgs/msg/detail/solid_primitive__type_support_c.cpp.o[0m
[ 63%] [32mBuilding C object CMakeFiles/shape_msgs__rosidl_typesupport_introspection_c.dir/rosidl_typesupport_introspection_c/shape_msgs/msg/detail/mesh__type_support.c.o[0m
[ 65%] [32mBuilding C object CMakeFiles/shape_msgs__rosidl_typesupport_introspection_c.dir/rosidl_typesupport_introspection_c/shape_msgs/msg/detail/mesh_triangle__type_support.c.o[0m
[ 67%] [32m[1mLinking CXX shared library libshape_msgs__rosidl_typesupport_introspection_cpp.so[0m
[ 69%] [32m[1mLinking CXX shared library libshape_msgs__rosidl_typesupport_c.so[0m
[ 70%] [32mBuilding C object CMakeFiles/shape_msgs__rosidl_typesupport_introspection_c.dir/rosidl_typesupport_introspection_c/shape_msgs/msg/detail/plane__type_support.c.o[0m
[ 70%] Built target shape_msgs__rosidl_typesupport_c
[ 72%] [32mBuilding C object CMakeFiles/shape_msgs__rosidl_typesupport_introspection_c.dir/rosidl_typesupport_introspection_c/shape_msgs/msg/detail/solid_primitive__type_support.c.o[0m
[ 74%] [32m[1mLinking C shared library libshape_msgs__rosidl_typesupport_introspection_c.so[0m
[ 74%] Built target shape_msgs__rosidl_typesupport_introspection_cpp
[ 74%] Built target shape_msgs__rosidl_typesupport_introspection_c
[ 76%] [32m[1mLinking CXX shared library libshape_msgs__rosidl_typesupport_fastrtps_c.so[0m
[ 78%] [32m[1mLinking CXX shared library libshape_msgs__rosidl_typesupport_fastrtps_cpp.so[0m
[ 78%] Built target shape_msgs__rosidl_typesupport_fastrtps_c
[ 78%] Built target shape_msgs__rosidl_typesupport_fastrtps_cpp
[ 78%] Built target shape_msgs
[ 80%] [34m[1mGenerating Python code for ROS interfaces[0m
[ 80%] Built target shape_msgs__py
[ 81%] [32mBuilding C object CMakeFiles/shape_msgs__rosidl_generator_py.dir/rosidl_generator_py/shape_msgs/msg/_mesh_triangle_s.c.o[0m
[ 83%] [32mBuilding C object CMakeFiles/shape_msgs__rosidl_generator_py.dir/rosidl_generator_py/shape_msgs/msg/_plane_s.c.o[0m
[ 85%] [32mBuilding C object CMakeFiles/shape_msgs__rosidl_generator_py.dir/rosidl_generator_py/shape_msgs/msg/_mesh_s.c.o[0m
[ 87%] [32mBuilding C object CMakeFiles/shape_msgs__rosidl_generator_py.dir/rosidl_generator_py/shape_msgs/msg/_solid_primitive_s.c.o[0m
[ 89%] [32m[1mLinking C shared library rosidl_generator_py/shape_msgs/libshape_msgs__rosidl_generator_py.so[0m
[ 89%] Built target shape_msgs__rosidl_generator_py
[ 92%] [32mBuilding C object CMakeFiles/shape_msgs__rosidl_typesupport_c__pyext.dir/rosidl_generator_py/shape_msgs/_shape_msgs_s.ep.rosidl_typesupport_c.c.o[0m
[ 94%] [32mBuilding C object CMakeFiles/shape_msgs__rosidl_typesupport_introspection_c__pyext.dir/rosidl_generator_py/shape_msgs/_shape_msgs_s.ep.rosidl_typesupport_introspection_c.c.o[0m
[ 90%] [32mBuilding C object CMakeFiles/shape_msgs__rosidl_typesupport_fastrtps_c__pyext.dir/rosidl_generator_py/shape_msgs/_shape_msgs_s.ep.rosidl_typesupport_fastrtps_c.c.o[0m
[ 96%] [32m[1mLinking C shared library rosidl_generator_py/shape_msgs/shape_msgs_s__rosidl_typesupport_fastrtps_c.cpython-312-x86_64-linux-gnu.so[0m
[ 98%] [32m[1mLinking C shared library rosidl_generator_py/shape_msgs/shape_msgs_s__rosidl_typesupport_c.cpython-312-x86_64-linux-gnu.so[0m
[100%] [32m[1mLinking C shared library rosidl_generator_py/shape_msgs/shape_msgs_s__rosidl_typesupport_introspection_c.cpython-312-x86_64-linux-gnu.so[0m
[100%] Built target shape_msgs__rosidl_typesupport_c__pyext
[100%] Built target shape_msgs__rosidl_typesupport_introspection_c__pyext
[100%] Built target shape_msgs__rosidl_typesupport_fastrtps_c__pyext
-- Install configuration: "Release"
-- Execute custom install script
-- Symlinking: /home/jiil/ur_ws/install/shape_msgs/share/ament_index/resource_index/rosidl_interfaces/shape_msgs
-- Symlinking: /home/jiil/ur_ws/install/shape_msgs/include/shape_msgs/shape_msgs/msg/detail/mesh__functions.h
-- Symlinking: /home/jiil/ur_ws/install/shape_msgs/include/shape_msgs/shape_msgs/msg/detail/mesh__struct.h
-- Symlinking: /home/jiil/ur_ws/install/shape_msgs/include/shape_msgs/shape_msgs/msg/detail/mesh__type_support.h
-- Symlinking: /home/jiil/ur_ws/install/shape_msgs/include/shape_msgs/shape_msgs/msg/detail/mesh_triangle__functions.h
-- Symlinking: /home/jiil/ur_ws/install/shape_msgs/include/shape_msgs/shape_msgs/msg/detail/mesh_triangle__struct.h
-- Symlinking: /home/jiil/ur_ws/install/shape_msgs/include/shape_msgs/shape_msgs/msg/detail/mesh_triangle__type_support.h
-- Symlinking: /home/jiil/ur_ws/install/shape_msgs/include/shape_msgs/shape_msgs/msg/detail/plane__functions.h
-- Symlinking: /home/jiil/ur_ws/install/shape_msgs/include/shape_msgs/shape_msgs/msg/detail/plane__struct.h
-- Symlinking: /home/jiil/ur_ws/install/shape_msgs/include/shape_msgs/shape_msgs/msg/detail/plane__type_support.h
-- Symlinking: /home/jiil/ur_ws/install/shape_msgs/include/shape_msgs/shape_msgs/msg/detail/solid_primitive__functions.h
-- Symlinking: /home/jiil/ur_ws/install/shape_msgs/include/shape_msgs/shape_msgs/msg/detail/solid_primitive__struct.h
-- Symlinking: /home/jiil/ur_ws/install/shape_msgs/include/shape_msgs/shape_msgs/msg/detail/solid_primitive__type_support.h
-- Symlinking: /home/jiil/ur_ws/install/shape_msgs/include/shape_msgs/shape_msgs/msg/mesh.h
-- Symlinking: /home/jiil/ur_ws/install/shape_msgs/include/shape_msgs/shape_msgs/msg/mesh_triangle.h
-- Symlinking: /home/jiil/ur_ws/install/shape_msgs/include/shape_msgs/shape_msgs/msg/plane.h
-- Symlinking: /home/jiil/ur_ws/install/shape_msgs/include/shape_msgs/shape_msgs/msg/rosidl_generator_c__visibility_control.h
-- Symlinking: /home/jiil/ur_ws/install/shape_msgs/include/shape_msgs/shape_msgs/msg/solid_primitive.h
-- Symlinking: /home/jiil/ur_ws/install/shape_msgs/share/shape_msgs/environment/library_path.sh
-- Symlinking: /home/jiil/ur_ws/install/shape_msgs/share/shape_msgs/environment/library_path.dsv
-- Symlinking: /home/jiil/ur_ws/install/shape_msgs/include/shape_msgs/shape_msgs/msg/detail/mesh__rosidl_typesupport_fastrtps_c.h
-- Symlinking: /home/jiil/ur_ws/install/shape_msgs/include/shape_msgs/shape_msgs/msg/detail/mesh_triangle__rosidl_typesupport_fastrtps_c.h
-- Symlinking: /home/jiil/ur_ws/install/shape_msgs/include/shape_msgs/shape_msgs/msg/detail/plane__rosidl_typesupport_fastrtps_c.h
-- Symlinking: /home/jiil/ur_ws/install/shape_msgs/include/shape_msgs/shape_msgs/msg/detail/solid_primitive__rosidl_typesupport_fastrtps_c.h
-- Symlinking: /home/jiil/ur_ws/install/shape_msgs/include/shape_msgs/shape_msgs/msg/rosidl_typesupport_fastrtps_c__visibility_control.h
-- Symlinking: /home/jiil/ur_ws/install/shape_msgs/include/shape_msgs/shape_msgs/msg/detail/mesh__builder.hpp
-- Symlinking: /home/jiil/ur_ws/install/shape_msgs/include/shape_msgs/shape_msgs/msg/detail/mesh__struct.hpp
-- Symlinking: /home/jiil/ur_ws/install/shape_msgs/include/shape_msgs/shape_msgs/msg/detail/mesh__traits.hpp
-- Symlinking: /home/jiil/ur_ws/install/shape_msgs/include/shape_msgs/shape_msgs/msg/detail/mesh__type_support.hpp
-- Symlinking: /home/jiil/ur_ws/install/shape_msgs/include/shape_msgs/shape_msgs/msg/detail/mesh_triangle__builder.hpp
-- Symlinking: /home/jiil/ur_ws/install/shape_msgs/include/shape_msgs/shape_msgs/msg/detail/mesh_triangle__struct.hpp
-- Symlinking: /home/jiil/ur_ws/install/shape_msgs/include/shape_msgs/shape_msgs/msg/detail/mesh_triangle__traits.hpp
-- Symlinking: /home/jiil/ur_ws/install/shape_msgs/include/shape_msgs/shape_msgs/msg/detail/mesh_triangle__type_support.hpp
-- Symlinking: /home/jiil/ur_ws/install/shape_msgs/include/shape_msgs/shape_msgs/msg/detail/plane__builder.hpp
-- Symlinking: /home/jiil/ur_ws/install/shape_msgs/include/shape_msgs/shape_msgs/msg/detail/plane__struct.hpp
-- Symlinking: /home/jiil/ur_ws/install/shape_msgs/include/shape_msgs/shape_msgs/msg/detail/plane__traits.hpp
-- Symlinking: /home/jiil/ur_ws/install/shape_msgs/include/shape_msgs/shape_msgs/msg/detail/plane__type_support.hpp
-- Symlinking: /home/jiil/ur_ws/install/shape_msgs/include/shape_msgs/shape_msgs/msg/detail/solid_primitive__builder.hpp
-- Symlinking: /home/jiil/ur_ws/install/shape_msgs/include/shape_msgs/shape_msgs/msg/detail/solid_primitive__struct.hpp
-- Symlinking: /home/jiil/ur_ws/install/shape_msgs/include/shape_msgs/shape_msgs/msg/detail/solid_primitive__traits.hpp
-- Symlinking: /home/jiil/ur_ws/install/shape_msgs/include/shape_msgs/shape_msgs/msg/detail/solid_primitive__type_support.hpp
-- Symlinking: /home/jiil/ur_ws/install/shape_msgs/include/shape_msgs/shape_msgs/msg/mesh.hpp
-- Symlinking: /home/jiil/ur_ws/install/shape_msgs/include/shape_msgs/shape_msgs/msg/mesh_triangle.hpp
-- Symlinking: /home/jiil/ur_ws/install/shape_msgs/include/shape_msgs/shape_msgs/msg/plane.hpp
-- Symlinking: /home/jiil/ur_ws/install/shape_msgs/include/shape_msgs/shape_msgs/msg/rosidl_generator_cpp__visibility_control.hpp
-- Symlinking: /home/jiil/ur_ws/install/shape_msgs/include/shape_msgs/shape_msgs/msg/solid_primitive.hpp
-- Symlinking: /home/jiil/ur_ws/install/shape_msgs/include/shape_msgs/shape_msgs/msg/detail/mesh__rosidl_typesupport_fastrtps_cpp.hpp
-- Symlinking: /home/jiil/ur_ws/install/shape_msgs/include/shape_msgs/shape_msgs/msg/detail/mesh_triangle__rosidl_typesupport_fastrtps_cpp.hpp
-- Symlinking: /home/jiil/ur_ws/install/shape_msgs/include/shape_msgs/shape_msgs/msg/detail/plane__rosidl_typesupport_fastrtps_cpp.hpp
-- Symlinking: /home/jiil/ur_ws/install/shape_msgs/include/shape_msgs/shape_msgs/msg/detail/solid_primitive__rosidl_typesupport_fastrtps_cpp.hpp
-- Symlinking: /home/jiil/ur_ws/install/shape_msgs/include/shape_msgs/shape_msgs/msg/rosidl_typesupport_fastrtps_cpp__visibility_control.h
-- Symlinking: /home/jiil/ur_ws/install/shape_msgs/include/shape_msgs/shape_msgs/msg/detail/mesh__rosidl_typesupport_introspection_c.h
-- Symlinking: /home/jiil/ur_ws/install/shape_msgs/include/shape_msgs/shape_msgs/msg/detail/mesh_triangle__rosidl_typesupport_introspection_c.h
-- Symlinking: /home/jiil/ur_ws/install/shape_msgs/include/shape_msgs/shape_msgs/msg/detail/plane__rosidl_typesupport_introspection_c.h
-- Symlinking: /home/jiil/ur_ws/install/shape_msgs/include/shape_msgs/shape_msgs/msg/detail/solid_primitive__rosidl_typesupport_introspection_c.h
-- Symlinking: /home/jiil/ur_ws/install/shape_msgs/include/shape_msgs/shape_msgs/msg/rosidl_typesupport_introspection_c__visibility_control.h
-- Symlinking: /home/jiil/ur_ws/install/shape_msgs/include/shape_msgs/shape_msgs/msg/detail/mesh__rosidl_typesupport_introspection_cpp.hpp
-- Symlinking: /home/jiil/ur_ws/install/shape_msgs/include/shape_msgs/shape_msgs/msg/detail/mesh_triangle__rosidl_typesupport_introspection_cpp.hpp
-- Symlinking: /home/jiil/ur_ws/install/shape_msgs/include/shape_msgs/shape_msgs/msg/detail/plane__rosidl_typesupport_introspection_cpp.hpp
-- Symlinking: /home/jiil/ur_ws/install/shape_msgs/include/shape_msgs/shape_msgs/msg/detail/solid_primitive__rosidl_typesupport_introspection_cpp.hpp
-- Symlinking: /home/jiil/ur_ws/install/shape_msgs/share/shape_msgs/environment/pythonpath.sh
-- Symlinking: /home/jiil/ur_ws/install/shape_msgs/share/shape_msgs/environment/pythonpath.dsv
-- Symlinking: /home/jiil/ur_ws/install/shape_msgs/local/lib/python3.12/dist-packages/shape_msgs-4.9.0-py3.12.egg-info/PKG-INFO
-- Symlinking: /home/jiil/ur_ws/install/shape_msgs/local/lib/python3.12/dist-packages/shape_msgs-4.9.0-py3.12.egg-info/SOURCES.txt
-- Symlinking: /home/jiil/ur_ws/install/shape_msgs/local/lib/python3.12/dist-packages/shape_msgs-4.9.0-py3.12.egg-info/dependency_links.txt
-- Symlinking: /home/jiil/ur_ws/install/shape_msgs/local/lib/python3.12/dist-packages/shape_msgs-4.9.0-py3.12.egg-info/top_level.txt
-- Symlinking: /home/jiil/ur_ws/install/shape_msgs/local/lib/python3.12/dist-packages/shape_msgs/__init__.py
-- Symlinking: /home/jiil/ur_ws/install/shape_msgs/local/lib/python3.12/dist-packages/shape_msgs/_shape_msgs_s.ep.rosidl_typesupport_c.c
-- Symlinking: /home/jiil/ur_ws/install/shape_msgs/local/lib/python3.12/dist-packages/shape_msgs/_shape_msgs_s.ep.rosidl_typesupport_fastrtps_c.c
-- Symlinking: /home/jiil/ur_ws/install/shape_msgs/local/lib/python3.12/dist-packages/shape_msgs/_shape_msgs_s.ep.rosidl_typesupport_introspection_c.c
-- Symlinking: /home/jiil/ur_ws/install/shape_msgs/local/lib/python3.12/dist-packages/shape_msgs/libshape_msgs__rosidl_generator_py.so
-- Symlinking: /home/jiil/ur_ws/install/shape_msgs/local/lib/python3.12/dist-packages/shape_msgs/msg/__init__.py
-- Symlinking: /home/jiil/ur_ws/install/shape_msgs/local/lib/python3.12/dist-packages/shape_msgs/msg/_mesh.py
-- Symlinking: /home/jiil/ur_ws/install/shape_msgs/local/lib/python3.12/dist-packages/shape_msgs/msg/_mesh_s.c
-- Symlinking: /home/jiil/ur_ws/install/shape_msgs/local/lib/python3.12/dist-packages/shape_msgs/msg/_mesh_triangle.py
-- Symlinking: /home/jiil/ur_ws/install/shape_msgs/local/lib/python3.12/dist-packages/shape_msgs/msg/_mesh_triangle_s.c
-- Symlinking: /home/jiil/ur_ws/install/shape_msgs/local/lib/python3.12/dist-packages/shape_msgs/msg/_plane.py
-- Symlinking: /home/jiil/ur_ws/install/shape_msgs/local/lib/python3.12/dist-packages/shape_msgs/msg/_plane_s.c
-- Symlinking: /home/jiil/ur_ws/install/shape_msgs/local/lib/python3.12/dist-packages/shape_msgs/msg/_solid_primitive.py
-- Symlinking: /home/jiil/ur_ws/install/shape_msgs/local/lib/python3.12/dist-packages/shape_msgs/msg/_solid_primitive_s.c
-- Symlinking: /home/jiil/ur_ws/install/shape_msgs/local/lib/python3.12/dist-packages/shape_msgs/shape_msgs_s__rosidl_typesupport_c.cpython-312-x86_64-linux-gnu.so
-- Symlinking: /home/jiil/ur_ws/install/shape_msgs/local/lib/python3.12/dist-packages/shape_msgs/shape_msgs_s__rosidl_typesupport_fastrtps_c.cpython-312-x86_64-linux-gnu.so
-- Symlinking: /home/jiil/ur_ws/install/shape_msgs/local/lib/python3.12/dist-packages/shape_msgs/shape_msgs_s__rosidl_typesupport_introspection_c.cpython-312-x86_64-linux-gnu.so
-- Up-to-date symlink: /home/jiil/ur_ws/install/shape_msgs/local/lib/python3.12/dist-packages/shape_msgs/shape_msgs_s__rosidl_typesupport_introspection_c.cpython-312-x86_64-linux-gnu.so
-- Up-to-date symlink: /home/jiil/ur_ws/install/shape_msgs/local/lib/python3.12/dist-packages/shape_msgs/shape_msgs_s__rosidl_typesupport_fastrtps_c.cpython-312-x86_64-linux-gnu.so
-- Up-to-date symlink: /home/jiil/ur_ws/install/shape_msgs/local/lib/python3.12/dist-packages/shape_msgs/shape_msgs_s__rosidl_typesupport_c.cpython-312-x86_64-linux-gnu.so
-- Symlinking: /home/jiil/ur_ws/install/shape_msgs/share/shape_msgs/msg/Mesh.idl
-- Symlinking: /home/jiil/ur_ws/install/shape_msgs/share/shape_msgs/msg/MeshTriangle.idl
-- Symlinking: /home/jiil/ur_ws/install/shape_msgs/share/shape_msgs/msg/Plane.idl
-- Symlinking: /home/jiil/ur_ws/install/shape_msgs/share/shape_msgs/msg/SolidPrimitive.idl
-- Symlinking: /home/jiil/ur_ws/install/shape_msgs/share/shape_msgs/msg/Mesh.msg
-- Symlinking: /home/jiil/ur_ws/install/shape_msgs/share/shape_msgs/msg/MeshTriangle.msg
-- Symlinking: /home/jiil/ur_ws/install/shape_msgs/share/shape_msgs/msg/Plane.msg
-- Symlinking: /home/jiil/ur_ws/install/shape_msgs/share/shape_msgs/msg/SolidPrimitive.msg
-- Symlinking: /home/jiil/ur_ws/install/shape_msgs/share/ament_index/resource_index/package_run_dependencies/shape_msgs
-- Symlinking: /home/jiil/ur_ws/install/shape_msgs/share/ament_index/resource_index/parent_prefix_path/shape_msgs
-- Symlinking: /home/jiil/ur_ws/install/shape_msgs/share/shape_msgs/environment/ament_prefix_path.sh
-- Symlinking: /home/jiil/ur_ws/install/shape_msgs/share/shape_msgs/environment/ament_prefix_path.dsv
-- Symlinking: /home/jiil/ur_ws/install/shape_msgs/share/shape_msgs/environment/path.sh
-- Symlinking: /home/jiil/ur_ws/install/shape_msgs/share/shape_msgs/environment/path.dsv
-- Symlinking: /home/jiil/ur_ws/install/shape_msgs/share/shape_msgs/local_setup.bash
-- Symlinking: /home/jiil/ur_ws/install/shape_msgs/share/shape_msgs/local_setup.sh
-- Symlinking: /home/jiil/ur_ws/install/shape_msgs/share/shape_msgs/local_setup.zsh
-- Symlinking: /home/jiil/ur_ws/install/shape_msgs/share/shape_msgs/local_setup.dsv
-- Symlinking: /home/jiil/ur_ws/install/shape_msgs/share/shape_msgs/package.dsv
-- Symlinking: /home/jiil/ur_ws/install/shape_msgs/share/ament_index/resource_index/packages/shape_msgs
-- Symlinking: /home/jiil/ur_ws/install/shape_msgs/share/shape_msgs/cmake/rosidl_cmake-extras.cmake
-- Symlinking: /home/jiil/ur_ws/install/shape_msgs/share/shape_msgs/cmake/ament_cmake_export_dependencies-extras.cmake
-- Symlinking: /home/jiil/ur_ws/install/shape_msgs/share/shape_msgs/cmake/ament_cmake_export_include_directories-extras.cmake
-- Symlinking: /home/jiil/ur_ws/install/shape_msgs/share/shape_msgs/cmake/ament_cmake_export_libraries-extras.cmake
-- Symlinking: /home/jiil/ur_ws/install/shape_msgs/share/shape_msgs/cmake/ament_cmake_export_targets-extras.cmake
-- Symlinking: /home/jiil/ur_ws/install/shape_msgs/share/shape_msgs/cmake/rosidl_cmake_export_typesupport_targets-extras.cmake
-- Symlinking: /home/jiil/ur_ws/install/shape_msgs/share/shape_msgs/cmake/rosidl_cmake_export_typesupport_libraries-extras.cmake
-- Symlinking: /home/jiil/ur_ws/install/shape_msgs/share/shape_msgs/cmake/shape_msgsConfig.cmake
-- Symlinking: /home/jiil/ur_ws/install/shape_msgs/share/shape_msgs/cmake/shape_msgsConfig-version.cmake
-- Symlinking: /home/jiil/ur_ws/install/shape_msgs/share/shape_msgs/package.xml
-- Installing: /home/jiil/ur_ws/install/shape_msgs/lib/libshape_msgs__rosidl_generator_c.so
-- Set non-toolchain portion of runtime path of "/home/jiil/ur_ws/install/shape_msgs/lib/libshape_msgs__rosidl_generator_c.so" to ""
-- Installing: /home/jiil/ur_ws/install/shape_msgs/lib/libshape_msgs__rosidl_typesupport_fastrtps_c.so
-- Set non-toolchain portion of runtime path of "/home/jiil/ur_ws/install/shape_msgs/lib/libshape_msgs__rosidl_typesupport_fastrtps_c.so" to ""
-- Installing: /home/jiil/ur_ws/install/shape_msgs/lib/libshape_msgs__rosidl_typesupport_fastrtps_cpp.so
-- Set non-toolchain portion of runtime path of "/home/jiil/ur_ws/install/shape_msgs/lib/libshape_msgs__rosidl_typesupport_fastrtps_cpp.so" to ""
-- Installing: /home/jiil/ur_ws/install/shape_msgs/lib/libshape_msgs__rosidl_typesupport_introspection_c.so
-- Set non-toolchain portion of runtime path of "/home/jiil/ur_ws/install/shape_msgs/lib/libshape_msgs__rosidl_typesupport_introspection_c.so" to ""
-- Installing: /home/jiil/ur_ws/install/shape_msgs/lib/libshape_msgs__rosidl_typesupport_c.so
-- Set non-toolchain portion of runtime path of "/home/jiil/ur_ws/install/shape_msgs/lib/libshape_msgs__rosidl_typesupport_c.so" to ""
-- Installing: /home/jiil/ur_ws/install/shape_msgs/lib/libshape_msgs__rosidl_typesupport_introspection_cpp.so
-- Set non-toolchain portion of runtime path of "/home/jiil/ur_ws/install/shape_msgs/lib/libshape_msgs__rosidl_typesupport_introspection_cpp.so" to ""
-- Installing: /home/jiil/ur_ws/install/shape_msgs/lib/libshape_msgs__rosidl_typesupport_cpp.so
-- Set non-toolchain portion of runtime path of "/home/jiil/ur_ws/install/shape_msgs/lib/libshape_msgs__rosidl_typesupport_cpp.so" to ""
Listing '/home/jiil/ur_ws/install/shape_msgs/local/lib/python3.12/dist-packages/shape_msgs'...
Compiling '/home/jiil/ur_ws/install/shape_msgs/local/lib/python3.12/dist-packages/shape_msgs/__init__.py'...
Listing '/home/jiil/ur_ws/install/shape_msgs/local/lib/python3.12/dist-packages/shape_msgs/msg'...
Compiling '/home/jiil/ur_ws/install/shape_msgs/local/lib/python3.12/dist-packages/shape_msgs/msg/__init__.py'...
Compiling '/home/jiil/ur_ws/install/shape_msgs/local/lib/python3.12/dist-packages/shape_msgs/msg/_mesh.py'...
Compiling '/home/jiil/ur_ws/install/shape_msgs/local/lib/python3.12/dist-packages/shape_msgs/msg/_mesh_triangle.py'...
Compiling '/home/jiil/ur_ws/install/shape_msgs/local/lib/python3.12/dist-packages/shape_msgs/msg/_plane.py'...
Compiling '/home/jiil/ur_ws/install/shape_msgs/local/lib/python3.12/dist-packages/shape_msgs/msg/_solid_primitive.py'...
-- Installing: /home/jiil/ur_ws/install/shape_msgs/lib/libshape_msgs__rosidl_generator_py.so
-- Set non-toolchain portion of runtime path of "/home/jiil/ur_ws/install/shape_msgs/lib/libshape_msgs__rosidl_generator_py.so" to ""
-- Installing: /home/jiil/ur_ws/install/shape_msgs/share/shape_msgs/cmake/export_shape_msgs__rosidl_generator_cExport.cmake
-- Installing: /home/jiil/ur_ws/install/shape_msgs/share/shape_msgs/cmake/export_shape_msgs__rosidl_generator_cExport-release.cmake
-- Installing: /home/jiil/ur_ws/install/shape_msgs/share/shape_msgs/cmake/export_shape_msgs__rosidl_typesupport_fastrtps_cExport.cmake
-- Installing: /home/jiil/ur_ws/install/shape_msgs/share/shape_msgs/cmake/export_shape_msgs__rosidl_typesupport_fastrtps_cExport-release.cmake
-- Installing: /home/jiil/ur_ws/install/shape_msgs/share/shape_msgs/cmake/export_shape_msgs__rosidl_generator_cppExport.cmake
-- Installing: /home/jiil/ur_ws/install/shape_msgs/share/shape_msgs/cmake/export_shape_msgs__rosidl_typesupport_fastrtps_cppExport.cmake
-- Installing: /home/jiil/ur_ws/install/shape_msgs/share/shape_msgs/cmake/export_shape_msgs__rosidl_typesupport_fastrtps_cppExport-release.cmake
-- Installing: /home/jiil/ur_ws/install/shape_msgs/share/shape_msgs/cmake/shape_msgs__rosidl_typesupport_introspection_cExport.cmake
-- Installing: /home/jiil/ur_ws/install/shape_msgs/share/shape_msgs/cmake/shape_msgs__rosidl_typesupport_introspection_cExport-release.cmake
-- Installing: /home/jiil/ur_ws/install/shape_msgs/share/shape_msgs/cmake/shape_msgs__rosidl_typesupport_cExport.cmake
-- Installing: /home/jiil/ur_ws/install/shape_msgs/share/shape_msgs/cmake/shape_msgs__rosidl_typesupport_cExport-release.cmake
-- Installing: /home/jiil/ur_ws/install/shape_msgs/share/shape_msgs/cmake/shape_msgs__rosidl_typesupport_introspection_cppExport.cmake
-- Installing: /home/jiil/ur_ws/install/shape_msgs/share/shape_msgs/cmake/shape_msgs__rosidl_typesupport_introspection_cppExport-release.cmake
-- Installing: /home/jiil/ur_ws/install/shape_msgs/share/shape_msgs/cmake/shape_msgs__rosidl_typesupport_cppExport.cmake
-- Installing: /home/jiil/ur_ws/install/shape_msgs/share/shape_msgs/cmake/shape_msgs__rosidl_typesupport_cppExport-release.cmake
-- Installing: /home/jiil/ur_ws/install/shape_msgs/share/shape_msgs/cmake/export_shape_msgs__rosidl_generator_pyExport.cmake
-- Installing: /home/jiil/ur_ws/install/shape_msgs/share/shape_msgs/cmake/export_shape_msgs__rosidl_generator_pyExport-release.cmake
